
=== folder 71: CSCI3022 - University of Colorado Boulder
    https://home.cs.colorado.edu/~ketelsen/files/courses/csci3022/slides/
[fetch] https://home.cs.colorado.edu/~ketelsen/files/courses/csci3022/slides/
[fetch] status=200 rendered=False
[extract] found 26 slide link(s)
    downloaded=26 skipped=0 -> 26 deck file(s) on disk

=== folder 72: MACM101 - Simon Fraser University
    https://www2.cs.sfu.ca/CourseCentral/101.MACM/ramesh/lectureslides.html
[fetch] https://www2.cs.sfu.ca/CourseCentral/101.MACM/ramesh/lectureslides.html
[fetch] status=200 rendered=False
[extract] found 28 slide link(s)
    downloaded=28 skipped=0 -> 28 deck file(s) on disk

=== folder 73: CS6360 - University of Texas at Dallas
    https://utdallas.edu/~muratk/courses/db08.htm
[fetch] https://utdallas.edu/~muratk/courses/db08.htm
[fetch] status=200 rendered=False
[extract] found 18 slide link(s)
    downloaded=2 skipped=0 -> 2 deck file(s) on disk

appended 3 row(s) to /home/b-ysonale/slidefetch/rated70/manifest.csv

SUMMARY:
  71  CSCI3022 - University of Colorado Boulde decks=26
  72  MACM101 - Simon Fraser University        decks=28
  73  CS6360 - University of Texas at Dallas   decks=2
