nohup: ignoring input
70 courses -> manifest at /home/b-ysonale/slidefetch/rated70/manifest.csv
[fetch] https://pages.astronomy.ua.edu/jairwin/AY101/AY101.html
[fetch] status=200 rendered=False
[extract] found 51 slide link(s)
[01/70] AY101 - University of Alabama      decks=0 skipped=45  https://pages.astronomy.ua.edu/jairwin/AY101/AY101
[fetch] https://www.cs.cmu.edu/~15122/handouts.shtml
[fetch] status=200 rendered=False
[extract] found 55 slide link(s)
[02/70] CS15122 - Carnegie Mellon Universi decks=15 skipped=40  https://www.cs.cmu.edu/~15122/handouts.shtml
[fetch] https://www.cs.cornell.edu/courses/cs2110/2026sp/
[fetch] status=200 rendered=False
[extract] found 28 slide link(s)
[03/70] CS2110 - Cornell University        decks=28 skipped=0  https://www.cs.cornell.edu/courses/cs2110/2026sp/
[fetch] https://www.khoury.northeastern.edu/home/vip/teach/Algorithms/html/aboutcs5800_mod.html
[fetch] status=200 rendered=False
[extract] found 0 slide link(s)
[follow] no slides here; checking 1 sub-page(s)
[follow] https://www.khoury.northeastern.edu/home/vip/teach/Algorithms/html/schedulen_mod.html
[follow] +27 slide link(s)
[extract] 27 slide link(s) after following
[04/70] CS5800 - Northeastern University   decks=18 skipped=0  https://www.khoury.northeastern.edu/home/vip/teach
[fetch] https://www3.cs.stonybrook.edu/~pfodor/courses/cse114.html
[fetch] status=200 rendered=False
[extract] found 0 slide link(s)
[05/70] CSE114 - Stony Brook University    decks=0 skipped=0  https://www3.cs.stonybrook.edu/~pfodor/courses/cse
[fetch] https://www.cs.cmu.edu/~15122
[fetch] status=200 rendered=False
[extract] found 0 slide link(s)
[follow] no slides here; checking 1 sub-page(s)
[follow] https://www.cs.cmu.edu/schedule.shtml
[extract] 0 slide link(s) after following
[06/70] CS122 - Carnegie Mellon University decks=0 skipped=0  https://www.cs.cmu.edu/~15122
[fetch] https://courses.cs.duke.edu/spring26/compsci201/sec02
[fetch] status=200 rendered=False
[extract] found 0 slide link(s)
[follow] no slides here; checking 2 sub-page(s)
[follow] https://courses.cs.duke.edu/spring26/compsci201/sec02/schedule.html
[follow] +4 slide link(s)
[follow] https://courses.cs.duke.edu/spring26/compsci201/sec02/resources.html
[extract] 4 slide link(s) after following
[07/70] CS201 - Duke University            decks=4 skipped=0  https://courses.cs.duke.edu/spring26/compsci201/se
[fetch] https://faculty.cc.gatech.edu/~hays/compvision
[fetch] status=200 rendered=False
[extract] found 50 slide link(s)
[08/70] CS4476 - Georgia Institute of Tech decks=0 skipped=0  https://faculty.cc.gatech.edu/~hays/compvision
[09/70] CAP5510 - University of Florida    decks=1 skipped=0  https://www.cise.ufl.edu/~tamer/teaching/fall2025/
[fetch] https://cis-linux1.temple.edu/~latecki/Courses/CIS2166-Spring25/
[fetch] status=200 rendered=False
[extract] found 0 slide link(s)
[follow] no slides here; checking 1 sub-page(s)
[follow] https://cis-linux1.temple.edu/~latecki/Courses/CIS2166-Spring25/scheduleCIS2166.html
[follow] +13 slide link(s)
[extract] 13 slide link(s) after following
[10/70] CIS2166 - Temple University        decks=13 skipped=0  https://cis-linux1.temple.edu/~latecki/Courses/CIS
[fetch] https://github.com/kmoreland126/COMP-3500
[fetch] status=200 rendered=False
[extract] found 0 slide link(s)
[follow] no slides here; checking 6 sub-page(s)
[follow] https://github.com/kmoreland126/COMP-3500/tree/main/Lectures
[follow] +8 slide link(s)
[follow] https://github.com/resources/articles?topic=ai
[follow] https://github.com/resources/articles?topic=software-development
[follow] https://github.com/resources/articles?topic=devops
[follow] https://github.com/resources/articles?topic=security
[follow] https://github.com/resources/articles
[extract] 8 slide link(s) after following
[11/70] COMP3500 - Auburn University       decks=8 skipped=0  https://github.com/kmoreland126/COMP-3500
[12/70] CS449 - University of Pittsburgh   decks=1 skipped=0  https://cs0449.gitlab.io/fa2025/slides/01_CS449_In
[fetch] http://www.csc.villanova.edu/~enwafor/database/
[fetch] status=200 rendered=False
[extract] found 14 slide link(s)
[13/70] CSC4480 - Villanova University     decks=14 skipped=0  http://www.csc.villanova.edu/~enwafor/database/
[fetch] https://cseweb.ucsd.edu/classes/sp25/cse11-a/
[fetch] status=200 rendered=False
[extract] found 18 slide link(s)
[14/70] CSE11 - University of California,  decks=18 skipped=0  https://cseweb.ucsd.edu/classes/sp25/cse11-a/
[fetch] https://www.seclab.cs.sunysb.edu/sekar/cse150/
[fetch] status=200 rendered=False
[extract] found 1 slide link(s)
[15/70] CSE150 - Stony Brook University    decks=1 skipped=0  https://www.seclab.cs.sunysb.edu/sekar/cse150/
[fetch] https://cseweb.ucsd.edu/classes/fa25/cse252A-a/
[fetch] status=200 rendered=False
[extract] found 18 slide link(s)
[16/70] CSE252A - University of California decks=18 skipped=0  https://cseweb.ucsd.edu/classes/fa25/cse252A-a/
[17/70] EC365 - Boston University          decks=1 skipped=0  https://jamesfeigenbaum.github.io/lectures/ec365/s
[fetch] https://info4940.infosci.cornell.edu/
[fetch] status=200 rendered=False
[extract] found 23 slide link(s)
[18/70] INFO4940 - Cornell University      decks=22 skipped=0  https://info4940.infosci.cornell.edu/
[fetch] https://faculty.cc.gatech.edu/~zk15/teaching/AY2025_cs7643_spring/index.html
[fetch] status=200 rendered=False
[extract] found 29 slide link(s)
[19/70] CS7643 - Georgia Institute of Tech decks=28 skipped=0  https://faculty.cc.gatech.edu/~zk15/teaching/AY202
[20/70] CS3853 - University of Texas at Sa decks=1 skipped=0  https://wwang.github.io/teaching/slides/Comp_Arch/
[fetch] https://pages.cs.wisc.edu/~oliphant/cs537-sp24/
[fetch] status=200 rendered=False
[extract] found 0 slide link(s)
[follow] no slides here; checking 2 sub-page(s)
[follow] https://pages.cs.wisc.edu/~oliphant/cs537-sp24/slides/
[follow] +27 slide link(s)
[follow] https://pages.cs.wisc.edu/~oliphant/cs537-sp24/schedule.html
[extract] 27 slide link(s) after following
[21/70] CS537 - University of Wisconsin-Ma decks=27 skipped=0  https://pages.cs.wisc.edu/~oliphant/cs537-sp24/
[fetch] https://www.cs.rpi.edu/academics/courses/fall24/csci4430/
[fetch] status=200 rendered=False
[extract] found 41 slide link(s)
[22/70] CSCI4430 - Rensselaer Polytechnic  decks=41 skipped=0  https://www.cs.rpi.edu/academics/courses/fall24/cs
[23/70] CSCI567 - University of Southern C decks=1 skipped=0  https://usc-tamagotchi.github.io/csci-567/24f/slid
[fetch] https://github.com/HaoyueXU99/USC-DSCI-553-Fall23/tree/main/Slides
[fetch] status=200 rendered=False
[extract] found 0 slide link(s)
[follow] no slides here; checking 6 sub-page(s)
[follow] https://github.com/HaoyueXU99/USC-DSCI-553-Fall23/commits/main/Slides
[follow] https://github.com/HaoyueXU99/USC-DSCI-553-Fall23/tree/main/Slides/Week%201
[follow] +2 slide link(s)
[follow] https://github.com/HaoyueXU99/USC-DSCI-553-Fall23/tree/main/Slides/Week%2010
[follow] +1 slide link(s)
[follow] https://github.com/HaoyueXU99/USC-DSCI-553-Fall23/tree/main/Slides/Week%2011
[follow] +1 slide link(s)
[follow] https://github.com/HaoyueXU99/USC-DSCI-553-Fall23/tree/main/Slides/Week%2012
[follow] +1 slide link(s)
[follow] https://github.com/HaoyueXU99/USC-DSCI-553-Fall23/tree/main/Slides/Week%2013
[follow] +1 slide link(s)
[extract] 6 slide link(s) after following
[24/70] DSCI553 - University of Southern C decks=6 skipped=0  https://github.com/HaoyueXU99/USC-DSCI-553-Fall23/
[25/70] 3DB3 - McMaster University         decks=1 skipped=0  https://notes.aarnphm.xyz/thoughts/university/twen
[fetch] https://ryanzhumich.github.io/442.html
[fetch] status=200 rendered=False
[extract] found 0 slide link(s)
[26/70] CS442 - Penn State University      decks=0 skipped=0  https://ryanzhumich.github.io/442.html
[fetch] https://people.duke.edu/~tkb13/courses/ece560-2024fa
[fetch] status=200 rendered=False
[extract] found 18 slide link(s)
[27/70] ECE560 - Duke University           decks=0 skipped=0  https://people.duke.edu/~tkb13/courses/ece560-2024
[fetch] https://huichen-cs.github.io/course/CISC3171/23SP/syllabus/
[fetch] status=200 rendered=False
[extract] found 0 slide link(s)
[follow] no slides here; checking 2 sub-page(s)
[follow] https://huichen-cs.github.io/course/CISC3171/23SP/schedule/
[follow] +27 slide link(s)
[follow] https://huichen-cs.github.io/course/CISC3171/23SP/resources/
[extract] 27 slide link(s) after following
[28/70] CISC3171 - Brooklyn College        decks=26 skipped=0  https://huichen-cs.github.io/course/CISC3171/23SP/
[fetch] https://www2.cs.uh.edu/~acl/cs1336/Resource/index.html
[fetch] status=200 rendered=False
[extract] found 17 slide link(s)
[29/70] COSC1306 - University of Houston   decks=17 skipped=0  https://www2.cs.uh.edu/~acl/cs1336/Resource/index.
[fetch] https://www.cs.cmu.edu/~112-f23/
[fetch] status=200 rendered=False
[extract] found 0 slide link(s)
[follow] no slides here; checking 1 sub-page(s)
[follow] https://www.cs.cmu.edu/~112-f23/schedule.html
[follow] +44 slide link(s)
[extract] 44 slide link(s) after following
[30/70] CS15112 - Carnegie Mellon Universi decks=44 skipped=0  https://www.cs.cmu.edu/~112-f23/
[fetch] https://sites.gatech.edu/cse6220fall24/
[fetch] status=200 rendered=False
[extract] found 22 slide link(s)
[31/70] CX4220 - Georgia Institute of Tech decks=22 skipped=0  https://sites.gatech.edu/cse6220fall24/
[32/70] CS104 - University of Southern Cal decks=1 skipped=0  https://ee.usc.edu/~redekopp/cs104/slides/L01_Over
[fetch] https://www.cs.cornell.edu/courses/cs4450/2022fa/schedule.html
[fetch] status=200 rendered=False
[extract] found 28 slide link(s)
[33/70] CS4450 - Cornell University        decks=28 skipped=0  https://www.cs.cornell.edu/courses/cs4450/2022fa/s
[fetch] https://reed.cs.depaul.edu/lperkovic/csc241/
[fetch] status=200 rendered=False
[extract] found 2 slide link(s)
[34/70] CSC241 - DePaul University         decks=0 skipped=0  https://reed.cs.depaul.edu/lperkovic/csc241/
[fetch] https://www.cs.mcgill.ca/~jeromew/comp251.html
[fetch] status=200 rendered=False
[extract] found 25 slide link(s)
[35/70] COMP251 - McGill University        decks=25 skipped=0  https://www.cs.mcgill.ca/~jeromew/comp251.html
[fetch] https://www.utdallas.edu/~nicholas.ruozzi/cs6375/2022sp/
[fetch] status=200 rendered=False
[extract] found 21 slide link(s)
[36/70] CS6375 - University of Texas at Da decks=0 skipped=0  https://www.utdallas.edu/~nicholas.ruozzi/cs6375/2
[fetch] https://harvard-iacs.github.io/2022-CS109B/pages/syllabus.html
[fetch] status=200 rendered=False
[extract] found 0 slide link(s)
[follow] no slides here; checking 2 sub-page(s)
[follow] https://harvard-iacs.github.io/2022-CS109B/pages/schedule.html
[follow] https://harvard-iacs.github.io/2022-CS109B/pages/materials.html
[follow] +1 slide link(s)
[extract] 1 slide link(s) after following
[37/70] CSCIE109B - Harvard University     decks=0 skipped=0  https://harvard-iacs.github.io/2022-CS109B/pages/s
[fetch] https://facultyweb.kennesaw.edu/ykang4/math2202.php
[fetch] status=200 rendered=True
[extract] found 0 slide link(s)
[38/70] CALC2202 - Kennesaw State Universi decks=0 skipped=0  https://facultyweb.kennesaw.edu/ykang4/math2202.ph
[fetch] https://ucsb-cs16.github.io/w20/info/syllabus/
[fetch] status=200 rendered=False
[extract] found 0 slide link(s)
[follow] no slides here; checking 5 sub-page(s)
[follow] https://ucsb-cs16.github.io/f21/lectures/
[follow] +1 slide link(s)
[follow] https://ucsb-cs16.github.io/w20/lectures/
[follow] +33 slide link(s)
[follow] https://ucsb-cs16.github.io/f21/info/calendar/
[follow] https://ucsb-cs16.github.io/w20/info/calendar/
[follow] https://ucsb-cs16.github.io/f19/info/schedule/
[extract] 34 slide link(s) after following
[39/70] CMPSC16 - University of California decks=32 skipped=0  https://ucsb-cs16.github.io/w20/info/syllabus/
[fetch] http://www.databaselecture.com/
[fetch] status=200 rendered=False
[extract] found 5 slide link(s)
[40/70] CS4320 - Cornell University        decks=5 skipped=0  http://www.databaselecture.com/
[41/70] CSC134 - California State Universi decks=1 skipped=0  https://zedchance.github.io/notes/134-6.pdf
[fetch] https://github.com/xiangmind/csi_1430
[fetch] status=200 rendered=False
[extract] found 0 slide link(s)
[follow] no slides here; checking 6 sub-page(s)
[follow] https://github.com/resources/articles?topic=ai
[follow] https://github.com/resources/articles?topic=software-development
[follow] https://github.com/resources/articles?topic=devops
[follow] https://github.com/resources/articles?topic=security
[follow] https://github.com/resources/articles
[follow] https://github.com/resources/events
[extract] 0 slide link(s) after following
[42/70] CSI1430 - Baylor University        decks=0 skipped=0  https://github.com/xiangmind/csi_1430
[fetch] https://github.com/gscholer/OIM3690-resources/blob/main/slides
[fetch] status=200 rendered=False
[extract] found 24 slide link(s)
[43/70] MIS3690 - Babson College           decks=24 skipped=0  https://github.com/gscholer/OIM3690-resources/blob
[fetch] https://github.com/PSUCMPSC311/psucmpsc311.github.io
[fetch] status=200 rendered=False
[extract] found 5 slide link(s)
[44/70] CMPSC311 - Penn State University   decks=5 skipped=0  https://github.com/PSUCMPSC311/psucmpsc311.github.
[fetch] https://github.com/maxkrieger2000/cap4053-student-materials/tree/main/Lecture%20Slides
[fetch] status=200 rendered=False
[extract] found 18 slide link(s)
[45/70] CAP4053 - University of Florida    decks=18 skipped=0  https://github.com/maxkrieger2000/cap4053-student-
[fetch] https://github.com/Mcdonoughd/CH1020/tree/master/Class%20Slides/Lecture%20Slides
[fetch] status=200 rendered=False
[extract] found 5 slide link(s)
[46/70] CH1020 - Worcester Polytechnic Ins decks=5 skipped=0  https://github.com/Mcdonoughd/CH1020/tree/master/C
[fetch] https://academicworks.cuny.edu/bb_oers/5/
[fetch] status=200 rendered=False
[extract] found 0 slide link(s)
[follow] no slides here; checking 3 sub-page(s)
[follow] https://academicworks.cuny.edu/context/bb_oers/article/1008/type/native/viewcontent
[follow] https://academicworks.cuny.edu/bb_oers
[follow] https://academicworks.cuny.edu/oers
[extract] 0 slide link(s) after following
[47/70] CIS3550 - Baruch College           decks=0 skipped=0  https://academicworks.cuny.edu/bb_oers/5/
[fetch] https://libguides.brooklyn.cuny.edu/cisc3130/schedule
[fetch] status=200 rendered=False
[extract] found 0 slide link(s)
[48/70] CISC3130 - Brooklyn College        decks=0 skipped=0  https://libguides.brooklyn.cuny.edu/cisc3130/sched
[fetch] https://sites.bu.edu/engcourses/ek307/
[fetch] status=200 rendered=False
[extract] found 17 slide link(s)
[49/70] EK307 - Boston University          decks=17 skipped=0  https://sites.bu.edu/engcourses/ek307/
[50/70] CS1331 - Georgia Institute of Tech decks=1 skipped=0  https://cs1331.gitlab.io/slides/introduction.pdf
[51/70] CS200 - University of Wisconsin-Ma decks=1 skipped=0  https://pages.cs.wisc.edu/~vinitskys/cs200_files/l
[fetch] https://www3.cs.stonybrook.edu/~pfodor/courses/cse307.html
[fetch] status=200 rendered=False
[extract] found 0 slide link(s)
[52/70] CSE307 - Stony Brook University    decks=0 skipped=0  https://www3.cs.stonybrook.edu/~pfodor/courses/cse
[fetch] https://www.cs.unc.edu/~porter/courses/comp411/s18/syllabus.html
[fetch] status=200 rendered=False
[extract] found 20 slide link(s)
[53/70] COMP411 - University of North Caro decks=20 skipped=0  https://www.cs.unc.edu/~porter/courses/comp411/s18
[fetch] https://github.com/ucsb-cs64-f18/ucsb-cs64-f18.github.io/tree/master/_lectures
[fetch] status=200 rendered=False
[extract] found 16 slide link(s)
[54/70] CS64 - University of California, S decks=16 skipped=0  https://github.com/ucsb-cs64-f18/ucsb-cs64-f18.git
[fetch] https://tigerweb.towson.edu/btaylor/cosc175/syllabus/syll_175fa16.html
[fetch] status=200 rendered=False
[extract] found 8 slide link(s)
[55/70] COSC175 - Towson University        decks=8 skipped=0  https://tigerweb.towson.edu/btaylor/cosc175/syllab
[fetch] http://www.cs.toronto.edu/~guerzhoy/180f16/
[fetch] status=200 rendered=False
[extract] found 130 slide link(s)
[56/70] CSC180 - University of Toronto     decks=5 skipped=0  http://www.cs.toronto.edu/~guerzhoy/180f16/
[fetch] https://www3.cs.stonybrook.edu/~pfodor/courses/cse215.html
[fetch] status=200 rendered=False
[extract] found 0 slide link(s)
[57/70] CSE215 - Stony Brook University    decks=0 skipped=0  https://www3.cs.stonybrook.edu/~pfodor/courses/cse
[fetch] https://sites.psu.edu/fcet/lecture-notes/
[fetch] status=200 rendered=False
[extract] found 23 slide link(s)
[58/70] CHE220 - Penn State University     decks=23 skipped=0  https://sites.psu.edu/fcet/lecture-notes/
[fetch] http://www2.ensc.sfu.ca/~lshannon/courses/ensc251/lecture_sets.html
[fetch] status=200 rendered=False
[extract] found 12 slide link(s)
[59/70] ENSC251 - Simon Fraser University  decks=12 skipped=0  http://www2.ensc.sfu.ca/~lshannon/courses/ensc251/
[fetch] https://cim.mcgill.ca/~langer/557.html
[fetch] status=200 rendered=False
[extract] found 46 slide link(s)
[60/70] COMP557 - McGill University        decks=45 skipped=0  https://cim.mcgill.ca/~langer/557.html
[fetch] https://www.site.uottawa.ca/~diana/iti1120/
[fetch] status=200 rendered=False
[extract] found 2 slide link(s)
[61/70] ITI1120 - University of Ottawa     decks=2 skipped=0  https://www.site.uottawa.ca/~diana/iti1120/
[62/70] BNFO135 - New Jersey Institute of  decks=1 skipped=0  https://web.njit.edu/~usman/courses/bnfo135_fall12
[fetch] http://www.sci.brooklyn.cuny.edu/~meyer/CISC1600/
[fetch] status=200 rendered=False
[extract] found 0 slide link(s)
[follow] no slides here; checking 1 sub-page(s)
[follow] http://www.sci.brooklyn.cuny.edu/~meyer/calendar.html
[extract] 0 slide link(s) after following
[63/70] CISC1600 - Brooklyn College        decks=0 skipped=0  http://www.sci.brooklyn.cuny.edu/~meyer/CISC1600/
[fetch] https://www.sfu.ca/~swoodcoc/teaching/sp2011/buec333/lectures.htm
[fetch] status=200 rendered=False
[extract] found 18 slide link(s)
[64/70] BUEC333 - Simon Fraser University  decks=0 skipped=0  https://www.sfu.ca/~swoodcoc/teaching/sp2011/buec3
[fetch] https://webhome.auburn.edu/~garriro/2syl11spring.htm
[fetch] status=200 rendered=False
[extract] found 27 slide link(s)
[65/70] ECON2030 - Auburn University       decks=27 skipped=0  https://webhome.auburn.edu/~garriro/2syl11spring.h
[66/70] CSE342 - Lehigh University         decks=1 skipped=0  https://www.cse.lehigh.edu/~chuah/courses/cse342/W
[fetch] http://class.ece.iastate.edu/ee230
[fetch] status=200 rendered=False
[extract] found 86 slide link(s)
[67/70] EE230 - Iowa State University      decks=0 skipped=0  http://class.ece.iastate.edu/ee230
[68/70] CEG402 - Wright State University   decks=1 skipped=0  https://cecs.wright.edu/~bwang/course/ceg402/Lectu
[69/70] COMS207 - Iowa State University    decks=0 skipped=0  https://home.engineering.iastate.edu/alexs/classes
[fetch] https://people.cs.pitt.edu/~wiebe/courses/CS1502/lectures/
[fetch] status=200 rendered=False
[extract] found 1 slide link(s)
[70/70] CS1502 - University of Pittsburgh  decks=1 skipped=0  https://people.cs.pitt.edu/~wiebe/courses/CS1502/l

DONE. downloaded 701 deck files into /home/b-ysonale/slidefetch/rated70/NN/
