nohup: ignoring input
scanning 275 course folders / 6862 decks under /home/b-ysonale/slidefetch/rated4ccr

converting+rendering 1621 PowerPoint decks to PNG via LibreOffice (8 workers, 41 chunks) ...
  ppt 40/1621 rendered=40
  ppt 80/1621 rendered=80
  ppt 120/1621 rendered=120
  ppt 160/1621 rendered=160
  ppt 200/1621 rendered=200
  ppt 240/1621 rendered=240
  ppt 280/1621 rendered=280
  ppt 320/1621 rendered=320
  ppt 360/1621 rendered=360
  ppt 400/1621 rendered=400
  ppt 440/1621 rendered=440
  ppt 480/1621 rendered=480
  ppt 520/1621 rendered=520
  ppt 560/1621 rendered=560
  ppt 600/1621 rendered=600
  ppt 640/1621 rendered=640
  ppt 680/1621 rendered=680
  ppt 720/1621 rendered=720
  ppt 760/1621 rendered=760
  ppt 800/1621 rendered=800
  ppt 840/1621 rendered=840
  ppt 880/1621 rendered=880
  ppt 920/1621 rendered=920
  ppt 960/1621 rendered=960
  ppt 1000/1621 rendered=1000
  ppt 1040/1621 rendered=1040
  ppt 1080/1621 rendered=1080
  ppt 1120/1621 rendered=1120
  ppt 1160/1621 rendered=1160
  ppt 1200/1621 rendered=1200
  ppt 1240/1621 rendered=1240
  ppt 1280/1621 rendered=1280
  ppt 1320/1621 rendered=1320
  ppt 1360/1621 rendered=1360
  ppt 1400/1621 rendered=1400
  ppt 1440/1621 rendered=1440
  ppt 1480/1621 rendered=1480
  ppt 1520/1621 rendered=1520
  ppt 1560/1621 rendered=1560
  ppt 1581/1621 rendered=1581
  ppt 1621/1621 rendered=1621

  measured 500/6862
  measured 1000/6862
  measured 1500/6862
  measured 2000/6862
  measured 2500/6862
  measured 3000/6862
  measured 3500/6862
  measured 4000/6862
  measured 4500/6862
  measured 5000/6862
  measured 5500/6862
  measured 6000/6862
  measured 6500/6862

========================================================================
decks scanned: 6862  (pdf=5241 pptx=898 ppt=723)
documents found: 1399 across 115 course(s)
unknown/unreadable: 39  vanished(removed mid-scan): 0
per-deck CSV -> /home/b-ysonale/slidefetch/work/doc_vs_slide.csv
========================================================================

COURSES CONTAINING >=1 DOCUMENT (115):

  AE115_-_University_of_Waterloo
        - 106_A_polynomial_class.pdf  (612x792px, r=0.7727)
        - 107_Date_class.pdf  (612x792px, r=0.7727)
  ANTH124S_-_University_of_California_Los_Angeles
        - 11_06_projects.pdf  (612x792px, r=0.7727)
        - 13_07_sensors.pdf  (612x792px, r=0.7727)
        - 15_08_odds-ends.pdf  (612x792px, r=0.7727)
        - 17_09_project-tips.pdf  (612x792px, r=0.7727)
        - 19_10_under-the-hood.pdf  (612x792px, r=0.7727)
        - 1_01_crash-course.pdf  (612x792px, r=0.7727)
        - 21_11_assembly.pdf  (612x792px, r=0.7727)
        - 23_12_timers.pdf  (612x792px, r=0.7727)
        - 3_02_lab1.pdf  (612x792px, r=0.7727)
        - 5_03_motors.pdf  (612x792px, r=0.7727)
  APSC115_-_George_Washington_University
        - 37_ex1-14-solns.pdf  (612x792px, r=0.7727)
        - 38_ex2A-14-solns.pdf  (612x792px, r=0.7727)
        - 39_ex3A-14solns.pdf  (612x792px, r=0.7727)
        - 40_fex-practiceQs14.pdf  (612x792px, r=0.7727)
        - 41_fex14-solns.pdf  (612x792px, r=0.7727)
        - 42_finalex14-formulas.pdf  (612x792px, r=0.7727)
  AS161_-_University_of_Kentucky
        - 11_preLecture6.pdf  (612x792px, r=0.7727)
        - 13_preLecture7.pdf  (612x792px, r=0.7727)
        - 15_preLecture8.pdf  (612x792px, r=0.7727)
        - 17_preLecture9.pdf  (612x792px, r=0.7727)
        - 19_preLecture10.pdf  (612x792px, r=0.7727)
        - 21_preLecture11.pdf  (612x792px, r=0.7727)
        - 23_preLecture12.pdf  (612x792px, r=0.7727)
        - 25_preLecture13.pdf  (612x792px, r=0.7727)
        - 27_preLecture14.pdf  (612x792px, r=0.7727)
        - 29_preLecture15.pdf  (612x792px, r=0.7727)
        - 31_preLecture16.pdf  (612x792px, r=0.7727)
        - 3_preLecture2.pdf  (612x792px, r=0.7727)
        - 5_preLecture3.pdf  (612x792px, r=0.7727)
        - 7_preLecture4.pdf  (612x792px, r=0.7727)
        - 9_preLecture5.pdf  (612x792px, r=0.7727)
  ASPY270_-_University_at_Albany
        - 11_Lecture2_EC2B1_Moll_supplement.pdf  (612x792px, r=0.7727)
        - 21_Lecture3_EC2B1_Moll_supplement.pdf  (612x792px, r=0.7727)
        - 2_Lecture1_EC2B1_Moll_supplement.pdf  (612x792px, r=0.7727)
        - 30_Lecture5_EC2B1_Moll_model_writeup.pdf  (612x792px, r=0.7727)
        - 38_Lecture7_EC2B1_Moll_model_writeup.pdf  (612x792px, r=0.7727)
        - 43_Lecture8_EC2B1_Moll_model_writeup_TANK.pdf  (612x792px, r=0.7727)
        - 47_Lecture9_EC2B1_Moll_model_writeup_bubbles.pdf  (612x792px, r=0.7727)
        - 48_Lecture9_EC2B1_Moll_model_writeup_financial_amplification.pdf  (612x792px, r=0.7727)
        - 53_Lecture10_EC2B1_Moll_model_writeup_unemployment.pdf  (612x792px, r=0.7727)
  AST1001_-_Stanford_University
        - 12_lecture5-pre.pdf  (612x792px, r=0.7727)
        - 15_lecture6-pre.pdf  (612x792px, r=0.7727)
        - 18_lecture7-pre.pdf  (612x792px, r=0.7727)
        - 21_lecture8-pre.pdf  (612x792px, r=0.7727)
        - 24_lecture9-pre.pdf  (612x792px, r=0.7727)
        - 27_lecture10-pre.pdf  (612x792px, r=0.7727)
        - 30_lecture11-pre.pdf  (612x792px, r=0.7727)
        - 33_lecture12-pre.pdf  (612x792px, r=0.7727)
        - 38_lecture14-pre.pdf  (612x792px, r=0.7727)
        - 3_lecture2-pre.pdf  (612x792px, r=0.7727)
        - 41_lecture15-pre.pdf  (612x792px, r=0.7727)
        - 44_lecture16-pre.pdf  (612x792px, r=0.7727)
        - 6_lecture3-pre.pdf  (612x792px, r=0.7727)
        - 9_lecture4-pre.pdf  (612x792px, r=0.7727)
  ASTR125_-_Stanford_University
        - 21_transistors.pdf  (612x792px, r=0.7727)
        - 24_logicgates.pdf  (612x792px, r=0.7727)
        - 35_reactives.pdf  (612x792px, r=0.7727)
        - 38_transient.pdf  (612x792px, r=0.7727)
        - 43_signals.pdf  (612x792px, r=0.7727)
        - 44_impedance.pdf  (612x792px, r=0.7727)
        - 46_bodeplots.pdf  (612x792px, r=0.7727)
        - 47_opamps.pdf  (612x792px, r=0.7727)
        - 48_opampfilters.pdf  (612x792px, r=0.7727)
        - 52_arduino.pdf  (612x792px, r=0.7727)
        - 57_keyboard_breakingbreak.pdf  (612x792px, r=0.7727)
  BCEM551_-_University_of_Calgary
        - 23_tcptrace-annotated.pdf  (612x792px, r=0.7727)
  BUS123W_-_Stanford_University
        - 12_lecture5-pre.pdf  (612x792px, r=0.7727)
        - 15_lecture6-pre.pdf  (612x792px, r=0.7727)
        - 18_lecture7-pre.pdf  (612x792px, r=0.7727)
        - 21_lecture8-pre.pdf  (612x792px, r=0.7727)
        - 24_lecture9-pre.pdf  (612x792px, r=0.7727)
        - 27_lecture10-pre.pdf  (612x792px, r=0.7727)
        - 30_lecture11-pre.pdf  (612x792px, r=0.7727)
        - 33_lecture12-pre.pdf  (612x792px, r=0.7727)
        - 38_lecture14-pre.pdf  (612x792px, r=0.7727)
        - 3_lecture2-pre.pdf  (612x792px, r=0.7727)
        - 41_lecture15-pre.pdf  (612x792px, r=0.7727)
        - 44_lecture16-pre.pdf  (612x792px, r=0.7727)
        - 47_lecture17-pre.pdf  (612x792px, r=0.7727)
        - 6_lecture3-pre.pdf  (612x792px, r=0.7727)
        - 9_lecture4-pre.pdf  (612x792px, r=0.7727)
  CIS2010_-_Georgia_State_University
        - 13_ext_mod_C.pdf  (612x792px, r=0.7727)
        - 4_ch3_book.pdf  (612x792px, r=0.7727)
  CISC3140_-_Brooklyn_College
        - 21_MySQL_Cheat_Sheet.pdf  (612x792px, r=0.7727)
  CMPT275_-_Simon_Fraser_University
        - 11_L3_reqSpec.pdf  (612x792px, r=0.7727)
        - 13_L4_risks_revhist.pdf  (612x792px, r=0.7727)
        - 15_L4_softVers.pdf  (612x792px, r=0.7727)
        - 17_L5_lifeCycle.pdf  (612x792px, r=0.7727)
        - 19_L5_reqAnalysisAct.pdf  (612x792px, r=0.7727)
        - 1_L1_courseInfo.pdf  (612x792px, r=0.7727)
        - 21_L6_useCaseDiagrams.pdf  (612x792px, r=0.7727)
        - 23_L6_useCaseDiagramsEx.pdf  (612x792px, r=0.7727)
        - 25_L6_useCases.pdf  (612x792px, r=0.7727)
        - 27_L7_classDiagram.pdf  (612x792px, r=0.7727)
        - 31_L7_primaryClass.pdf  (612x792px, r=0.7727)
        - 35_L8_UIexample.pdf  (612x792px, r=0.7727)
        - 37_L9_architecture.pdf  (612x792px, r=0.7727)
        - 39_L10_modularization.pdf  (612x792px, r=0.7727)
        - 3_L1_introtoSE.pdf  (612x792px, r=0.7727)
        - 41_L11_datapers.pdf  (612x792px, r=0.7727)
        - 43_L11_normalization.pdf  (612x792px, r=0.7727)
        - 45_L12_attributes.pdf  (612x792px, r=0.7727)
        - 47_L12_llsequence.pdf  (612x792px, r=0.7727)
        - 49_L13_collab.pdf  (612x792px, r=0.7727)
        - 51_L13_refClassDiag.pdf  (612x792px, r=0.7727)
        - 53_L14_CodeStand.pdf  (612x792px, r=0.7727)
        - 55_L14_impTopBottomThread.pdf  (612x792px, r=0.7727)
        - 57_L14_skel.pdf  (612x792px, r=0.7727)
        - 59_L15_implTestPlan.pdf  (612x792px, r=0.7727)
        - 5_L2_reqGath.pdf  (612x792px, r=0.7727)
        - 61_L15_testOver.pdf  (612x792px, r=0.7727)
        - 63_L16_blackbox.pdf  (612x792px, r=0.7727)
        - 65_L16_codeRev.pdf  (612x792px, r=0.7727)
        - 67_L17_whitebox.pdf  (612x792px, r=0.7727)
        - 69_L18_testing.pdf  (612x792px, r=0.7727)
        - 71_ProjMan.pdf  (612x792px, r=0.7727)
        - 72_configMan.pdf  (612x792px, r=0.7727)
        - 7_L2_reqOverview.pdf  (612x792px, r=0.7727)
        - 9_L3_communic.pdf  (612x792px, r=0.7727)
  CMPT308_-_Simon_Fraser_University
        - 10_lec5.pdf  (612x792px, r=0.7727)
        - 11_Lecture_6.pdf  (597x842px, r=0.709)
        - 12_lec6.pdf  (612x792px, r=0.7727)
        - 13_Lecture_7.pdf  (597x842px, r=0.709)
        - 14_lec7.pdf  (612x792px, r=0.7727)
        - 15_Lecture_8.pdf  (597x842px, r=0.709)
        - 16_lec8.pdf  (612x792px, r=0.7727)
        - 17_Lecture_9.pdf  (596x844px, r=0.7062)
        - 18_lec9.pdf  (612x792px, r=0.7727)
        - 19_Lecture_10.pdf  (597x842px, r=0.709)
        - 1_Lecture_1.pdf  (597x842px, r=0.709)
        - 20_lec10.pdf  (612x792px, r=0.7727)
        - 21_Lecture_11.pdf  (596x844px, r=0.7062)
        - 22_lec11.pdf  (612x792px, r=0.7727)
        - 23_Lecture_12.pdf  (596x844px, r=0.7062)
        - 24_lec12.pdf  (612x792px, r=0.7727)
        - 25_Lecture_13.pdf  (596x844px, r=0.7062)
        - 26_lec13.pdf  (612x792px, r=0.7727)
        - 27_Lecture_14.pdf  (596x844px, r=0.7062)
        - 28_lec14.pdf  (612x792px, r=0.7727)
        - 29_Lecture_15.pdf  (596x844px, r=0.7062)
        - 2_lec1.pdf  (612x792px, r=0.7727)
        - 30_lec15.pdf  (612x792px, r=0.7727)
        - 31_Lecture_16.pdf  (596x844px, r=0.7062)
        - 32_lec16.pdf  (612x792px, r=0.7727)
        - 33_Lecture_17.pdf  (596x844px, r=0.7062)
        - 34_lec17.pdf  (612x792px, r=0.7727)
        - 35_Lecture_18.pdf  (596x844px, r=0.7062)
        - 36_lec18.pdf  (612x792px, r=0.7727)
        - 37_Lecture_19.pdf  (596x844px, r=0.7062)
        - 38_lec19.pdf  (612x792px, r=0.7727)
        - 39_Lecture_20.pdf  (596x844px, r=0.7062)
        - 3_Lecture_2.pdf  (597x842px, r=0.709)
        - 40_lec20.pdf  (612x792px, r=0.7727)
        - 41_Lecture_21.pdf  (596x844px, r=0.7062)
        - 42_Lecture_22.pdf  (596x844px, r=0.7062)
        - 43_Lecture_23.pdf  (596x844px, r=0.7062)
        - 44_Lecture_24.pdf  (596x844px, r=0.7062)
        - 45_Lecture_25.pdf  (596x844px, r=0.7062)
        - 46_Lecture_26.pdf  (596x844px, r=0.7062)
        - 47_Lecture_27.pdf  (596x844px, r=0.7062)
        - 48_Lecture_28.pdf  (596x844px, r=0.7062)
        - 49_Lecture_29.pdf  (596x844px, r=0.7062)
        - 4_lec2.pdf  (612x792px, r=0.7727)
        - 5_Lecture_3.pdf  (597x842px, r=0.709)
        - 6_lec3.pdf  (612x792px, r=0.7727)
        - 7_Lecture_4.pdf  (597x842px, r=0.709)
        - 8_lec4.pdf  (612x792px, r=0.7727)
        - 9_Lecture_5.pdf  (596x844px, r=0.7062)
  COB291_-_James_Madison_University
        - 11_LectureLPApps.pdf  (612x792px, r=0.7727)
        - 1_FcstLecture.pdf  (612x792px, r=0.7727)
        - 4_LectureRegression.pdf  (612x792px, r=0.7727)
        - 5_LectureDAReview.pdf  (612x792px, r=0.7727)
        - 6_LectureDecisionHandout.pdf  (612x792px, r=0.7727)
        - 7_LectureQueue.pdf  (612x792px, r=0.7727)
        - 8_LectureQueueT2F08.pdf  (612x792px, r=0.7727)
        - 9_LectureSim.pdf  (600x792px, r=0.7576)
  COGS17_-_University_of_California_San_Diego
        - 6_SU19-COGS17-03-Lecture-BOYLE-Action-Potential.pdf  (613x792px, r=0.774)
  COMM2042_-_University_of_Cincinnati
        - 10_music5.pdf  (612x792px, r=0.7727)
        - 12_music6.pdf  (612x792px, r=0.7727)
        - 13_music7.pdf  (612x792px, r=0.7727)
        - 14_music8.pdf  (612x792px, r=0.7727)
        - 18_egypt_q_a.pdf  (612x792px, r=0.7727)
        - 2_music1_2.pdf  (612x792px, r=0.7727)
        - 4_music2.pdf  (612x792px, r=0.7727)
        - 6_music3.pdf  (612x792px, r=0.7727)
        - 8_music4.pdf  (612x792px, r=0.7727)
  COMM2043_-_University_of_Cincinnati
        - 10_music5.pdf  (612x792px, r=0.7727)
        - 12_music6.pdf  (612x792px, r=0.7727)
        - 13_music7.pdf  (612x792px, r=0.7727)
        - 14_music8.pdf  (612x792px, r=0.7727)
        - 18_egypt_q_a.pdf  (612x792px, r=0.7727)
        - 2_music1_2.pdf  (612x792px, r=0.7727)
        - 4_music2.pdf  (612x792px, r=0.7727)
        - 6_music3.pdf  (612x792px, r=0.7727)
        - 8_music4.pdf  (612x792px, r=0.7727)
  COMM2080_-_University_of_Cincinnati
        - 10_music5.pdf  (612x792px, r=0.7727)
        - 12_music6.pdf  (612x792px, r=0.7727)
        - 13_music7.pdf  (612x792px, r=0.7727)
        - 14_music8.pdf  (612x792px, r=0.7727)
        - 18_egypt_q_a.pdf  (612x792px, r=0.7727)
        - 2_music1_2.pdf  (612x792px, r=0.7727)
        - 4_music2.pdf  (612x792px, r=0.7727)
        - 6_music3.pdf  (612x792px, r=0.7727)
        - 8_music4.pdf  (612x792px, r=0.7727)
  COMM2081_-_University_of_Cincinnati
        - 10_music5.pdf  (612x792px, r=0.7727)
        - 12_music6.pdf  (612x792px, r=0.7727)
        - 13_music7.pdf  (612x792px, r=0.7727)
        - 14_music8.pdf  (612x792px, r=0.7727)
        - 18_egypt_q_a.pdf  (612x792px, r=0.7727)
        - 2_music1_2.pdf  (612x792px, r=0.7727)
        - 4_music2.pdf  (612x792px, r=0.7727)
        - 6_music3.pdf  (612x792px, r=0.7727)
        - 8_music4.pdf  (612x792px, r=0.7727)
  COMP250_-_McGill_University
        - 40_lecturenotes-all.pdf  (612x792px, r=0.7727)
  COMP333_-_Concordia_University
        - 13_soen341-week1-slides.pdf  (612x792px, r=0.7727)
        - 18_czarnecki-ECE750-7-Lecture2_First_Example.pdf  (540x720px, r=0.75)
        - 31_czarnecki-ECE750-7-Lecture4_Domain_Design_and_Implementation.pdf  (540x720px, r=0.75)
        - 38_czarnecki-ECE750-7-Lecture5_Configuration_Generator.pdf  (540x720px, r=0.75)
        - 42_czarnecki-ECE750-7-Lecture6_Template_Metaprogramming.pdf  (540x720px, r=0.75)
        - 49_czarnecki-ECE750-7-Lecture8_Technology_Mappings.pdf  (540x720px, r=0.75)
        - 55_czarnecki-ECE750-7-Lecture9_MDA.pdf  (540x720px, r=0.75)
        - 75_alballa-chapter-Dataset-V2.pdf  (596x842px, r=0.7078)
        - 76_comp354-w2012-course-outline-slides.pdf  (596x842px, r=0.7078)
        - 77_comp354-w2013-course-outline-slides.pdf  (596x842px, r=0.7078)
        - 7_comp691R-lecture1.pdf  (612x792px, r=0.7727)
        - 83_comp5541-w2012-course-outline-slides.pdf  (596x842px, r=0.7078)
        - 84_comp5541-w2013-course-outline-slides.pdf  (596x842px, r=0.7078)
        - 85_dosd-chapter.pdf  (612x792px, r=0.7727)
        - 86_iu-seminar-slides.pdf  (612x792px, r=0.7727)
        - 87_queens-slides.pdf  (612x792px, r=0.7727)
        - 88_slides-bayreuth-combinatorial-genomics.pdf  (612x792px, r=0.7727)
        - 89_slides-eml-fungalgenomics.pdf  (612x792px, r=0.7727)
        - 8_czarnecki-ECE750-7-Lecture1_Introduction.pdf  (540x720px, r=0.75)
        - 90_slides-tools-enzyme-families.pdf  (612x792px, r=0.7727)
  COMP3500_-_Auburn_University
        - 11_M3_SSQ_1.pdf  (612x767px, r=0.7979)
        - 12_M3_SSQ_3.pdf  (612x767px, r=0.7979)
        - 13_M3_SSQ_4.pdf  (612x767px, r=0.7979)
        - 14_M3_SSQ_5.pdf  (612x767px, r=0.7979)
        - 16_M4-Part_II_SSQ_1.pdf  (612x767px, r=0.7979)
        - 17_M4-Part_II_SSQ_2.pdf  (612x767px, r=0.7979)
        - 18_M4-Part_II_SSQ_3.pdf  (612x767px, r=0.7979)
        - 19_M4-Part_II_SSQ_4.pdf  (612x767px, r=0.7979)
        - 20_M4-Part_I_SSQ_1.pdf  (612x767px, r=0.7979)
        - 21_M4-Part_I_SSQ_2.pdf  (612x767px, r=0.7979)
        - 22_M4-Part_I_SSQ_3.pdf  (612x767px, r=0.7979)
        - 23_M4-Part_I_SSQ_4.pdf  (612x767px, r=0.7979)
        - 24_M4-Part_I_SSQ_5.pdf  (612x767px, r=0.7979)
        - 25_M5_SSQ_1.pdf  (612x767px, r=0.7979)
        - 26_M5_SSQ_2.pdf  (612x767px, r=0.7979)
        - 27_M5_SSQ_3.pdf  (612x767px, r=0.7979)
        - 28_M5_SSQ_4.pdf  (612x767px, r=0.7979)
        - 29_M5_SSQ_5.pdf  (612x767px, r=0.7979)
        - 2_M1_SSQ_1.pdf  (612x767px, r=0.7979)
        - 30_M5_SSQ_6.pdf  (612x767px, r=0.7979)
        - 31_M5_SSQ_7.pdf  (612x767px, r=0.7979)
        - 3_M1_SSQ_2.pdf  (612x767px, r=0.7979)
        - 4_M1_SSQ_3.pdf  (612x767px, r=0.7979)
        - 5_M1_SSQ_4.pdf  (612x767px, r=0.7979)
        - 6_M2_SSQ_1.pdf  (612x767px, r=0.7979)
        - 7_M2_SSQ_2.pdf  (612x767px, r=0.7979)
        - 8_M2_SSQ_3.pdf  (612x767px, r=0.7979)
        - 9_M2_SSQ_4.pdf  (612x767px, r=0.7979)
  COP4703_-_Florida_International_University
        - 19_DBARole.pdf  (612x792px, r=0.7727)
        - 20_Database_Health_Monitoring.pdf  (612x792px, r=0.7727)
        - 21_MimicALockWithTransactions.pdf  (612x792px, r=0.7727)
        - 22_SQL_Server-_The_Transaction_Log.pdf  (612x792px, r=0.7727)
  COSC3430_-_University_of_Houston
        - 12_07-sort-3-MergeSort.pdf  (540x720px, r=0.75)
        - 13_07-sort-4-QuickSort.pdf  (540x720px, r=0.75)
        - 24_11-AlgAnalysis-theory-1-factoriallFibon.pdf  (612x792px, r=0.7727)
        - 25_11-AlgAnalysis-theory-2-complexity.pdf  (612x792px, r=0.7727)
  CP274_-_Colorado_College
        - 38_Ap2slide.pdf  (612x792px, r=0.7727)
  CPS181_-_Central_Michigan_University
        - 1_01_DTreesAndOverfitting-1-12-2015.pdf  (612x792px, r=0.7727)
        - 38_cluster-chapter.pdf  (612x792px, r=0.7727)
  CPTS317_-_Washington_State_University
        - 1_CFG_inclass_exercises.pdf  (612x792px, r=0.7727)
        - 23_PumpingLemma_inclassExercises.pdf  (612x792px, r=0.7727)
        - 28_SimplifyingCFGs_examples.pdf  (612x792px, r=0.7727)
        - 29_Substitution_Example.pdf  (606x773px, r=0.784)
        - 4_CFL_pumping_lemma_ex1.pdf  (606x769px, r=0.788)
        - 5_CFL_pumping_lemma_ex3.pdf  (606x770px, r=0.787)
        - 6_CFL_pumping_lemma_ex4.pdf  (607x763px, r=0.7955)
  CS1004_-_Worcester_Polytechnic_Institute
        - 10_Week3_HeinemanFollowup.pdf  (605x756px, r=0.8003)
        - 11_Week3_HeinemanFollowup.pptx  (806x1008px, r=0.7996)
        - 12_Week3_StringsListsFiles.pdf  (605x756px, r=0.8003)
        - 13_Week3_StringsListsFiles.pptx  (806x1008px, r=0.7996)
        - 14_Week4_DecisionStructuresAndLoops.pdf  (605x756px, r=0.8003)
        - 15_Week4_DecisionStructuresAndLoops.pptx  (806x1008px, r=0.7996)
        - 16_Week4_MonteCarloSimulations.pdf  (605x756px, r=0.8003)
        - 17_Week4_MonteCarloSimulations.pptx  (806x1008px, r=0.7996)
        - 18_Week4_MoreAboutFunctions.pdf  (605x756px, r=0.8003)
        - 19_Week4_MoreAboutFunctions.pptx  (806x1008px, r=0.7996)
        - 1_Week1_ElementsOfAPythonProgram.pdf  (605x756px, r=0.8003)
        - 20_Week4_NoteOnHomework4.pdf  (605x756px, r=0.8003)
        - 21_Week4_NoteOnHomework4.pptx  (806x1008px, r=0.7996)
        - 22_Week5_DebuggersAndDebugging.pdf  (605x756px, r=0.8003)
        - 23_Week5_DebuggersAndDebugging.pptx  (806x1008px, r=0.7996)
        - 24_Week5_Dictionaries.pdf  (605x756px, r=0.8003)
        - 25_Week5_Dictionaries.pptx  (806x1008px, r=0.7996)
        - 26_Week5_NotesOnHomwork5.pdf  (605x756px, r=0.8003)
        - 27_Week5_NotesOnHomwork5.pptx  (806x1008px, r=0.7996)
        - 28_Week6_CSV_files.pdf  (605x756px, r=0.8003)
        - 29_Week6_CSV_files.pptx  (806x1008px, r=0.7996)
        - 2_Week1_ElementsOfAPythonProgram.pptx  (806x1008px, r=0.7996)
        - 30_Week6_NoteOnProgramDesign.pdf  (605x756px, r=0.8003)
        - 31_Week6_NoteOnProgramDesign.pptx  (806x1008px, r=0.7996)
        - 32_Week6_NotesOnHW6.pdf  (605x756px, r=0.8003)
        - 33_Week6_NotesOnHW6.pptx  (806x1008px, r=0.7996)
        - 34_Week6_ObjectsAgain.pdf  (605x756px, r=0.8003)
        - 35_Week6_ObjectsAgain.pptx  (806x1008px, r=0.7996)
        - 36_Week7_ConsolidationAndReview.pdf  (605x756px, r=0.8003)
        - 37_Week7_ConsolidationAndReview.pptx  (806x1008px, r=0.7996)
        - 38_Week0_FirstPythonProgram.pdf  (605x756px, r=0.8003)
        - 39_Week0_FirstPythonProgram.pptx  (806x1008px, r=0.7996)
        - 3_Week1_MoreElementsOfAPythonProgram.pdf  (605x756px, r=0.8003)
        - 40_Week0_Introduction.pdf  (605x756px, r=0.8003)
        - 41_Week0_Introduction.pptx  (806x1008px, r=0.7996)
        - 4_Week1_MoreElementsOfAPythonProgram.pptx  (806x1008px, r=0.7996)
        - 5_Week2_NotesOnPyplot.pdf  (605x756px, r=0.8003)
        - 6_Week2_NotesOnPyplot.pptx  (806x1008px, r=0.7996)
        - 7_Week2_SimpleGraphicsPackage.pptx  (806x1008px, r=0.7996)
        - 8_Week2_VariablesListsObjects.pdf  (605x756px, r=0.8003)
        - 9_Week2_VariablesListsObjects.pptx  (806x1008px, r=0.7996)
  CS1005C_-_University_of_Cincinnati
        - 10_music5.pdf  (612x792px, r=0.7727)
        - 12_music6.pdf  (612x792px, r=0.7727)
        - 13_music7.pdf  (612x792px, r=0.7727)
        - 14_music8.pdf  (612x792px, r=0.7727)
        - 18_egypt_q_a.pdf  (612x792px, r=0.7727)
        - 2_music1_2.pdf  (612x792px, r=0.7727)
        - 4_music2.pdf  (612x792px, r=0.7727)
        - 6_music3.pdf  (612x792px, r=0.7727)
        - 8_music4.pdf  (612x792px, r=0.7727)
  CS1021C_-_University_of_Cincinnati
        - 10_music5.pdf  (612x792px, r=0.7727)
        - 12_music6.pdf  (612x792px, r=0.7727)
        - 13_music7.pdf  (612x792px, r=0.7727)
        - 14_music8.pdf  (612x792px, r=0.7727)
        - 18_egypt_q_a.pdf  (612x792px, r=0.7727)
        - 2_music1_2.pdf  (612x792px, r=0.7727)
        - 4_music2.pdf  (612x792px, r=0.7727)
        - 6_music3.pdf  (612x792px, r=0.7727)
        - 8_music4.pdf  (612x792px, r=0.7727)
  CS15122_-_Carnegie_Mellon_University
        - 11_06-binsearch.pdf  (612x792px, r=0.7727)
        - 13_07-quicksort.pdf  (612x792px, r=0.7727)
        - 15_08-libraries.pdf  (612x792px, r=0.7727)
        - 18_09-stackqueue.pdf  (612x792px, r=0.7727)
        - 1_01-contracts.pdf  (612x792px, r=0.7727)
        - 20_10-linkedlist.pdf  (612x792px, r=0.7727)
        - 22_11-uba.pdf  (612x792px, r=0.7727)
        - 24_12-hashing.pdf  (612x792px, r=0.7727)
        - 27_13-hdict.pdf  (612x792px, r=0.7727)
        - 30_14-generic.pdf  (612x792px, r=0.7727)
        - 32_15-bst.pdf  (612x792px, r=0.7727)
        - 34_16-avl.pdf  (612x792px, r=0.7727)
        - 36_17-cintro.pdf  (612x792px, r=0.7727)
        - 38_18-cmem.pdf  (612x792px, r=0.7727)
        - 3_02-ints.pdf  (612x792px, r=0.7727)
        - 40_19-cnum.pdf  (612x792px, r=0.7727)
        - 42_20-c0vm.pdf  (612x792px, r=0.7727)
        - 44_21-graphs.pdf  (612x792px, r=0.7727)
        - 46_22-dfs.pdf  (612x792px, r=0.7727)
        - 48_23-spanning.pdf  (612x792px, r=0.7727)
        - 50_24-unionfind.pdf  (612x792px, r=0.7727)
        - 52_25-pq.pdf  (612x792px, r=0.7727)
        - 54_26-heap.pdf  (612x792px, r=0.7727)
        - 5_03-arrays.pdf  (612x792px, r=0.7727)
        - 7_04-linsearch.pdf  (612x792px, r=0.7727)
        - 9_05-bigo.pdf  (612x792px, r=0.7727)
  CS2DM3_-_McMaster_University
        - 10_February_6.pdf  (612x792px, r=0.7727)
        - 11_February_11.pdf  (612x792px, r=0.7727)
        - 12_February_13.pdf  (612x792px, r=0.7727)
        - 13_February_25.pdf  (612x792px, r=0.7727)
        - 14_February_27.pdf  (612x792px, r=0.7727)
        - 15_March_3.pdf  (612x792px, r=0.7727)
        - 16_March_5.pdf  (612x792px, r=0.7727)
        - 17_March_10.pdf  (612x792px, r=0.7727)
        - 18_March_12.pdf  (612x792px, r=0.7727)
        - 1_January_7.pdf  (612x792px, r=0.7727)
        - 2_January_9.pdf  (612x792px, r=0.7727)
        - 3_January_14.pdf  (612x792px, r=0.7727)
        - 4_January_16.pdf  (612x792px, r=0.7727)
        - 5_January_21.pdf  (612x792px, r=0.7727)
        - 6_January_23.pdf  (612x792px, r=0.7727)
        - 7_January_28.pdf  (612x792px, r=0.7727)
        - 8_January_30.pdf  (612x792px, r=0.7727)
        - 9_February_4.pdf  (612x792px, r=0.7727)
  CS3003_-_University_of_Cincinnati
        - 10_music5.pdf  (612x792px, r=0.7727)
        - 12_music6.pdf  (612x792px, r=0.7727)
        - 13_music7.pdf  (612x792px, r=0.7727)
        - 14_music8.pdf  (612x792px, r=0.7727)
        - 18_egypt_q_a.pdf  (612x792px, r=0.7727)
        - 2_music1_2.pdf  (612x792px, r=0.7727)
        - 4_music2.pdf  (612x792px, r=0.7727)
        - 6_music3.pdf  (612x792px, r=0.7727)
        - 8_music4.pdf  (612x792px, r=0.7727)
  CS3130_-_University_of_Utah
        - 10_L10-JointDiscreteRandomVariables.pdf  (612x792px, r=0.7727)
        - 11_L11-JointContinuousRandomVariables.pdf  (612x792px, r=0.7727)
        - 12_L12-CovarianceCorrelation.pdf  (612x792px, r=0.7727)
        - 14_L14-Estimation.pdf  (612x792px, r=0.7727)
        - 15_L15-ConfidenceIntervals.pdf  (612x792px, r=0.7727)
        - 16_L16-HypothesisTests1.pdf  (612x792px, r=0.7727)
        - 18_ProblemSession.pdf  (612x792px, r=0.7727)
        - 2_L02-ConditionalProbability.pdf  (612x792px, r=0.7727)
        - 3_L03-TotalProbability.pdf  (612x792px, r=0.7727)
        - 4_L04-Independence.pdf  (612x792px, r=0.7727)
        - 5_L05-BayesRule.pdf  (612x792px, r=0.7727)
        - 6_L06-DiscreteRandomVariables.pdf  (612x792px, r=0.7727)
        - 7_L07-BernoulliBinomialGeometric.pdf  (612x792px, r=0.7727)
        - 8_L08-ContinuousRandomVariables.pdf  (612x792px, r=0.7727)
        - 9_L09-ExpectationVariance.pdf  (612x792px, r=0.7727)
  CS344_-_Queens_College
        - 1_CS344_Lesson1_Slides.pdf  (612x792px, r=0.7727)
        - 2_CS344_Lesson2_Slides.pdf  (612x792px, r=0.7727)
        - 3_CS344_Lesson3_Slides.pdf  (612x792px, r=0.7727)
        - 4_CS344_Lesson4_Slides.pdf  (612x792px, r=0.7727)
        - 5_CS344_Lesson5_Slides.pdf  (612x792px, r=0.7727)
        - 6_CS344_Lesson6.1_Slides.pdf  (612x792px, r=0.7727)
        - 7_CS344_Lesson6.2_Slides.pdf  (612x792px, r=0.7727)
        - 8_CS344_Lesson7.1_Slides.pdf  (612x792px, r=0.7727)
        - 9_CS344_Lesson7.2_Slides.pdf  (612x792px, r=0.7727)
  CS402_-_Binghamton_University
        - 14_God.pdf  (612x792px, r=0.7727)
        - 15_cw1.pdf  (596x842px, r=0.7078)
  CS445_-_Clarkson_University
        - 55_local_features_synthesis_draft.pdf  (612x792px, r=0.7727)
  CS5170_-_University_of_Cincinnati
        - 10_music5.pdf  (612x792px, r=0.7727)
        - 12_music6.pdf  (612x792px, r=0.7727)
        - 13_music7.pdf  (612x792px, r=0.7727)
        - 14_music8.pdf  (612x792px, r=0.7727)
        - 18_egypt_q_a.pdf  (612x792px, r=0.7727)
        - 2_music1_2.pdf  (612x792px, r=0.7727)
        - 4_music2.pdf  (612x792px, r=0.7727)
        - 6_music3.pdf  (612x792px, r=0.7727)
        - 8_music4.pdf  (612x792px, r=0.7727)
  CS5340_-_Northeastern_University
        - 1_L1Final.pdf  (612x792px, r=0.7727)
        - 2_L2Final.pdf  (612x792px, r=0.7727)
        - 3_L3Final.pdf  (612x792px, r=0.7727)
        - 4_L4Final.pdf  (612x792px, r=0.7727)
        - 5_L5Final.pdf  (612x792px, r=0.7727)
        - 6_L6Final.pdf  (612x792px, r=0.7727)
        - 7_L7Final.pdf  (612x792px, r=0.7727)
        - 8_L8Final.pdf  (612x792px, r=0.7727)
        - 9_LMakeup.pdf  (612x792px, r=0.7727)
  CSC111L_-_Quinnipiac_University
        - 14_NetBeans-Csc_111.pdf  (612x792px, r=0.7727)
        - 15_Review_Questions_CSC_111.pdf  (612x792px, r=0.7727)
        - 16_Setting_up_Java.pdf  (612x792px, r=0.7727)
        - 9_Hello_World_Program.pdf  (612x792px, r=0.7727)
  CSC144_-_University_of_Arizona
        - 10_topic05guided.pdf  (612x792px, r=0.7727)
        - 12_topic06guided.pdf  (612x792px, r=0.7727)
        - 14_topic07guided.pdf  (612x792px, r=0.7727)
        - 16_topic08guided.pdf  (612x792px, r=0.7727)
        - 17_topic09guided.pdf  (612x792px, r=0.7727)
        - 18_topic10guided.pdf  (612x792px, r=0.7727)
        - 19_topic11guided.pdf  (612x792px, r=0.7727)
        - 20_topic12guided.pdf  (612x792px, r=0.7727)
        - 2_topic01guided.pdf  (612x792px, r=0.7727)
        - 4_topic02guided.pdf  (612x792px, r=0.7727)
        - 6_topic03guided.pdf  (612x792px, r=0.7727)
        - 8_topic04guided.pdf  (612x792px, r=0.7727)
  CSCI467_-_University_of_Southern_California
        - 20_20_kmeans.pdf  (456x589px, r=0.7742)
        - 21_21_gmm.pdf  (456x589px, r=0.7742)
        - 22_22_em.pdf  (456x589px, r=0.7742)
        - 23_23_pca.pdf  (456x589px, r=0.7742)
        - 24_24_mdp.pdf  (456x589px, r=0.7742)
        - 25_25_qlearning.pdf  (456x589px, r=0.7742)
        - 27_26_policygrad.pdf  (456x589px, r=0.7742)
        - 2_02_linreg.pdf  (456x589px, r=0.7742)
        - 31_29_summary.pdf  (456x589px, r=0.7742)
        - 3_03_linreg2.pdf  (456x589px, r=0.7742)
        - 4_04_classification.pdf  (456x589px, r=0.7742)
        - 5_05_overfitting.pdf  (456x589px, r=0.7742)
        - 6_06_biasvariance.pdf  (456x589px, r=0.7742)
        - 8_08_nonparametric.pdf  (456x589px, r=0.7742)
        - 9_09_kernels.pdf  (456x589px, r=0.7742)
  CSCI670_-_University_of_Southern_California
        - 10_Subset-Sum_and_Intro_to_Network_Flow.pdf  (612x792px, r=0.7727)
        - 11_Max-Flow_Min-Cut_Theorem.pdf  (612x792px, r=0.7727)
        - 12_Edmonds-Karp_Theorem_and_Hall_s_Theorem.pdf  (612x792px, r=0.7727)
        - 13_Max-Flow_Applications.pdf  (612x792px, r=0.7727)
        - 14_Linear_Programming.pdf  (612x792px, r=0.7727)
        - 15_Approximation_Algorithms.pdf  (612x792px, r=0.7727)
        - 16_Coverage_Approximations.pdf  (612x792px, r=0.7727)
        - 17_Linear_Programming_Approximations.pdf  (612x792px, r=0.7727)
        - 18_Load_Balancing_Approximation.pdf  (612x792px, r=0.7727)
        - 19_Online_Algorithms.pdf  (612x792px, r=0.7727)
        - 1_Dijkstra_s_Algorithm.pdf  (612x792px, r=0.7727)
        - 20_Online_Access_of_Linked_Lists.pdf  (612x792px, r=0.7727)
        - 21_Randomized_Algorithms.pdf  (612x792px, r=0.7727)
        - 22_Quicksort_and_Tail_Bounds.pdf  (612x792px, r=0.7727)
        - 23_Randomized_LP_Rounding.pdf  (612x792px, r=0.7727)
        - 24_Intro_to_Game_Theory.pdf  (612x792px, r=0.7727)
        - 25_Fundamental_Theorems_of_Game_Theory.pdf  (612x792px, r=0.7727)
        - 26_AND_OR_Tree_Evaluation.pdf  (612x792px, r=0.7727)
        - 27_Multiplicative_Weights_Algorithm.pdf  (612x792px, r=0.7727)
        - 28_Title_Page.pdf  (612x792px, r=0.7727)
        - 2_Minimum_Spanning_Trees.pdf  (612x792px, r=0.7727)
        - 3_Fibonacci_Heaps.pdf  (612x792px, r=0.7727)
        - 4_Dynamic_Programming.pdf  (612x792px, r=0.7727)
        - 5_Bellman-Ford_Algorithm.pdf  (612x792px, r=0.7727)
        - 6_Intro_to_Complexity_Theory.pdf  (612x792px, r=0.7727)
        - 7_Complexity_Classes_and_NP-completeness.pdf  (612x792px, r=0.7727)
        - 8_Independent_Set_and_Cover_Problems.pdf  (612x792px, r=0.7727)
        - 9_Hamiltonian_Cycle_and_3DM.pdf  (612x792px, r=0.7727)
  CSE131B_-_University_of_California_San_Diego
        - 14_Composite_micro12.pdf  (612x792px, r=0.7727)
  CSE232_-_Michigan_State_University
        - 10_cse232_final_practice.pdf  (612x792px, r=0.7727)
        - 11_cse232_final_practice_sln.pdf  (612x792px, r=0.7727)
        - 16_cse232_midterm_practice.pdf  (612x792px, r=0.7727)
        - 17_cse232_midterm_practice_sln.pdf  (612x792px, r=0.7727)
  CSIS103_-_Marist_College
        - 21_licklider.pdf  (632x795px, r=0.795)
  CSSE103_-_Seattle_University
        - 10_lec10.pdf  (612x785px, r=0.7796)
        - 11_lec11.pdf  (612x786px, r=0.7786)
        - 12_lec12.pdf  (612x787px, r=0.7776)
        - 13_lec13.pdf  (612x785px, r=0.7796)
        - 14_lec14.pdf  (612x785px, r=0.7796)
        - 15_lec15.pdf  (612x786px, r=0.7786)
        - 16_lec16.pdf  (612x785px, r=0.7796)
        - 17_lec17.pdf  (612x786px, r=0.7786)
        - 18_lec18.pdf  (612x786px, r=0.7786)
        - 19_lec19.pdf  (612x786px, r=0.7786)
        - 1_lec1.pdf  (612x784px, r=0.7806)
        - 2_lec2.pdf  (612x842px, r=0.7268)
        - 3_lec3.pdf  (612x785px, r=0.7796)
        - 4_lec4.pdf  (612x785px, r=0.7796)
        - 5_lec5.pdf  (612x787px, r=0.7776)
        - 6_lec6.pdf  (612x787px, r=0.7776)
        - 7_lec7.pdf  (612x785px, r=0.7796)
        - 8_lec8.pdf  (612x786px, r=0.7786)
        - 9_lec9.pdf  (612x786px, r=0.7786)
  CUST4300_-_University_of_Houston
        - 12_07-sort-3-MergeSort.pdf  (540x720px, r=0.75)
        - 13_07-sort-4-QuickSort.pdf  (540x720px, r=0.75)
        - 24_11-AlgAnalysis-theory-1-factoriallFibon.pdf  (612x792px, r=0.7727)
        - 25_11-AlgAnalysis-theory-2-complexity.pdf  (612x792px, r=0.7727)
  CVE2030_-_University_of_Cincinnati
        - 10_music5.pdf  (612x792px, r=0.7727)
        - 12_music6.pdf  (612x792px, r=0.7727)
        - 13_music7.pdf  (612x792px, r=0.7727)
        - 14_music8.pdf  (612x792px, r=0.7727)
        - 18_egypt_q_a.pdf  (612x792px, r=0.7727)
        - 2_music1_2.pdf  (612x792px, r=0.7727)
        - 4_music2.pdf  (612x792px, r=0.7727)
        - 6_music3.pdf  (612x792px, r=0.7727)
        - 8_music4.pdf  (612x792px, r=0.7727)
  E142_-_Colorado_State_University
        - 38_Ap2slide.pdf  (612x792px, r=0.7727)
  E270_-_Colorado_State_University
        - 38_Ap2slide.pdf  (612x792px, r=0.7727)
  E440_-_Colorado_State_University
        - 38_Ap2slide.pdf  (612x792px, r=0.7727)
  EC1011A_-_Harvard_University
        - 12_ec107_Day3_PS3.pdf  (596x842px, r=0.7078)
        - 13_day4_exercises.pdf  (596x842px, r=0.7078)
        - 16_ec107_Day4_PS4.pdf  (596x842px, r=0.7078)
        - 17_Handbook.pdf  (596x842px, r=0.7078)
        - 1_day1_exercises.pdf  (596x842px, r=0.7078)
        - 4_ec107_Day1_PS1.pdf  (596x842px, r=0.7078)
        - 5_day2_exercises.pdf  (596x842px, r=0.7078)
        - 8_ec107_Day2_PS2.pdf  (596x842px, r=0.7078)
        - 9_day3_exercises.pdf  (596x842px, r=0.7078)
  EC107_-_Tufts_University
        - 12_ec107_Day3_PS3.pdf  (596x842px, r=0.7078)
        - 13_day4_exercises.pdf  (596x842px, r=0.7078)
        - 16_ec107_Day4_PS4.pdf  (596x842px, r=0.7078)
        - 17_Handbook.pdf  (596x842px, r=0.7078)
        - 1_day1_exercises.pdf  (596x842px, r=0.7078)
        - 4_ec107_Day1_PS1.pdf  (596x842px, r=0.7078)
        - 5_day2_exercises.pdf  (596x842px, r=0.7078)
        - 8_ec107_Day2_PS2.pdf  (596x842px, r=0.7078)
        - 9_day3_exercises.pdf  (596x842px, r=0.7078)
  EC144_-_Tufts_University
        - 12_ec107_Day3_PS3.pdf  (596x842px, r=0.7078)
        - 13_day4_exercises.pdf  (596x842px, r=0.7078)
        - 16_ec107_Day4_PS4.pdf  (596x842px, r=0.7078)
        - 17_Handbook.pdf  (596x842px, r=0.7078)
        - 1_day1_exercises.pdf  (596x842px, r=0.7078)
        - 4_ec107_Day1_PS1.pdf  (596x842px, r=0.7078)
        - 5_day2_exercises.pdf  (596x842px, r=0.7078)
        - 8_ec107_Day2_PS2.pdf  (596x842px, r=0.7078)
        - 9_day3_exercises.pdf  (596x842px, r=0.7078)
  EC170_-_Tufts_University
        - 12_ec107_Day3_PS3.pdf  (596x842px, r=0.7078)
        - 13_day4_exercises.pdf  (596x842px, r=0.7078)
        - 16_ec107_Day4_PS4.pdf  (596x842px, r=0.7078)
        - 17_Handbook.pdf  (596x842px, r=0.7078)
        - 1_day1_exercises.pdf  (596x842px, r=0.7078)
        - 4_ec107_Day1_PS1.pdf  (596x842px, r=0.7078)
        - 5_day2_exercises.pdf  (596x842px, r=0.7078)
        - 8_ec107_Day2_PS2.pdf  (596x842px, r=0.7078)
        - 9_day3_exercises.pdf  (596x842px, r=0.7078)
  EC275_-_Colorado_College
        - 38_Ap2slide.pdf  (612x792px, r=0.7727)
  ECE350_-_Duke_University
        - 11_L06-Review_of_Concurrency_Control.pdf  (612x792px, r=0.7727)
        - 13_L07-Concurrency_Control_Implementation.pdf  (612x792px, r=0.7727)
        - 15_L08-Memory.pdf  (612x792px, r=0.7727)
        - 17_L09-Dynamic_Memory_Allocation.pdf  (612x792px, r=0.7727)
        - 19_L10-Memory_Segmentation_and_Paging.pdf  (612x792px, r=0.7727)
        - 1_L01-Introduction_Operating_Systems_Security.pdf  (612x792px, r=0.7727)
        - 21_L11-Caching.pdf  (612x792px, r=0.7727)
        - 23_L12-Virtual_Memory.pdf  (612x792px, r=0.7727)
        - 25_L13-Virtual_Memory_II.pdf  (612x792px, r=0.7727)
        - 27_L14-Uniprocessor_Scheduling.pdf  (612x792px, r=0.7727)
        - 29_L15-Scheduling_Algorithms.pdf  (612x792px, r=0.7727)
        - 31_L16-Scheduling_Idling_Priorities_Multiprocessor.pdf  (612x792px, r=0.7727)
        - 33_L17-Real_Time_Scheduling.pdf  (612x792px, r=0.7727)
        - 35_L18-Real-Time_Scheduling_Algorithms.pdf  (612x792px, r=0.7727)
        - 37_L19-Scheduling_Algorithm_Evaluation_UNIX_Windows.pdf  (612x792px, r=0.7727)
        - 39_L20-Scheduling_in_Linux.pdf  (612x792px, r=0.7727)
        - 3_L02-Review_of_Processes_and_Threads.pdf  (612x792px, r=0.7727)
        - 41_L21-Power_Management_and_Energy-Aware_Scheduling.pdf  (612x792px, r=0.7727)
        - 43_L22-Extending_the_Kernel.pdf  (612x792px, r=0.7727)
        - 45_L23-Input_Output_Devices_Drivers.pdf  (612x792px, r=0.7727)
        - 47_L24-More_About_Input_Output_Devices.pdf  (612x792px, r=0.7727)
        - 49_L25-Disk_Scheduling.pdf  (612x792px, r=0.7727)
        - 51_L26-Flash_Storage_SSDs_and_Log-Structured_File_Systems.pdf  (612x792px, r=0.7727)
        - 53_L27-File_System_Implementation.pdf  (612x792px, r=0.7727)
        - 55_L28-File_Allocation_Methods.pdf  (612x792px, r=0.7727)
        - 57_L29-Reliability_RAID.pdf  (612x792px, r=0.7727)
        - 59_L30-Reliability_Fail-Soft_Operation.pdf  (612x792px, r=0.7727)
        - 5_L03-The_Execution_Model_Stack_Heap_and_the_Process_Address_Space.pdf  (612x792px, r=0.7727)
        - 61_L31-Live_Kernel_Patching.pdf  (612x792px, r=0.7727)
        - 63_L32-Virtualization_and_Containers.pdf  (612x792px, r=0.7727)
        - 65_L33-Trusted_Computing_Secure_Boot_TPMs_and_Confidential_Computing.pdf  (612x792px, r=0.7727)
        - 67_L34-Containers_Namespaces_and_cgroups.pdf  (612x792px, r=0.7727)
        - 71_notebook.pdf  (596x842px, r=0.7078)
        - 7_L04-Sunrise_to_Sunset.pdf  (612x792px, r=0.7727)
        - 9_L05-Access_Control_DAC_MAC_Capabilities_and_Sandboxing.pdf  (612x792px, r=0.7727)
  ECE4330_-_Wayne_State_University
        - 10_lecture_10_ece4330t.pdf  (612x792px, r=0.7727)
        - 11_lecture_11_ece4330t.pdf  (612x792px, r=0.7727)
        - 12_lecture_12_ece4330t.pdf  (612x792px, r=0.7727)
        - 13_lecture_13_ece4330_extra.pdf  (612x792px, r=0.7727)
        - 14_lecture_13_ece4330t.pdf  (612x792px, r=0.7727)
        - 15_lecture_14_ece4330t.pdf  (612x792px, r=0.7727)
        - 16_lecture_15_ece4330t.pdf  (612x792px, r=0.7727)
        - 17_lecture_16_ece4330t.pdf  (612x792px, r=0.7727)
        - 18_lecture_17_ece4330t.pdf  (612x792px, r=0.7727)
        - 19_lecture_18_ece4330t.pdf  (612x792px, r=0.7727)
        - 1_lecture_1_ece4330t.pdf  (612x792px, r=0.7727)
        - 20_lecture_19_ece4330t.pdf  (612x792px, r=0.7727)
        - 21_lecture_20_ece4330t.pdf  (612x792px, r=0.7727)
        - 22_lecture_21_ece4330t.pdf  (612x792px, r=0.7727)
        - 23_lecture_22_ece4330t.pdf  (612x792px, r=0.7727)
        - 24_lecture_23_ece4330t.pdf  (612x792px, r=0.7727)
        - 25_lecture_24_ece4330t.pdf  (612x792px, r=0.7727)
        - 26_calculus_of_variations_hassoun.pdf  (612x792px, r=0.7727)
        - 27_difference_equations_primer.pdf  (612x792px, r=0.7727)
        - 28_matlab_for_ece4330.pdf  (612x792px, r=0.7727)
        - 29_nonlinear_ode_examples.pdf  (612x792px, r=0.7727)
        - 2_lecture_2_ece4330t.pdf  (612x792px, r=0.7727)
        - 30_nonlinear_static_circuits.pdf  (612x792px, r=0.7727)
        - 31_numerical_analysis_nonlinear_systems.pdf  (612x792px, r=0.7727)
        - 32_square_root_recursion.pdf  (612x792px, r=0.7727)
        - 3_lecture_3_ece4330t.pdf  (612x792px, r=0.7727)
        - 4_lecture_4_ece4330t.pdf  (612x792px, r=0.7727)
        - 5_lecture_5_ece4330t.pdf  (612x792px, r=0.7727)
        - 6_lecture_6_ece4330t.pdf  (612x792px, r=0.7727)
        - 7_lecture_7_ece4330t.pdf  (612x792px, r=0.7727)
        - 8_lecture_8_ece4330t.pdf  (612x792px, r=0.7727)
        - 9_lecture_9_ece4330t.pdf  (612x792px, r=0.7727)
  ECE461_-_North_Dakota_State_University
        - 10_10_LaPlace_Transforms.pdf  (612x792px, r=0.7727)
        - 11_11_First_and_Second_Order_Approximations.pdf  (612x792px, r=0.7727)
        - 13_12_Block_Diagrams.pdf  (612x792px, r=0.7727)
        - 15_13_State_Space_and_Canonical_Forms.pdf  (612x792px, r=0.7727)
        - 17_14_Electric_Circuits_and_the_Heat_Equation.pdf  (612x792px, r=0.7727)
        - 19_15_Mass_Spring_Systems_The_Wave_Equation.pdf  (612x792px, r=0.7727)
        - 1_01_PLC_Intro.pdf  (612x792px, r=0.7727)
        - 21_16_Rotational_Systems_and_Gears.pdf  (612x792px, r=0.7727)
        - 24_18_Error_Constants.pdf  (612x792px, r=0.7727)
        - 26_19_Routh_Criteria.pdf  (612x792px, r=0.7727)
        - 28_20_Root_Locus.pdf  (612x792px, r=0.7727)
        - 2_02_PLC_and_Code_Composer.pdf  (612x792px, r=0.7727)
        - 30_21_Root_Locus_with_Complex_Poles_and_Zeros.pdf  (612x792px, r=0.7727)
        - 33_22_Gain_Compensation_with_Root_Locus.pdf  (612x792px, r=0.7727)
        - 35_23_Lead_Compensators_with_Root_Locus.pdf  (612x792px, r=0.7727)
        - 36_24_PID_Compensators_using_Root_Locus.pdf  (612x792px, r=0.7727)
        - 3_03_PLC_and_State_Transistion_Logic.pdf  (612x792px, r=0.7727)
        - 40_26_Meeting_Design_Specs_using_Root_Locus.pdf  (612x792px, r=0.7727)
        - 41_27_Root_Locus_for_Systems_with_Delays.pdf  (612x792px, r=0.7727)
        - 44_28_Unstable_Systems_and_Multiloop_Feedback.pdf  (612x792px, r=0.7727)
        - 46_29_z_Transforms.pdf  (612x792px, r=0.7727)
        - 47_30_Converting_Gs_to_Gz.pdf  (612x792px, r=0.7727)
        - 49_31_Root_Locus_in_the_z_Plane.pdf  (612x792px, r=0.7727)
        - 4_04_PLC_and_Timers.pdf  (612x792px, r=0.7727)
        - 52_32_PID_in_the_z_Domain.pdf  (612x792px, r=0.7727)
        - 53_33_Meeting_Design_Specs_in_the_z_Plane.pdf  (612x792px, r=0.7727)
        - 56_35_Bode_Plots.pdf  (612x792px, r=0.7727)
        - 58_36_Gain_Compensation_and_Nichols_Charts.pdf  (612x792px, r=0.7727)
        - 5_05_PLC_and_Counters.pdf  (612x792px, r=0.7727)
        - 60_37_Compensator_Design_using_Bode_Plots.pdf  (612x792px, r=0.7727)
        - 62_38_Lag_Compensators.pdf  (612x792px, r=0.7727)
        - 64_39_Meeting_Design_Specs_using_Bode_Plots.pdf  (612x792px, r=0.7727)
        - 6_06_PLC_and_Analog_Inputs.pdf  (612x792px, r=0.7727)
        - 7_07_PLC_and_Loops.pdf  (612x792px, r=0.7727)
        - 8_08_PLC_Structured_Text.pdf  (612x792px, r=0.7727)
  ECE710_-_University_of_Waterloo
        - 106_A_polynomial_class.pdf  (612x792px, r=0.7727)
        - 107_Date_class.pdf  (612x792px, r=0.7727)
  ECEG270_-_Bucknell_University
        - 1_2-Mod1_NQ_2019.pdf  (612x792px, r=0.7727)
        - 2_2-Mod2_NQ_2019.pdf  (612x792px, r=0.7727)
        - 3_2-Mod3_LS_2019.pdf  (612x792px, r=0.7727)
        - 4_2-Mod3_NQ_2019.pdf  (612x792px, r=0.7727)
        - 5_2-Mod4_LS_2019.pdf  (612x792px, r=0.7727)
        - 6_2-Mod4_NQ_2019.pdf  (612x792px, r=0.7727)
        - 7_pu_ddpp-5E-supplement_copyright_DGMeyer_2018.pdf  (612x792px, r=0.7727)
  ECET210_-_Purdue_University
        - 1_2-Mod1_NQ_2019.pdf  (612x792px, r=0.7727)
        - 2_2-Mod2_NQ_2019.pdf  (612x792px, r=0.7727)
        - 3_2-Mod3_LS_2019.pdf  (612x792px, r=0.7727)
        - 4_2-Mod3_NQ_2019.pdf  (612x792px, r=0.7727)
        - 5_2-Mod4_LS_2019.pdf  (612x792px, r=0.7727)
        - 6_2-Mod4_NQ_2019.pdf  (612x792px, r=0.7727)
        - 7_pu_ddpp-5E-supplement_copyright_DGMeyer_2018.pdf  (612x792px, r=0.7727)
  ECN111_-_Furman_University
        - 12_ec107_Day3_PS3.pdf  (596x842px, r=0.7078)
        - 13_day4_exercises.pdf  (596x842px, r=0.7078)
        - 16_ec107_Day4_PS4.pdf  (596x842px, r=0.7078)
        - 17_Handbook.pdf  (596x842px, r=0.7078)
        - 1_day1_exercises.pdf  (596x842px, r=0.7078)
        - 4_ec107_Day1_PS1.pdf  (596x842px, r=0.7078)
        - 5_day2_exercises.pdf  (596x842px, r=0.7078)
        - 8_ec107_Day2_PS2.pdf  (596x842px, r=0.7078)
        - 9_day3_exercises.pdf  (596x842px, r=0.7078)
  ECO3410_-_Florida_International_University
        - 12_ec107_Day3_PS3.pdf  (596x842px, r=0.7078)
        - 13_day4_exercises.pdf  (596x842px, r=0.7078)
        - 16_ec107_Day4_PS4.pdf  (596x842px, r=0.7078)
        - 17_Handbook.pdf  (596x842px, r=0.7078)
        - 1_day1_exercises.pdf  (596x842px, r=0.7078)
        - 4_ec107_Day1_PS1.pdf  (596x842px, r=0.7078)
        - 5_day2_exercises.pdf  (596x842px, r=0.7078)
        - 8_ec107_Day2_PS2.pdf  (596x842px, r=0.7078)
        - 9_day3_exercises.pdf  (596x842px, r=0.7078)
  ECON1056_-_Georgetown_University
        - 12_ec107_Day3_PS3.pdf  (596x842px, r=0.7078)
        - 13_day4_exercises.pdf  (596x842px, r=0.7078)
        - 16_ec107_Day4_PS4.pdf  (596x842px, r=0.7078)
        - 17_Handbook.pdf  (596x842px, r=0.7078)
        - 1_day1_exercises.pdf  (596x842px, r=0.7078)
        - 4_ec107_Day1_PS1.pdf  (596x842px, r=0.7078)
        - 5_day2_exercises.pdf  (596x842px, r=0.7078)
        - 8_ec107_Day2_PS2.pdf  (596x842px, r=0.7078)
        - 9_day3_exercises.pdf  (596x842px, r=0.7078)
  ECON1210_-_University_of_Manitoba
        - 12_ec107_Day3_PS3.pdf  (596x842px, r=0.7078)
        - 13_day4_exercises.pdf  (596x842px, r=0.7078)
        - 16_ec107_Day4_PS4.pdf  (596x842px, r=0.7078)
        - 17_Handbook.pdf  (596x842px, r=0.7078)
        - 1_day1_exercises.pdf  (596x842px, r=0.7078)
        - 4_ec107_Day1_PS1.pdf  (596x842px, r=0.7078)
        - 5_day2_exercises.pdf  (596x842px, r=0.7078)
        - 8_ec107_Day2_PS2.pdf  (596x842px, r=0.7078)
        - 9_day3_exercises.pdf  (596x842px, r=0.7078)
  ECON1357_-_Georgetown_University
        - 12_ec107_Day3_PS3.pdf  (596x842px, r=0.7078)
        - 13_day4_exercises.pdf  (596x842px, r=0.7078)
        - 16_ec107_Day4_PS4.pdf  (596x842px, r=0.7078)
        - 17_Handbook.pdf  (596x842px, r=0.7078)
        - 1_day1_exercises.pdf  (596x842px, r=0.7078)
        - 4_ec107_Day1_PS1.pdf  (596x842px, r=0.7078)
        - 5_day2_exercises.pdf  (596x842px, r=0.7078)
        - 8_ec107_Day2_PS2.pdf  (596x842px, r=0.7078)
        - 9_day3_exercises.pdf  (596x842px, r=0.7078)
  ECON172B_-_Brandeis_University
        - 12_ec107_Day3_PS3.pdf  (596x842px, r=0.7078)
        - 13_day4_exercises.pdf  (596x842px, r=0.7078)
        - 16_ec107_Day4_PS4.pdf  (596x842px, r=0.7078)
        - 17_Handbook.pdf  (596x842px, r=0.7078)
        - 1_day1_exercises.pdf  (596x842px, r=0.7078)
        - 4_ec107_Day1_PS1.pdf  (596x842px, r=0.7078)
        - 5_day2_exercises.pdf  (596x842px, r=0.7078)
        - 8_ec107_Day2_PS2.pdf  (596x842px, r=0.7078)
        - 9_day3_exercises.pdf  (596x842px, r=0.7078)
  ECON2106H_-_University_of_Georgia
        - 12_ec107_Day3_PS3.pdf  (596x842px, r=0.7078)
        - 13_day4_exercises.pdf  (596x842px, r=0.7078)
        - 16_ec107_Day4_PS4.pdf  (596x842px, r=0.7078)
        - 17_Handbook.pdf  (596x842px, r=0.7078)
        - 1_day1_exercises.pdf  (596x842px, r=0.7078)
        - 4_ec107_Day1_PS1.pdf  (596x842px, r=0.7078)
        - 5_day2_exercises.pdf  (596x842px, r=0.7078)
        - 8_ec107_Day2_PS2.pdf  (596x842px, r=0.7078)
        - 9_day3_exercises.pdf  (596x842px, r=0.7078)
  ECON277_-_University_of_Montreal
        - 11_Lecture2_EC2B1_Moll_supplement.pdf  (612x792px, r=0.7727)
        - 21_Lecture3_EC2B1_Moll_supplement.pdf  (612x792px, r=0.7727)
        - 2_Lecture1_EC2B1_Moll_supplement.pdf  (612x792px, r=0.7727)
        - 30_Lecture5_EC2B1_Moll_model_writeup.pdf  (612x792px, r=0.7727)
        - 38_Lecture7_EC2B1_Moll_model_writeup.pdf  (612x792px, r=0.7727)
        - 43_Lecture8_EC2B1_Moll_model_writeup_TANK.pdf  (612x792px, r=0.7727)
        - 47_Lecture9_EC2B1_Moll_model_writeup_bubbles.pdf  (612x792px, r=0.7727)
        - 48_Lecture9_EC2B1_Moll_model_writeup_financial_amplification.pdf  (612x792px, r=0.7727)
        - 53_Lecture10_EC2B1_Moll_model_writeup_unemployment.pdf  (612x792px, r=0.7727)
  ECON3100_-_University_of_Iowa
        - 12_ec107_Day3_PS3.pdf  (596x842px, r=0.7078)
        - 13_day4_exercises.pdf  (596x842px, r=0.7078)
        - 16_ec107_Day4_PS4.pdf  (596x842px, r=0.7078)
        - 17_Handbook.pdf  (596x842px, r=0.7078)
        - 1_day1_exercises.pdf  (596x842px, r=0.7078)
        - 4_ec107_Day1_PS1.pdf  (596x842px, r=0.7078)
        - 5_day2_exercises.pdf  (596x842px, r=0.7078)
        - 8_ec107_Day2_PS2.pdf  (596x842px, r=0.7078)
        - 9_day3_exercises.pdf  (596x842px, r=0.7078)
  ECON3345_-_University_of_Iowa
        - 12_ec107_Day3_PS3.pdf  (596x842px, r=0.7078)
        - 13_day4_exercises.pdf  (596x842px, r=0.7078)
        - 16_ec107_Day4_PS4.pdf  (596x842px, r=0.7078)
        - 17_Handbook.pdf  (596x842px, r=0.7078)
        - 1_day1_exercises.pdf  (596x842px, r=0.7078)
        - 4_ec107_Day1_PS1.pdf  (596x842px, r=0.7078)
        - 5_day2_exercises.pdf  (596x842px, r=0.7078)
        - 8_ec107_Day2_PS2.pdf  (596x842px, r=0.7078)
        - 9_day3_exercises.pdf  (596x842px, r=0.7078)
  ECON361_-_University_of_Arizona
        - 12_ec107_Day3_PS3.pdf  (596x842px, r=0.7078)
        - 13_day4_exercises.pdf  (596x842px, r=0.7078)
        - 16_ec107_Day4_PS4.pdf  (596x842px, r=0.7078)
        - 17_Handbook.pdf  (596x842px, r=0.7078)
        - 1_day1_exercises.pdf  (596x842px, r=0.7078)
        - 4_ec107_Day1_PS1.pdf  (596x842px, r=0.7078)
        - 5_day2_exercises.pdf  (596x842px, r=0.7078)
        - 8_ec107_Day2_PS2.pdf  (596x842px, r=0.7078)
        - 9_day3_exercises.pdf  (596x842px, r=0.7078)
  ECON3670_-_University_of_Manitoba
        - 12_ec107_Day3_PS3.pdf  (596x842px, r=0.7078)
        - 13_day4_exercises.pdf  (596x842px, r=0.7078)
        - 16_ec107_Day4_PS4.pdf  (596x842px, r=0.7078)
        - 17_Handbook.pdf  (596x842px, r=0.7078)
        - 1_day1_exercises.pdf  (596x842px, r=0.7078)
        - 4_ec107_Day1_PS1.pdf  (596x842px, r=0.7078)
        - 5_day2_exercises.pdf  (596x842px, r=0.7078)
        - 8_ec107_Day2_PS2.pdf  (596x842px, r=0.7078)
        - 9_day3_exercises.pdf  (596x842px, r=0.7078)
  ECON3710_-_University_of_Manitoba
        - 12_ec107_Day3_PS3.pdf  (596x842px, r=0.7078)
        - 13_day4_exercises.pdf  (596x842px, r=0.7078)
        - 16_ec107_Day4_PS4.pdf  (596x842px, r=0.7078)
        - 17_Handbook.pdf  (596x842px, r=0.7078)
        - 1_day1_exercises.pdf  (596x842px, r=0.7078)
        - 4_ec107_Day1_PS1.pdf  (596x842px, r=0.7078)
        - 5_day2_exercises.pdf  (596x842px, r=0.7078)
        - 8_ec107_Day2_PS2.pdf  (596x842px, r=0.7078)
        - 9_day3_exercises.pdf  (596x842px, r=0.7078)
  ED01_-_Stanford_University
        - 11_preLecture6.pdf  (612x792px, r=0.7727)
        - 13_preLecture7.pdf  (612x792px, r=0.7727)
        - 15_preLecture8.pdf  (612x792px, r=0.7727)
        - 17_preLecture9.pdf  (612x792px, r=0.7727)
        - 19_preLecture10.pdf  (612x792px, r=0.7727)
        - 21_preLecture11.pdf  (612x792px, r=0.7727)
        - 23_preLecture12.pdf  (612x792px, r=0.7727)
        - 25_preLecture13.pdf  (612x792px, r=0.7727)
        - 27_preLecture14.pdf  (612x792px, r=0.7727)
        - 29_preLecture15.pdf  (612x792px, r=0.7727)
        - 31_preLecture16.pdf  (612x792px, r=0.7727)
        - 3_preLecture2.pdf  (612x792px, r=0.7727)
        - 5_preLecture3.pdf  (612x792px, r=0.7727)
        - 7_preLecture4.pdf  (612x792px, r=0.7727)
        - 9_preLecture5.pdf  (612x792px, r=0.7727)
  EDU249_-_Stanford_University
        - 21_transistors.pdf  (612x792px, r=0.7727)
        - 24_logicgates.pdf  (612x792px, r=0.7727)
        - 35_reactives.pdf  (612x792px, r=0.7727)
        - 38_transient.pdf  (612x792px, r=0.7727)
        - 43_signals.pdf  (612x792px, r=0.7727)
        - 44_impedance.pdf  (612x792px, r=0.7727)
        - 46_bodeplots.pdf  (612x792px, r=0.7727)
        - 47_opamps.pdf  (612x792px, r=0.7727)
        - 48_opampfilters.pdf  (612x792px, r=0.7727)
        - 52_arduino.pdf  (612x792px, r=0.7727)
        - 57_keyboard_breakingbreak.pdf  (612x792px, r=0.7727)
  EDUC02_-_Stanford_University
        - 22_section_6.pdf  (612x792px, r=0.7727)
        - 23_section_6_sol.pdf  (612x792px, r=0.7727)
  EE450_-_University_of_Southern_California
        - 10_EE450-handwritten-notes-9-12.pdf  (1700x2200px, r=0.7727)
        - 14_Discussion7.pdf  (540x720px, r=0.75)
        - 15_EE450-10-1-notesv2.pdf  (1700x2200px, r=0.7727)
        - 16_EE450-9-24-handwritten.pdf  (1700x2340px, r=0.7265)
        - 17_EE450-9-26-notesv2.pdf  (1700x2200px, r=0.7727)
        - 20_EE450_Discussion_Notes_00272024.pdf  (612x792px, r=0.7727)
        - 21_Discussion7.pdf  (540x720px, r=0.75)
        - 23_EE450-hand-written-notes-10-1-2024.pdf  (1700x2200px, r=0.7727)
        - 24_Q3-Discussion.pdf  (612x792px, r=0.7727)
        - 25_Question4_errorcheck.pdf  (596x648px, r=0.9198)
        - 27_Discussion8_ProblemSet.pdf  (612x792px, r=0.7727)
        - 30_EE45-Discussion-11.pdf  (612x793px, r=0.7718)
        - 33_EE450_Discussion_Notes_11012024.pdf  (612x792px, r=0.7727)
        - 35_Discussion-WK-12_Routing.pdf  (612x792px, r=0.7727)
        - 37_EE450-hand-written-notes-11-12.pdf  (1700x2200px, r=0.7727)
        - 3_EE450-hand-written-notes-10-8-part_1.pdf  (1700x2200px, r=0.7727)
        - 41_EE450-Discussion-14-NOV22.pdf  (612x792px, r=0.7727)
        - 42_EE450_Discussion_Notes_11222024.pdf  (612x792px, r=0.7727)
        - 43_IP-Tunnel-Addressing.pdf  (1700x2200px, r=0.7727)
        - 45_EE450-Last-Discussion.pdf  (612x792px, r=0.7727)
        - 47_EE450_Discussion_Notes_12062024.pdf  (612x792px, r=0.7727)
        - 48_CourseNote.pdf  (612x792px, r=0.7727)
        - 49_EE450_Midterm_Fall2022.pdf  (596x842px, r=0.7078)
        - 50_EE450_Midterm_Spring2021_1.pdf  (612x792px, r=0.7727)
        - 52_EE450-Final-2020-Fall.pdf  (612x792px, r=0.7727)
        - 53_EE450-Final-2020-Spring-Sol.pdf  (596x842px, r=0.7078)
        - 54_EE450-Final-2020-Spring.pdf  (612x793px, r=0.7718)
        - 55_EE450-Final-2021-Spring-Sol.pdf  (596x842px, r=0.7078)
        - 56_EE450-Final-2021-Spring.pdf  (612x793px, r=0.7718)
        - 57_EE450-Final-2022-Fall.pdf  (612x792px, r=0.7727)
        - 58_EE450-Final-2022-Spring.pdf  (612x792px, r=0.7727)
        - 59_EE450-Final-Spring-2021-Solutions_Shaoen_Qin.pdf  (596x842px, r=0.7078)
        - 5_EE450-hand-written-notes-10-8-part_2.pdf  (1700x2200px, r=0.7727)
        - 60_EE450-Midterm-Solutions-Fall-2024.pdf  (612x792px, r=0.7727)
        - 61_EE450-Syllabus-2-1.pdf  (612x792px, r=0.7727)
        - 62_EE450_Fall2024_Socket_Programming_Project_REV01.pdf  (612x792px, r=0.7727)
        - 63_EE450_Midterm_Spring_2021_Solutions.pdf_1_1.pdf  (612x792px, r=0.7727)
        - 64_final_fall_2020.pdf  (612x792px, r=0.7727)
        - 65_final_solution.pdf  (612x785px, r=0.7796)
        - 66_final_spring_2020.pdf  (612x793px, r=0.7718)
        - 67_midterm_fall_2020.pdf  (612x792px, r=0.7727)
        - 68_midterm_spring_2021.pdf  (612x792px, r=0.7727)
        - 6_EE450-handwritten-notes-9-5v2.pdf  (1700x2200px, r=0.7727)
        - 9_EE450-Unix_Commands_More_Detailed_from_UNIX_IN_A_NUTSHELL_-1_1_-1_1_-1.pdf  (612x792px, r=0.7727)
  ENGL2159_-_University_of_Cincinnati
        - 10_music5.pdf  (612x792px, r=0.7727)
        - 12_music6.pdf  (612x792px, r=0.7727)
        - 13_music7.pdf  (612x792px, r=0.7727)
        - 14_music8.pdf  (612x792px, r=0.7727)
        - 18_egypt_q_a.pdf  (612x792px, r=0.7727)
        - 2_music1_2.pdf  (612x792px, r=0.7727)
        - 4_music2.pdf  (612x792px, r=0.7727)
        - 6_music3.pdf  (612x792px, r=0.7727)
        - 8_music4.pdf  (612x792px, r=0.7727)
  ENGL2184_-_University_of_Cincinnati
        - 10_music5.pdf  (612x792px, r=0.7727)
        - 12_music6.pdf  (612x792px, r=0.7727)
        - 13_music7.pdf  (612x792px, r=0.7727)
        - 14_music8.pdf  (612x792px, r=0.7727)
        - 18_egypt_q_a.pdf  (612x792px, r=0.7727)
        - 2_music1_2.pdf  (612x792px, r=0.7727)
        - 4_music2.pdf  (612x792px, r=0.7727)
        - 6_music3.pdf  (612x792px, r=0.7727)
        - 8_music4.pdf  (612x792px, r=0.7727)
  ENGR190_-_Purdue_University
        - 10_Professor_Kimia_LOR.pdf  (612x792px, r=0.7727)
        - 11_Sustainability_Assignment.pdf  (612x792px, r=0.7727)
        - 7_ENGR190_MCE_Assignment_2.pdf  (612x792px, r=0.7727)
  ENTR3071_-_University_of_Cincinnati
        - 10_music5.pdf  (612x792px, r=0.7727)
        - 12_music6.pdf  (612x792px, r=0.7727)
        - 13_music7.pdf  (612x792px, r=0.7727)
        - 14_music8.pdf  (612x792px, r=0.7727)
        - 18_egypt_q_a.pdf  (612x792px, r=0.7727)
        - 2_music1_2.pdf  (612x792px, r=0.7727)
        - 4_music2.pdf  (612x792px, r=0.7727)
        - 6_music3.pdf  (612x792px, r=0.7727)
        - 8_music4.pdf  (612x792px, r=0.7727)
  ENTR4005_-_University_of_Cincinnati
        - 10_music5.pdf  (612x792px, r=0.7727)
        - 12_music6.pdf  (612x792px, r=0.7727)
        - 13_music7.pdf  (612x792px, r=0.7727)
        - 14_music8.pdf  (612x792px, r=0.7727)
        - 18_egypt_q_a.pdf  (612x792px, r=0.7727)
        - 2_music1_2.pdf  (612x792px, r=0.7727)
        - 4_music2.pdf  (612x792px, r=0.7727)
        - 6_music3.pdf  (612x792px, r=0.7727)
        - 8_music4.pdf  (612x792px, r=0.7727)
  ESL2089_-_University_of_Cincinnati
        - 10_music5.pdf  (612x792px, r=0.7727)
        - 12_music6.pdf  (612x792px, r=0.7727)
        - 13_music7.pdf  (612x792px, r=0.7727)
        - 14_music8.pdf  (612x792px, r=0.7727)
        - 18_egypt_q_a.pdf  (612x792px, r=0.7727)
        - 2_music1_2.pdf  (612x792px, r=0.7727)
        - 4_music2.pdf  (612x792px, r=0.7727)
        - 6_music3.pdf  (612x792px, r=0.7727)
        - 8_music4.pdf  (612x792px, r=0.7727)
  ETST256_-_Colorado_State_University
        - 38_Ap2slide.pdf  (612x792px, r=0.7727)
  EVST2000_-_University_of_Cincinnati
        - 10_music5.pdf  (612x792px, r=0.7727)
        - 12_music6.pdf  (612x792px, r=0.7727)
        - 13_music7.pdf  (612x792px, r=0.7727)
        - 14_music8.pdf  (612x792px, r=0.7727)
        - 18_egypt_q_a.pdf  (612x792px, r=0.7727)
        - 2_music1_2.pdf  (612x792px, r=0.7727)
        - 4_music2.pdf  (612x792px, r=0.7727)
        - 6_music3.pdf  (612x792px, r=0.7727)
        - 8_music4.pdf  (612x792px, r=0.7727)
  EX345_-_Colorado_State_University
        - 38_Ap2slide.pdf  (612x792px, r=0.7727)
  FAM2011_-_University_of_Cincinnati
        - 10_music5.pdf  (612x792px, r=0.7727)
        - 12_music6.pdf  (612x792px, r=0.7727)
        - 13_music7.pdf  (612x792px, r=0.7727)
        - 14_music8.pdf  (612x792px, r=0.7727)
        - 18_egypt_q_a.pdf  (612x792px, r=0.7727)
        - 2_music1_2.pdf  (612x792px, r=0.7727)
        - 4_music2.pdf  (612x792px, r=0.7727)
        - 6_music3.pdf  (612x792px, r=0.7727)
        - 8_music4.pdf  (612x792px, r=0.7727)
  FIN3710_-_Baruch_College
        - 1_cd_chapter_1_problems_pdf.pdf  (612x792px, r=0.7727)
        - 3_chapter_2_problems.pdf  (612x792px, r=0.7727)
  FREN2015_-_University_of_Cincinnati
        - 10_music5.pdf  (612x792px, r=0.7727)
        - 12_music6.pdf  (612x792px, r=0.7727)
        - 13_music7.pdf  (612x792px, r=0.7727)
        - 14_music8.pdf  (612x792px, r=0.7727)
        - 18_egypt_q_a.pdf  (612x792px, r=0.7727)
        - 2_music1_2.pdf  (612x792px, r=0.7727)
        - 4_music2.pdf  (612x792px, r=0.7727)
        - 6_music3.pdf  (612x792px, r=0.7727)
        - 8_music4.pdf  (612x792px, r=0.7727)
  FTM280_-_Quinnipiac_University
        - 11_preLecture6.pdf  (612x792px, r=0.7727)
        - 3_preLecture2.pdf  (612x792px, r=0.7727)
        - 5_preLecture3.pdf  (612x792px, r=0.7727)
        - 7_preLecture4.pdf  (612x792px, r=0.7727)
        - 9_preLecture5.pdf  (612x792px, r=0.7727)
  GEOG5171C_-_University_of_Cincinnati
        - 10_music5.pdf  (612x792px, r=0.7727)
        - 12_music6.pdf  (612x792px, r=0.7727)
        - 13_music7.pdf  (612x792px, r=0.7727)
        - 14_music8.pdf  (612x792px, r=0.7727)
        - 18_egypt_q_a.pdf  (612x792px, r=0.7727)
        - 2_music1_2.pdf  (612x792px, r=0.7727)
        - 4_music2.pdf  (612x792px, r=0.7727)
        - 6_music3.pdf  (612x792px, r=0.7727)
        - 8_music4.pdf  (612x792px, r=0.7727)
  GEOL161_-_University_of_Cincinnati
        - 10_music5.pdf  (612x792px, r=0.7727)
        - 12_music6.pdf  (612x792px, r=0.7727)
        - 13_music7.pdf  (612x792px, r=0.7727)
        - 14_music8.pdf  (612x792px, r=0.7727)
        - 18_egypt_q_a.pdf  (612x792px, r=0.7727)
        - 2_music1_2.pdf  (612x792px, r=0.7727)
        - 4_music2.pdf  (612x792px, r=0.7727)
        - 6_music3.pdf  (612x792px, r=0.7727)
        - 8_music4.pdf  (612x792px, r=0.7727)
  GLGY443_-_University_of_Calgary
        - 23_tcptrace-annotated.pdf  (612x792px, r=0.7727)
  HI539_-_Boston_University
        - 10_10_TertQuatProteinStruct25.pdf  (612x792px, r=0.7727)
        - 11_11a_TertQuatProteinStruct25.pdf  (612x792px, r=0.7727)
        - 12_12a_TertQuatProteinStructCollagen25.pdf  (612x792px, r=0.7727)
        - 13_12b_Enzymes25.pdf  (612x792px, r=0.7727)
        - 14_13_Enzymes25.pdf  (612x792px, r=0.7727)
        - 15_14_Enzymes25.pdf  (612x792px, r=0.7727)
        - 16_15_Enzymes25.pdf  (612x792px, r=0.7727)
        - 17_16ab_Enzymes25.pdf  (612x792px, r=0.7727)
        - 18_17_Enzymes_Regulation25.pdf  (612x792px, r=0.7727)
        - 19_18_EnzymesRegulation25_backup.pdf  (612x792px, r=0.7727)
        - 1_1_IntroThermo25.pdf  (612x792px, r=0.7727)
        - 20_19_Hemoglobin25.pdf  (612x792px, r=0.7727)
        - 21_20a_ProteinStabFolding25.pdf  (612x792px, r=0.7727)
        - 22_20b_ProteinStabFolding25.pdf  (612x792px, r=0.7727)
        - 23_21_Carbohydrates_25.pdf  (612x792px, r=0.7727)
        - 24_22_Carbohydrates_25.pdf  (612x792px, r=0.7727)
        - 25_23ab_Carbohydrates_25.pdf  (612x792px, r=0.7727)
        - 26_24_NucleicAcids_Intro25.pdf  (612x792px, r=0.7727)
        - 27_25_NucleicAcids_Intro25.pdf  (612x792px, r=0.7727)
        - 28_26a_NucleicAcids_Intro25.pdf  (612x792px, r=0.7727)
        - 29_26b_recDNA25.pdf  (612x792px, r=0.7727)
        - 2_2ab_WaterMolecForcespH25.pdf  (612x792px, r=0.7727)
        - 30_27_Replication_v4_25.pdf  (612x792px, r=0.7727)
        - 31_27a_recDNA25.pdf  (612x792px, r=0.7727)
        - 32_28ab_TranscriptionTranslation25.pdf  (612x792px, r=0.7727)
        - 33_29_Lipids_Membranes25.pdf  (612x792px, r=0.7727)
        - 34_30_Lipids_Membranes25.pdf  (612x792px, r=0.7727)
        - 35_31a_Lipids_Membranes25.pdf  (612x792px, r=0.7727)
        - 36_31b_Vitamins_Bioenergetics25.pdf  (612x792px, r=0.7727)
        - 37_32_Vitamins_Bioenergetics25.pdf  (612x792px, r=0.7727)
        - 38_0_Intro421_2025.pdf  (612x792px, r=0.7727)
        - 3_3_ProteinsIntro25.pdf  (612x792px, r=0.7727)
        - 4_4_5_AminoAcids25.pdf  (612x792px, r=0.7727)
        - 5_5ab_AminoAcids25.pdf  (612x792px, r=0.7727)
        - 6_6_ProteinPurif25.pdf  (612x792px, r=0.7727)
        - 7_7_ProtStruct25.pdf  (612x792px, r=0.7727)
        - 8_8_ProtStruct.pdf  (612x792px, r=0.7727)
        - 9_9_ProtStruct.pdf  (612x792px, r=0.7727)
  HIST1089_-_University_of_Cincinnati
        - 10_music5.pdf  (612x792px, r=0.7727)
        - 12_music6.pdf  (612x792px, r=0.7727)
        - 13_music7.pdf  (612x792px, r=0.7727)
        - 14_music8.pdf  (612x792px, r=0.7727)
        - 18_egypt_q_a.pdf  (612x792px, r=0.7727)
        - 2_music1_2.pdf  (612x792px, r=0.7727)
        - 4_music2.pdf  (612x792px, r=0.7727)
        - 6_music3.pdf  (612x792px, r=0.7727)
        - 8_music4.pdf  (612x792px, r=0.7727)
  HIST165A_-_Stanford_University
        - 11_preLecture6.pdf  (612x792px, r=0.7727)
        - 13_preLecture7.pdf  (612x792px, r=0.7727)
        - 15_preLecture8.pdf  (612x792px, r=0.7727)
        - 17_preLecture9.pdf  (612x792px, r=0.7727)
        - 19_preLecture10.pdf  (612x792px, r=0.7727)
        - 21_preLecture11.pdf  (612x792px, r=0.7727)
        - 23_preLecture12.pdf  (612x792px, r=0.7727)
        - 25_preLecture13.pdf  (612x792px, r=0.7727)
        - 27_preLecture14.pdf  (612x792px, r=0.7727)
        - 29_preLecture15.pdf  (612x792px, r=0.7727)
        - 31_preLecture16.pdf  (612x792px, r=0.7727)
        - 3_preLecture2.pdf  (612x792px, r=0.7727)
        - 5_preLecture3.pdf  (612x792px, r=0.7727)
        - 7_preLecture4.pdf  (612x792px, r=0.7727)
        - 9_preLecture5.pdf  (612x792px, r=0.7727)
  HIST166B_-_Stanford_University
        - 12_lecture5-pre.pdf  (612x792px, r=0.7727)
        - 15_lecture6-pre.pdf  (612x792px, r=0.7727)
        - 18_lecture7-pre.pdf  (612x792px, r=0.7727)
        - 21_lecture8-pre.pdf  (612x792px, r=0.7727)
        - 24_lecture9-pre.pdf  (612x792px, r=0.7727)
        - 27_lecture10-pre.pdf  (612x792px, r=0.7727)
        - 30_lecture11-pre.pdf  (612x792px, r=0.7727)
        - 33_lecture12-pre.pdf  (612x792px, r=0.7727)
        - 38_lecture14-pre.pdf  (612x792px, r=0.7727)
        - 3_lecture2-pre.pdf  (612x792px, r=0.7727)
        - 41_lecture15-pre.pdf  (612x792px, r=0.7727)
        - 44_lecture16-pre.pdf  (612x792px, r=0.7727)
        - 47_lecture17-pre.pdf  (612x792px, r=0.7727)
        - 6_lecture3-pre.pdf  (612x792px, r=0.7727)
        - 9_lecture4-pre.pdf  (612x792px, r=0.7727)
  HIST2067_-_University_of_Cincinnati
        - 10_music5.pdf  (612x792px, r=0.7727)
        - 12_music6.pdf  (612x792px, r=0.7727)
        - 13_music7.pdf  (612x792px, r=0.7727)
        - 14_music8.pdf  (612x792px, r=0.7727)
        - 18_egypt_q_a.pdf  (612x792px, r=0.7727)
        - 2_music1_2.pdf  (612x792px, r=0.7727)
        - 4_music2.pdf  (612x792px, r=0.7727)
        - 6_music3.pdf  (612x792px, r=0.7727)
        - 8_music4.pdf  (612x792px, r=0.7727)
  HS810_-_Purdue_University
        - 1_2-Mod1_NQ_2019.pdf  (612x792px, r=0.7727)
        - 2_2-Mod2_NQ_2019.pdf  (612x792px, r=0.7727)
        - 3_2-Mod3_LS_2019.pdf  (612x792px, r=0.7727)
        - 4_2-Mod3_NQ_2019.pdf  (612x792px, r=0.7727)
        - 5_2-Mod4_LS_2019.pdf  (612x792px, r=0.7727)
        - 6_2-Mod4_NQ_2019.pdf  (612x792px, r=0.7727)
        - 7_pu_ddpp-5E-supplement_copyright_DGMeyer_2018.pdf  (612x792px, r=0.7727)
  IT1090C_-_University_of_Cincinnati
        - 10_music5.pdf  (612x792px, r=0.7727)
        - 12_music6.pdf  (612x792px, r=0.7727)
        - 13_music7.pdf  (612x792px, r=0.7727)
        - 14_music8.pdf  (612x792px, r=0.7727)
        - 18_egypt_q_a.pdf  (612x792px, r=0.7727)
        - 2_music1_2.pdf  (612x792px, r=0.7727)
        - 4_music2.pdf  (612x792px, r=0.7727)
        - 6_music3.pdf  (612x792px, r=0.7727)
        - 8_music4.pdf  (612x792px, r=0.7727)
  IT2021_-_University_of_Cincinnati
        - 10_music5.pdf  (612x792px, r=0.7727)
        - 12_music6.pdf  (612x792px, r=0.7727)
        - 13_music7.pdf  (612x792px, r=0.7727)
        - 14_music8.pdf  (612x792px, r=0.7727)
        - 18_egypt_q_a.pdf  (612x792px, r=0.7727)
        - 2_music1_2.pdf  (612x792px, r=0.7727)
        - 4_music2.pdf  (612x792px, r=0.7727)
        - 6_music3.pdf  (612x792px, r=0.7727)
        - 8_music4.pdf  (612x792px, r=0.7727)
  IT2030C_-_University_of_Cincinnati
        - 10_music5.pdf  (612x792px, r=0.7727)
        - 12_music6.pdf  (612x792px, r=0.7727)
        - 13_music7.pdf  (612x792px, r=0.7727)
        - 14_music8.pdf  (612x792px, r=0.7727)
        - 18_egypt_q_a.pdf  (612x792px, r=0.7727)
        - 2_music1_2.pdf  (612x792px, r=0.7727)
        - 4_music2.pdf  (612x792px, r=0.7727)
        - 6_music3.pdf  (612x792px, r=0.7727)
        - 8_music4.pdf  (612x792px, r=0.7727)
  KANT3304_-_Laval_University
        - 1_Epicurus-AtomsArg-overhead-Spring2018.pdf  (612x792px, r=0.7727)
  KREN011_-_Georgetown_University
        - 11_Lecture_4_Summary.pdf  (596x842px, r=0.7078)
        - 14_Lecture_5_Summary.pdf  (596x842px, r=0.7078)
        - 16_Lecture_6_Summary.pdf  (596x842px, r=0.7078)
        - 19_Lecture_7_Summary.pdf  (596x842px, r=0.7078)
        - 21_Lecture_8_Summary.pdf  (596x842px, r=0.7078)
        - 24_Lecture_9_Summary.pdf  (596x842px, r=0.7078)
        - 26_Lecture_10_Summary.pdf  (596x842px, r=0.7078)
        - 28_Lecture_11_Summary.pdf  (596x842px, r=0.7078)
        - 2_Lecture_1_Summary.pdf  (596x842px, r=0.7078)
        - 31_Lecture_12_Summary.pdf  (596x842px, r=0.7078)
        - 5_Lecture_2_Summary.pdf  (596x842px, r=0.7078)
        - 8_Lecture_3_Summary.pdf  (596x842px, r=0.7078)
  LF306_-_Boston_University
        - 10_10_TertQuatProteinStruct25.pdf  (612x792px, r=0.7727)
        - 11_11a_TertQuatProteinStruct25.pdf  (612x792px, r=0.7727)
        - 12_12a_TertQuatProteinStructCollagen25.pdf  (612x792px, r=0.7727)
        - 13_12b_Enzymes25.pdf  (612x792px, r=0.7727)
        - 14_13_Enzymes25.pdf  (612x792px, r=0.7727)
        - 15_14_Enzymes25.pdf  (612x792px, r=0.7727)
        - 16_15_Enzymes25.pdf  (612x792px, r=0.7727)
        - 17_16ab_Enzymes25.pdf  (612x792px, r=0.7727)
        - 18_17_Enzymes_Regulation25.pdf  (612x792px, r=0.7727)
        - 19_18_EnzymesRegulation25_backup.pdf  (612x792px, r=0.7727)
        - 1_1_IntroThermo25.pdf  (612x792px, r=0.7727)
        - 20_19_Hemoglobin25.pdf  (612x792px, r=0.7727)
        - 21_20a_ProteinStabFolding25.pdf  (612x792px, r=0.7727)
        - 22_20b_ProteinStabFolding25.pdf  (612x792px, r=0.7727)
        - 23_21_Carbohydrates_25.pdf  (612x792px, r=0.7727)
        - 24_22_Carbohydrates_25.pdf  (612x792px, r=0.7727)
        - 25_23ab_Carbohydrates_25.pdf  (612x792px, r=0.7727)
        - 26_24_NucleicAcids_Intro25.pdf  (612x792px, r=0.7727)
        - 27_25_NucleicAcids_Intro25.pdf  (612x792px, r=0.7727)
        - 28_26a_NucleicAcids_Intro25.pdf  (612x792px, r=0.7727)
        - 29_26b_recDNA25.pdf  (612x792px, r=0.7727)
        - 2_2ab_WaterMolecForcespH25.pdf  (612x792px, r=0.7727)
        - 30_27_Replication_v4_25.pdf  (612x792px, r=0.7727)
        - 31_27a_recDNA25.pdf  (612x792px, r=0.7727)
        - 32_28ab_TranscriptionTranslation25.pdf  (612x792px, r=0.7727)
        - 33_29_Lipids_Membranes25.pdf  (612x792px, r=0.7727)
        - 34_30_Lipids_Membranes25.pdf  (612x792px, r=0.7727)
        - 35_31a_Lipids_Membranes25.pdf  (612x792px, r=0.7727)
        - 36_31b_Vitamins_Bioenergetics25.pdf  (612x792px, r=0.7727)
        - 37_32_Vitamins_Bioenergetics25.pdf  (612x792px, r=0.7727)
        - 38_0_Intro421_2025.pdf  (612x792px, r=0.7727)
        - 3_3_ProteinsIntro25.pdf  (612x792px, r=0.7727)
        - 4_4_5_AminoAcids25.pdf  (612x792px, r=0.7727)
        - 5_5ab_AminoAcids25.pdf  (612x792px, r=0.7727)
        - 6_6_ProteinPurif25.pdf  (612x792px, r=0.7727)
        - 7_7_ProtStruct25.pdf  (612x792px, r=0.7727)
        - 8_8_ProtStruct.pdf  (612x792px, r=0.7727)
        - 9_9_ProtStruct.pdf  (612x792px, r=0.7727)
  M408C_-_University_of_Texas_at_Austin
        - 100_5_1-AreaAndDistance.pdf  (595x842px, r=0.7067)
        - 101_5_2_1-DefInt.pdf  (595x842px, r=0.7067)
        - 102_5_2_2-Properties.pdf  (595x842px, r=0.7067)
        - 103_HW11_-_4.9_5.1_5.2-problems.pdf  (612x792px, r=0.7727)
        - 104_HW11.pdf  (612x792px, r=0.7727)
        - 105_Week11HW.pdf  (612x792px, r=0.7727)
        - 106_11-07_1230.pdf  (612x804px, r=0.7612)
        - 107_5_3_1-FTCI.pdf  (595x842px, r=0.7067)
        - 108_5_3_2-FTCII.pdf  (595x842px, r=0.7067)
        - 109_5_4_1-IndefiniteIntegral.pdf  (595x842px, r=0.7067)
        - 10_1.5-InverseAndLogs-Part2.pdf  (595x842px, r=0.7067)
        - 110_5_4_2-NetChangeTheorem.pdf  (595x842px, r=0.7067)
        - 111_Week12HW.pdf  (612x792px, r=0.7727)
        - 112_11-30_1230.pdf  (612x804px, r=0.7612)
        - 113_5_5_1-USubIntro.pdf  (595x842px, r=0.7067)
        - 114_5_5_2-USubDefinite.pdf  (595x842px, r=0.7067)
        - 115_5_5_3-USubMore.pdf  (595x842px, r=0.7067)
        - 116_6_1_1-AreaIntro.pdf  (595x842px, r=0.7067)
        - 117_6_1_2-AreaExamples.pdf  (595x842px, r=0.7067)
        - 118_6_2_1-VolumeIntro.pdf  (595x842px, r=0.7067)
        - 119_Week13HW.pdf  (612x792px, r=0.7727)
        - 11_2.1-VelocityAndTangentLines.pdf  (595x842px, r=0.7067)
        - 120_M408C_1pm_F2023_Lecture_19.pdf  (612x804px, r=0.7612)
        - 121_HW_00_-_Algebra_and_Trig_Review_Problems.pdf  (612x792px, r=0.7727)
        - 122_HW00-InfoModule_Copy.pdf  (612x792px, r=0.7727)
        - 123_HW00-InfoModule.pdf  (612x792px, r=0.7727)
        - 124_M408C_Exam1A.pdf  (612x792px, r=0.7727)
        - 125_M408C_Exam1B.pdf  (612x792px, r=0.7727)
        - 126_M408C_Exam1C.pdf  (612x792px, r=0.7727)
        - 127_M408C_Exam2A.pdf  (612x792px, r=0.7727)
        - 128_M408C_Exam2B.pdf  (612x792px, r=0.7727)
        - 129_M408C_Exam3A1.pdf  (612x792px, r=0.7727)
        - 12_2.2.1-TheLimitOfAFunction.pdf  (595x842px, r=0.7067)
        - 130_M408C_Exam3A2.pdf  (612x792px, r=0.7727)
        - 131_M408C_Exam3B1.pdf  (612x792px, r=0.7727)
        - 132_M408C_Exam3B2.pdf  (612x792px, r=0.7727)
        - 133_M408C_Schedule.pdf  (612x792px, r=0.7727)
        - 134_M408C_Syllabus.pdf  (612x792px, r=0.7727)
        - 135_Review_1_Problems.pdf  (612x792px, r=0.7727)
        - 136_Review_1_Solutions.pdf  (612x792px, r=0.7727)
        - 137_Review_2_Problems_-_9.19.23.pdf  (612x792px, r=0.7727)
        - 138_Review_2_Solutions_-_9.19.23.pdf  (612x792px, r=0.7727)
        - 13_2.3.1-CalculatingLimitsUsingLaws.pdf  (595x842px, r=0.7067)
        - 14_2.3.2-CalculatingLimitsUsingLaws.pdf  (595x842px, r=0.7067)
        - 15_8-29_1230.pdf  (612x804px, r=0.7612)
        - 16_HW02_-_2.1-2.4-problems.pdf  (612x792px, r=0.7727)
        - 17_Textbook_HW02_-_Refined.pdf  (612x792px, r=0.7727)
        - 18_Textbook_Homework_02.pdf  (612x792px, r=0.7727)
        - 19_Week02HW.pdf  (612x792px, r=0.7727)
        - 1_1.4-ExponentialFuctions-Part1.pdf  (595x842px, r=0.7067)
        - 20_2.4-DefnOfALimit.pdf  (595x842px, r=0.7067)
        - 21_2.5.1-ContinuousFunctions.pdf  (595x842px, r=0.7067)
        - 22_2.5.2-ContinuousFunctions.pdf  (595x842px, r=0.7067)
        - 23_2.6-LimitsAtInfinity.pdf  (595x842px, r=0.7067)
        - 24_2.7.1-DerivativesAndRatesOfChange.pdf  (595x842px, r=0.7067)
        - 25_2.7.2-DerivativesAndRatesOfChange.pdf  (595x842px, r=0.7067)
        - 26_9-05_1230_Lecture_Notes.pdf  (612x804px, r=0.7612)
        - 27_9-07_1230.pdf  (612x804px, r=0.7612)
        - 28_HW03_-_2.5-2.7_Problems.pdf  (612x792px, r=0.7727)
        - 29_HW03Solutions.pdf  (595x842px, r=0.7067)
        - 2_1.5-InverseAndLogs-Part1.pdf  (595x842px, r=0.7067)
        - 30_Textbook_Homework_03_-_Abdon_Morales.pdf  (612x792px, r=0.7727)
        - 31_Textbook_Homework_03.pdf  (596x842px, r=0.7078)
        - 32_Week03HW.pdf  (612x792px, r=0.7727)
        - 33_2.7.1-DerivativesAndRatesOfChange.pdf  (595x842px, r=0.7067)
        - 34_2.8.1-DerivativeAsAFunction.pdf  (595x842px, r=0.7067)
        - 35_2.8.2-DerivativeAsAFunction.pdf  (595x842px, r=0.7067)
        - 36_3_1-DerivPolyandExp.pdf  (595x842px, r=0.7067)
        - 37_9-12_1230.pdf  (612x804px, r=0.7612)
        - 38_9-14_1230.pdf  (612x804px, r=0.7612)
        - 39_HW04_Solutions.pdf  (595x842px, r=0.7067)
        - 3_HW01_-_Textbook_1.4.pdf  (612x792px, r=0.7727)
        - 40_Textbook_Homework_04_-_Completed.pdf  (612x804px, r=0.7612)
        - 41_Textbook_Homework_HW04.pdf  (612x792px, r=0.7727)
        - 42_Week04HW.pdf  (612x792px, r=0.7727)
        - 43_3_2_1-ProductRule.pdf  (595x842px, r=0.7067)
        - 44_3_2_2-QuotientRule.pdf  (595x842px, r=0.7067)
        - 45_3_3-TrigDerivatives.pdf  (595x842px, r=0.7067)
        - 46_9-21_1230.pdf  (612x804px, r=0.7612)
        - 47_HW05_Solutions.pdf  (595x842px, r=0.7067)
        - 48_Quest_Review_Week_5_-_Week_7-solutions.pdf  (612x792px, r=0.7727)
        - 49_Textbook_Homework_05_R.pdf  (612x792px, r=0.7727)
        - 4_HW01_-_Textbook_1.5.pdf  (612x792px, r=0.7727)
        - 50_Week05HW.pdf  (612x792px, r=0.7727)
        - 51_3_3-TrigDerivatives.pdf  (595x842px, r=0.7067)
        - 52_3_4-ChainRule.pdf  (595x842px, r=0.7067)
        - 53_3_5_1-Implicit.pdf  (595x842px, r=0.7067)
        - 54_3_5_2-InverseTrig.pdf  (595x842px, r=0.7067)
        - 55_3_6-LnDerivative.pdf  (595x842px, r=0.7067)
        - 56_9-26_1230.pdf  (612x804px, r=0.7612)
        - 57_HW06_-_3.3_-_3.5-problems.pdf  (612x792px, r=0.7727)
        - 58_Textbook_Homework_06.pdf  (612x792px, r=0.7727)
        - 59_Week06HW.pdf  (612x792px, r=0.7727)
        - 5_HW01_-_Textbook_Homework.pdf  (612x792px, r=0.7727)
        - 60_10-03_1230.pdf  (612x804px, r=0.7612)
        - 61_10-05_1230.pdf  (612x804px, r=0.7612)
        - 62_3_10_1-Linearization.pdf  (595x842px, r=0.7067)
        - 63_3_10_2-Differentials.pdf  (595x842px, r=0.7067)
        - 64_3_8_1-LawOfNaturalGrowth.pdf  (595x842px, r=0.7067)
        - 65_3_8_2-LoNG_Examples.pdf  (595x842px, r=0.7067)
        - 66_3_9_1-RRIntro.pdf  (595x842px, r=0.7067)
        - 67_3_9_2-RRExamples1.pdf  (595x842px, r=0.7067)
        - 68_3_9_3-RRExamples2.pdf  (595x842px, r=0.7067)
        - 69_HW07_-_3.6_3.9_3.10-problems.pdf  (612x792px, r=0.7727)
        - 6_HW01Solutions.pdf  (595x842px, r=0.7067)
        - 70_Textbook_Homework_07_R1.pdf  (612x792px, r=0.7727)
        - 71_Week07HW.pdf  (612x792px, r=0.7727)
        - 72_10-10_1230.pdf  (612x804px, r=0.7612)
        - 73_3_10_1-Linearization.pdf  (595x842px, r=0.7067)
        - 74_3_10_2-Differentials.pdf  (595x842px, r=0.7067)
        - 75_4_1-MinsAndMaxs.mp4.pdf  (595x842px, r=0.7067)
        - 76_4_2-MVT.pdf  (595x842px, r=0.7067)
        - 77_HW08_-_3.11_4.1-4.2-problems.pdf  (612x792px, r=0.7727)
        - 78_Quest_Review-problems.pdf  (612x792px, r=0.7727)
        - 79_Week08HW.pdf  (612x792px, r=0.7727)
        - 7_Homework.pdf  (612x792px, r=0.7727)
        - 80_10-19_1230.pdf  (612x804px, r=0.7612)
        - 81_4_3_1-1stDeriv.pdf  (595x842px, r=0.7067)
        - 82_4_3_2-2ndDeriv.pdf  (595x842px, r=0.7067)
        - 83_HW09_-_4.3-problems.pdf  (612x792px, r=0.7727)
        - 84_Week09HW.pdf  (612x792px, r=0.7727)
        - 85_10-24_1230.pdf  (612x804px, r=0.7612)
        - 86_4_4_1-LR1.pdf  (595x842px, r=0.7067)
        - 87_4_4_2-LR2.pdf  (595x842px, r=0.7067)
        - 88_4_4_3-LR3.pdf  (595x842px, r=0.7067)
        - 89_4_5-Sketching.pdf  (595x842px, r=0.7067)
        - 8_Week01HW.pdf  (612x792px, r=0.7727)
        - 90_4_7-Optimization.pdf  (595x842px, r=0.7067)
        - 91_4_9_1-Antiderivatives.pdf  (595x842px, r=0.7067)
        - 92_4_9_2-Antiderivatives.pdf  (595x842px, r=0.7067)
        - 93_HW_10_-_Final.pdf  (612x792px, r=0.7727)
        - 94_HW10_-_4.4_4.5_4.7-problems.pdf  (612x792px, r=0.7727)
        - 95_Week_10_HW.pdf  (612x792px, r=0.7727)
        - 96_Week10HW.pdf  (612x792px, r=0.7727)
        - 97_10-31_1230.pdf  (612x804px, r=0.7612)
        - 98_4_9_1-Antiderivatives.pdf  (595x842px, r=0.7067)
        - 99_4_9_2-Antiderivatives.pdf  (595x842px, r=0.7067)
        - 9_1.4-ExponentialFuctions-Part2.pdf  (595x842px, r=0.7067)
  M408D_-_University_of_Texas_at_Austin
        - 10_Section_7.8_part_1-solutions.pdf  (612x792px, r=0.7727)
        - 11_Substitution_Problems_-problems.pdf  (612x792px, r=0.7727)
        - 12_Substitution_Problems_-solutions.pdf  (612x792px, r=0.7727)
        - 13_Pset_4_7.3_M_408D.pdf  (2146x2601px, r=0.8251)
        - 14_Section_7.3-problems.pdf  (612x792px, r=0.7727)
        - 15_Section_7.3-solutions.pdf  (612x792px, r=0.7727)
        - 16_Section_7.4-problems.pdf  (612x792px, r=0.7727)
        - 17_Section_7.4-solutions.pdf  (612x792px, r=0.7727)
        - 18_Section_7.8_part_2-problems.pdf  (612x792px, r=0.7727)
        - 19_Section_7.8_part_2-solutions.pdf  (612x792px, r=0.7727)
        - 1_Pset_1_Sol_-_Substitution_M_408D_2024-08-27_21_35_15.pdf  (1354x2988px, r=0.4531)
        - 20_Pset_5_7.4_M_408D_Partial_Fractions.pdf  (1401x4953px, r=0.2829)
        - 21_Pset_6_M408D_7.8_Part_I_and_II.pdf  (1300x1863px, r=0.6978)
        - 23_Section_9.1-problems.pdf  (612x792px, r=0.7727)
        - 24_Section_9.1-solutions.pdf  (612x792px, r=0.7727)
        - 25_Pset_8_M_408D_Section_9.3.pdf  (1110x1349px, r=0.8228)
        - 26_Pset_9_M_408D_Section_9.5.pdf  (1083x1119px, r=0.9678)
        - 27_Section_9.3-problems.pdf  (612x792px, r=0.7727)
        - 28_Section_9.3-solutions.pdf  (612x792px, r=0.7727)
        - 29_Section_9.5-problems.pdf  (612x792px, r=0.7727)
        - 2_Pset_2_7.1_M408D_Sol_2024-08-29_22_27_22.pdf  (1893x3565px, r=0.531)
        - 30_Section_9.5-solutions.pdf  (612x792px, r=0.7727)
        - 31_Pset_10_M408D_10.1.pdf  (435x1034px, r=0.4207)
        - 32_Section_10.1-problems.pdf  (612x792px, r=0.7727)
        - 33_Section_10.1-solutions.pdf  (612x792px, r=0.7727)
        - 34_Section_10.2-problems.pdf  (612x792px, r=0.7727)
        - 35_Section_10.2-solutions.pdf  (612x792px, r=0.7727)
        - 37_M_408D_Pset_13_10.4.pdf  (864x1193px, r=0.7242)
        - 38_Pset_11_M_408D_11.1.pdf  (367x731px, r=0.5021)
        - 39_Section_10.3-problems.pdf  (612x792px, r=0.7727)
        - 3_Pset_3_7.2_M408D_Sol_2024-08-30_13_54_31.pdf  (1413x2476px, r=0.5707)
        - 40_Section_10.3-solutions.pdf  (612x792px, r=0.7727)
        - 41_Section_10.4-problems.pdf  (612x792px, r=0.7727)
        - 42_Section_10.4-solutions.pdf  (612x792px, r=0.7727)
        - 43_Section_11.1-problems.pdf  (612x792px, r=0.7727)
        - 44_Section_11.1-solutions.pdf  (612x792px, r=0.7727)
        - 45_Section_11.2-problems.pdf  (612x792px, r=0.7727)
        - 46_Section_11.2-solutions.pdf  (612x792px, r=0.7727)
        - 47_Section_11.3-problems.pdf  (612x792px, r=0.7727)
        - 48_Section_11.3-solutions.pdf  (612x792px, r=0.7727)
        - 49_M_408D_Pset_15_11.3.pdf  (734x979px, r=0.7497)
        - 4_Section_7.1-problems.pdf  (612x792px, r=0.7727)
        - 50_Section_11.4-problems.pdf  (612x792px, r=0.7727)
        - 51_Section_11.4-solutions.pdf  (612x792px, r=0.7727)
        - 52_M_408D_Pset_15_11.6_and_11.5.pdf  (901x2268px, r=0.3973)
        - 54_Section_11.5_11.6-solutions.pdf  (612x792px, r=0.7727)
        - 55_Section_11.5_and_11.6-problems.pdf  (612x792px, r=0.7727)
        - 56_Section_11.8-problems.pdf  (612x792px, r=0.7727)
        - 57_Section_11.8-solutions.pdf  (612x792px, r=0.7727)
        - 58_Section_11.9-problems.pdf  (612x792px, r=0.7727)
        - 59_Section_11.9-solutions.pdf  (612x792px, r=0.7727)
        - 5_Section_7.1-solutions.pdf  (612x792px, r=0.7727)
        - 60_Chapter_11_Section_8_Problems.pdf  (733x1527px, r=0.48)
        - 61_Section_11.10-problems.pdf  (612x792px, r=0.7727)
        - 62_Section_11.10-solutions.pdf  (612x792px, r=0.7727)
        - 63_Section_11.11-problems.pdf  (612x792px, r=0.7727)
        - 64_Section_11.11-solutions.pdf  (612x792px, r=0.7727)
        - 65_Section_14.1-problems.pdf  (612x792px, r=0.7727)
        - 66_Section_14.1-solutions.pdf  (612x792px, r=0.7727)
        - 68_Section_14.2-problems.pdf  (612x792px, r=0.7727)
        - 69_Section_14.2-solutions.pdf  (612x792px, r=0.7727)
        - 6_Section_7.2-problems.pdf  (612x792px, r=0.7727)
        - 70_Section_14.3-problems.pdf  (612x792px, r=0.7727)
        - 71_Section_14.3-solutions.pdf  (612x792px, r=0.7727)
        - 72_Section_14.5-problems.pdf  (612x792px, r=0.7727)
        - 73_Section_14.5-solutions.pdf  (612x792px, r=0.7727)
        - 74_Pset_20_M_408D_15.1.pdf  (1120x1187px, r=0.9436)
        - 75_Section_15.1-problems.pdf  (612x792px, r=0.7727)
        - 76_Section_15.2-problems.pdf  (612x792px, r=0.7727)
        - 77_Section_15.3-problems.pdf  (612x792px, r=0.7727)
        - 78_Section_15.6-problems.pdf  (612x792px, r=0.7727)
        - 7_Section_7.2-solutions.pdf  (612x792px, r=0.7727)
        - 80_Derivative_rules_408D.pdf  (612x792px, r=0.7727)
        - 81_Exponents-and-Logarithms.pdf  (596x842px, r=0.7078)
        - 82_Integration_Practice_Problems.pdf  (612x792px, r=0.7727)
        - 84_Section_14.3_Practice_Problems_Partial_Derivatives.pdf  (784x1009px, r=0.777)
        - 85_Section_7.8_Problems.pdf  (612x792px, r=0.7727)
        - 86_Series_and_Sequences_Summary.pdf  (612x792px, r=0.7727)
        - 87_Syllabus_408D_Fall_2024_10_am.pdf  (612x792px, r=0.7727)
        - 88_Trig_Integration_and_Substitution_Refresh.pdf  (612x804px, r=0.7612)
        - 8_Section_7.8_part_1-problems.pdf  (612x792px, r=0.7727)
        - 90_integral_formulas.pdf  (612x792px, r=0.7727)
        - 9_Section_7.8_part_1-problems.pdf  (612x792px, r=0.7727)
  MA1023_-_Worcester_Polytechnic_Institute
        - 1_lecture1.pdf  (612x792px, r=0.7727)
        - 2_lecture2.pdf  (612x792px, r=0.7727)
        - 3_lecture3.pdf  (612x792px, r=0.7727)
        - 4_lecture4.pdf  (612x792px, r=0.7727)
        - 5_lecture5.pdf  (612x792px, r=0.7727)
        - 6_lecture6.pdf  (612x792px, r=0.7727)
        - 7_lecture7.pdf  (612x792px, r=0.7727)
        - 8_lecture8.pdf  (612x792px, r=0.7727)
        - 9_lecture9.pdf  (612x792px, r=0.7727)
  MAT021B_-_University_of_California_Davis
        - 6_Ch6Pra_Thomas13.pdf  (612x782px, r=0.7826)
        - 9_Ch8Pra_Thomas13.pdf  (612x782px, r=0.7826)
  MAT21B_-_University_of_California_Davis
        - 6_Ch6Pra_Thomas13.pdf  (612x782px, r=0.7826)
        - 9_Ch8Pra_Thomas13.pdf  (612x782px, r=0.7826)
  MATH2341_-_Northeastern_University
        - 1_2341-Week-1-Newsletter.pdf  (612x792px, r=0.7727)
        - 2_2341-Week-2-Newsletter.pdf  (612x792px, r=0.7727)
        - 3_2341-Week-3-Newsletter.pdf  (612x792px, r=0.7727)
        - 4_2341-Week-4-Newsletter.pdf  (612x792px, r=0.7727)
  NEURO102_-_Duke_University
        - 1_Part_1_Medical_Neuroscience_Notes.pdf  (550x792px, r=0.6944)
        - 2_Part_2_Medical_Neuroscience_Notes.pdf  (574x792px, r=0.7247)
        - 3_Part_3_Medical_Neuroscience_Notes.pdf  (572x792px, r=0.7222)
        - 4_Part_4_Medical_Neuroscience_Notes.pdf  (532x792px, r=0.6717)

UNKNOWN / UNREADABLE (39):
  ENES100_-_University_of_Maryland/10_chapter4-7.pdf  ValueError: pdf has no pages
  ENES100_-_University_of_Maryland/11_chapter4-8.pdf  ValueError: pdf has no pages
  ENES100_-_University_of_Maryland/12_chapter4-9.pdf  ValueError: pdf has no pages
  ENES100_-_University_of_Maryland/13_chapter5.pdf  ValueError: pdf has no pages
  ENES100_-_University_of_Maryland/14_chapter6.pdf  ValueError: pdf has no pages
  ENES100_-_University_of_Maryland/15_chapter7.pdf  ValueError: pdf has no pages
  ENES100_-_University_of_Maryland/16_chapter8.pdf  ValueError: pdf has no pages
  ENES100_-_University_of_Maryland/1_chapter1.pdf  ValueError: pdf has no pages
  ENES100_-_University_of_Maryland/2_chapter2.pdf  ValueError: pdf has no pages
  ENES100_-_University_of_Maryland/3_chapter3.pdf  ValueError: pdf has no pages
  ENES100_-_University_of_Maryland/4_chapter4-1.pdf  ValueError: pdf has no pages
  ENES100_-_University_of_Maryland/5_chapter4-2.pdf  ValueError: pdf has no pages
  ENES100_-_University_of_Maryland/6_chapter4-3.pdf  ValueError: pdf has no pages
  ENES100_-_University_of_Maryland/7_chapter4-4.pdf  ValueError: pdf has no pages
  ENES100_-_University_of_Maryland/8_chapter4-5.pdf  ValueError: pdf has no pages
  ENES100_-_University_of_Maryland/9_chapter4-6.pdf  ValueError: pdf has no pages
  ENES102_-_University_of_Maryland/10_4-4-9.pdf  ValueError: pdf has no pages
  ENES102_-_University_of_Maryland/11_5-1-1-2.pdf  ValueError: pdf has no pages
  ENES102_-_University_of_Maryland/12_5-2-3-4.pdf  ValueError: pdf has no pages
  ENES102_-_University_of_Maryland/13_5-3-5-7.pdf  ValueError: pdf has no pages
  ENES102_-_University_of_Maryland/14_6-1-1-3.pdf  ValueError: pdf has no pages
  ENES102_-_University_of_Maryland/15_6-2-4.pdf  ValueError: pdf has no pages
  ENES102_-_University_of_Maryland/16_6-3-6.pdf  ValueError: pdf has no pages
  ENES102_-_University_of_Maryland/17_7-1-1.pdf  ValueError: pdf has no pages
  ENES102_-_University_of_Maryland/18_7-2-2-3.pdf  ValueError: pdf has no pages
  ENES102_-_University_of_Maryland/19_8-1-1-2.pdf  ValueError: pdf has no pages
  ENES102_-_University_of_Maryland/1_1-1.pdf  ValueError: pdf has no pages
  ENES102_-_University_of_Maryland/20_9-1-1.pdf  ValueError: pdf has no pages
  ENES102_-_University_of_Maryland/21_9-2-2.pdf  ValueError: pdf has no pages
  ENES102_-_University_of_Maryland/22_10-1-1-4.pdf  ValueError: pdf has no pages
  ENES102_-_University_of_Maryland/23_10-2-8.pdf  ValueError: pdf has no pages
  ENES102_-_University_of_Maryland/2_2-1-1-4.pdf  ValueError: pdf has no pages
  ENES102_-_University_of_Maryland/3_2-2-5-6.pdf  ValueError: pdf has no pages
  ENES102_-_University_of_Maryland/4_2-3-7-8.pdf  ValueError: pdf has no pages
  ENES102_-_University_of_Maryland/5_2-4-9.pdf  ValueError: pdf has no pages
  ENES102_-_University_of_Maryland/6_3-1.pdf  ValueError: pdf has no pages
  ENES102_-_University_of_Maryland/7_4-1-1-4.pdf  ValueError: pdf has no pages
  ENES102_-_University_of_Maryland/8_4-2-5-6.pdf  ValueError: pdf has no pages
  ENES102_-_University_of_Maryland/9_4-3-7-8.pdf  ValueError: pdf has no pages

--- flagged course names only ---
AE115_-_University_of_Waterloo
ANTH124S_-_University_of_California_Los_Angeles
APSC115_-_George_Washington_University
AS161_-_University_of_Kentucky
ASPY270_-_University_at_Albany
AST1001_-_Stanford_University
ASTR125_-_Stanford_University
BCEM551_-_University_of_Calgary
BUS123W_-_Stanford_University
CIS2010_-_Georgia_State_University
CISC3140_-_Brooklyn_College
CMPT275_-_Simon_Fraser_University
CMPT308_-_Simon_Fraser_University
COB291_-_James_Madison_University
COGS17_-_University_of_California_San_Diego
COMM2042_-_University_of_Cincinnati
COMM2043_-_University_of_Cincinnati
COMM2080_-_University_of_Cincinnati
COMM2081_-_University_of_Cincinnati
COMP250_-_McGill_University
COMP333_-_Concordia_University
COMP3500_-_Auburn_University
COP4703_-_Florida_International_University
COSC3430_-_University_of_Houston
CP274_-_Colorado_College
CPS181_-_Central_Michigan_University
CPTS317_-_Washington_State_University
CS1004_-_Worcester_Polytechnic_Institute
CS1005C_-_University_of_Cincinnati
CS1021C_-_University_of_Cincinnati
CS15122_-_Carnegie_Mellon_University
CS2DM3_-_McMaster_University
CS3003_-_University_of_Cincinnati
CS3130_-_University_of_Utah
CS344_-_Queens_College
CS402_-_Binghamton_University
CS445_-_Clarkson_University
CS5170_-_University_of_Cincinnati
CS5340_-_Northeastern_University
CSC111L_-_Quinnipiac_University
CSC144_-_University_of_Arizona
CSCI467_-_University_of_Southern_California
CSCI670_-_University_of_Southern_California
CSE131B_-_University_of_California_San_Diego
CSE232_-_Michigan_State_University
CSIS103_-_Marist_College
CSSE103_-_Seattle_University
CUST4300_-_University_of_Houston
CVE2030_-_University_of_Cincinnati
E142_-_Colorado_State_University
E270_-_Colorado_State_University
E440_-_Colorado_State_University
EC1011A_-_Harvard_University
EC107_-_Tufts_University
EC144_-_Tufts_University
EC170_-_Tufts_University
EC275_-_Colorado_College
ECE350_-_Duke_University
ECE4330_-_Wayne_State_University
ECE461_-_North_Dakota_State_University
ECE710_-_University_of_Waterloo
ECEG270_-_Bucknell_University
ECET210_-_Purdue_University
ECN111_-_Furman_University
ECO3410_-_Florida_International_University
ECON1056_-_Georgetown_University
ECON1210_-_University_of_Manitoba
ECON1357_-_Georgetown_University
ECON172B_-_Brandeis_University
ECON2106H_-_University_of_Georgia
ECON277_-_University_of_Montreal
ECON3100_-_University_of_Iowa
ECON3345_-_University_of_Iowa
ECON361_-_University_of_Arizona
ECON3670_-_University_of_Manitoba
ECON3710_-_University_of_Manitoba
ED01_-_Stanford_University
EDU249_-_Stanford_University
EDUC02_-_Stanford_University
EE450_-_University_of_Southern_California
ENGL2159_-_University_of_Cincinnati
ENGL2184_-_University_of_Cincinnati
ENGR190_-_Purdue_University
ENTR3071_-_University_of_Cincinnati
ENTR4005_-_University_of_Cincinnati
ESL2089_-_University_of_Cincinnati
ETST256_-_Colorado_State_University
EVST2000_-_University_of_Cincinnati
EX345_-_Colorado_State_University
FAM2011_-_University_of_Cincinnati
FIN3710_-_Baruch_College
FREN2015_-_University_of_Cincinnati
FTM280_-_Quinnipiac_University
GEOG5171C_-_University_of_Cincinnati
GEOL161_-_University_of_Cincinnati
GLGY443_-_University_of_Calgary
HI539_-_Boston_University
HIST1089_-_University_of_Cincinnati
HIST165A_-_Stanford_University
HIST166B_-_Stanford_University
HIST2067_-_University_of_Cincinnati
HS810_-_Purdue_University
IT1090C_-_University_of_Cincinnati
IT2021_-_University_of_Cincinnati
IT2030C_-_University_of_Cincinnati
KANT3304_-_Laval_University
KREN011_-_Georgetown_University
LF306_-_Boston_University
M408C_-_University_of_Texas_at_Austin
M408D_-_University_of_Texas_at_Austin
MA1023_-_Worcester_Polytechnic_Institute
MAT021B_-_University_of_California_Davis
MAT21B_-_University_of_California_Davis
MATH2341_-_Northeastern_University
NEURO102_-_Duke_University
