
[course] https://ocw.mit.edu/courses/11-165-infrastructure-and-energy-technology-challenges-fall-2011/
[notes] https://ocw.mit.edu/courses/11-165-infrastructure-and-energy-technology-challenges-fall-2011/pages/lecture-slides/
[instructors] Prof. Karen R. Polenske | Prof. Apiwat Ratanawaraha
[departments] Urban Studies and Planning
[prerequisites] Students must have completed
[fetch] https://ocw.mit.edu/courses/11-165-infrastructure-and-energy-technology-challenges-fall-2011/pages/lecture-slides/
[fetch] status=200 rendered=False
[extract] found 0 slide link(s)
[follow] no slides here; checking 19 sub-page(s)
[follow] https://ocw.mit.edu/courses/11-165-infrastructure-and-energy-technology-challenges-fall-2011/pages/calendar/
[follow] https://ocw.mit.edu/courses/11-165-infrastructure-and-energy-technology-challenges-fall-2011/pages/study-materials/
[follow] https://ocw.mit.edu/courses/11-165-infrastructure-and-energy-technology-challenges-fall-2011/resources/mit11_165f11_ses01/
[follow] https://ocw.mit.edu/courses/11-165-infrastructure-and-energy-technology-challenges-fall-2011/resources/mit11_165f11_ses02/
[follow] https://ocw.mit.edu/courses/11-165-infrastructure-and-energy-technology-challenges-fall-2011/resources/mit11_165f11_ses03/
[follow] https://ocw.mit.edu/courses/11-165-infrastructure-and-energy-technology-challenges-fall-2011/resources/mit11_165f11_ses04/
[follow] https://ocw.mit.edu/courses/11-165-infrastructure-and-energy-technology-challenges-fall-2011/resources/mit11_165f11_ses05/
[follow] https://ocw.mit.edu/courses/11-165-infrastructure-and-energy-technology-challenges-fall-2011/resources/mit11_165f11_ses06/
[follow] https://ocw.mit.edu/courses/11-165-infrastructure-and-energy-technology-challenges-fall-2011/resources/mit11_165f11_ses13/
[follow] https://ocw.mit.edu/courses/11-165-infrastructure-and-energy-technology-challenges-fall-2011/resources/mit11_165f11_ses14/
[follow] https://ocw.mit.edu/courses/11-165-infrastructure-and-energy-technology-challenges-fall-2011/resources/mit11_165f11_ses15/
[follow] https://ocw.mit.edu/courses/11-165-infrastructure-and-energy-technology-challenges-fall-2011/resources/mit11_165f11_ses16/
[follow] https://ocw.mit.edu/courses/11-165-infrastructure-and-energy-technology-challenges-fall-2011/resources/mit11_165f11_ses17/
[follow] https://ocw.mit.edu/courses/11-165-infrastructure-and-energy-technology-challenges-fall-2011/resources/mit11_165f11_ses18/
[follow] https://ocw.mit.edu/courses/11-165-infrastructure-and-energy-technology-challenges-fall-2011/resources/mit11_165f11_ses20/
[follow] https://ocw.mit.edu/courses/11-165-infrastructure-and-energy-technology-challenges-fall-2011/resources/mit11_165f11_ses21/
[follow] https://ocw.mit.edu/courses/11-165-infrastructure-and-energy-technology-challenges-fall-2011/resources/mit11_165f11_ses22/
[follow] https://ocw.mit.edu/courses/11-165-infrastructure-and-energy-technology-challenges-fall-2011/resources/mit11_165f11_ses23/
[follow] https://ocw.mit.edu/courses/11-165-infrastructure-and-energy-technology-challenges-fall-2011/resources/mit11_165f11_ses24/
[extract] 0 slide link(s) after following
No slide decks (PDF/PPT/PPTX) found on this page.

[course] https://ocw.mit.edu/courses/21h-343j-making-books-the-renaissance-and-today-spring-2016/
[notes] https://ocw.mit.edu/courses/21h-343j-making-books-the-renaissance-and-today-spring-2016/pages/lecture-slides/
[instructors] Prof. Anne McCants | Prof. Jeffrey S. Ravel | Kenneth Stone
[departments] History | Concourse
[prerequisites] for this course.
[fetch] https://ocw.mit.edu/courses/21h-343j-making-books-the-renaissance-and-today-spring-2016/pages/lecture-slides/
[fetch] status=200 rendered=False
[extract] found 0 slide link(s)
[follow] no slides here; checking 10 sub-page(s)
[follow] https://ocw.mit.edu/courses/21h-343j-making-books-the-renaissance-and-today-spring-2016/pages/calendar/
[follow] https://ocw.mit.edu/courses/21h-343j-making-books-the-renaissance-and-today-spring-2016/resources/mit21h_343js16_print/
[follow] +1 slide link(s)
[follow] https://ocw.mit.edu/courses/21h-343j-making-books-the-renaissance-and-today-spring-2016/resources/mit21h_343js16_paper/
[follow] +1 slide link(s)
[follow] https://ocw.mit.edu/courses/21h-343j-making-books-the-renaissance-and-today-spring-2016/resources/mit21h_343js16_book/
[follow] +1 slide link(s)
[follow] https://ocw.mit.edu/courses/21h-343j-making-books-the-renaissance-and-today-spring-2016/resources/mit21h_343js16_nuremi/
[follow] +1 slide link(s)
[follow] https://ocw.mit.edu/courses/21h-343j-making-books-the-renaissance-and-today-spring-2016/resources/mit21h_343js16_nuremii/
[follow] +1 slide link(s)
[follow] https://ocw.mit.edu/courses/21h-343j-making-books-the-renaissance-and-today-spring-2016/resources/mit21h_343js16_bible/
[follow] +1 slide link(s)
[follow] https://ocw.mit.edu/courses/21h-343j-making-books-the-renaissance-and-today-spring-2016/resources/mit21h_343js16_ref/
[follow] +1 slide link(s)
[follow] https://ocw.mit.edu/courses/21h-343j-making-books-the-renaissance-and-today-spring-2016/resources/mit21h_343js16_philo/
[follow] +1 slide link(s)
[follow] https://ocw.mit.edu/courses/21h-343j-making-books-the-renaissance-and-today-spring-2016/resources/mit21h_343js16_carto/
[follow] +1 slide link(s)
[extract] 9 slide link(s) after following
  + saved  1.pdf
  + saved  2.pdf
  + saved  3.pdf
  + saved  4.pdf
  + saved  5.pdf
  + saved  6.pdf
  + saved  7.pdf
  + saved  8.pdf
  + saved  9.pdf

==== done ====
downloaded: 9   skipped: 0   duplicates: 0   failed: 0
saved into: new_downloads/new/ocw.mit.edu_21h-343j-making-books-the-renaissance-and-today-spring-2016/
metadata db: new_downloads/download_metadata.sqlite3

[course] https://ocw.mit.edu/courses/2-611-marine-power-and-propulsion-fall-2006/
[notes] https://ocw.mit.edu/courses/2-611-marine-power-and-propulsion-fall-2006/pages/lecture-notes/
[instructors] Prof. David Burke | Prof. Michael Triantafyllou
[departments] Mechanical Engineering
[fetch] https://ocw.mit.edu/courses/2-611-marine-power-and-propulsion-fall-2006/pages/lecture-notes/
[fetch] status=200 rendered=False
[extract] found 0 slide link(s)
[follow] no slides here; checking 42 sub-page(s)
[follow] https://ocw.mit.edu/courses/2-611-marine-power-and-propulsion-fall-2006/resources/01resistanc_prop/
[follow] https://ocw.mit.edu/courses/2-611-marine-power-and-propulsion-fall-2006/resources/02propeller_test/
[follow] https://ocw.mit.edu/courses/2-611-marine-power-and-propulsion-fall-2006/resources/02actuator_disk/
[follow] https://ocw.mit.edu/courses/2-611-marine-power-and-propulsion-fall-2006/resources/03kt_kq_design/
[follow] https://ocw.mit.edu/courses/2-611-marine-power-and-propulsion-fall-2006/resources/03prop_des_det/
[follow] https://ocw.mit.edu/courses/2-611-marine-power-and-propulsion-fall-2006/resources/04cavitation/
[follow] https://ocw.mit.edu/courses/2-611-marine-power-and-propulsion-fall-2006/resources/04waterjet/
[follow] https://ocw.mit.edu/courses/2-611-marine-power-and-propulsion-fall-2006/resources/05first_law/
[follow] https://ocw.mit.edu/courses/2-611-marine-power-and-propulsion-fall-2006/resources/05thermo_summ/
[follow] https://ocw.mit.edu/courses/2-611-marine-power-and-propulsion-fall-2006/resources/06second_law/
[follow] https://ocw.mit.edu/courses/2-611-marine-power-and-propulsion-fall-2006/resources/06availability/
[follow] https://ocw.mit.edu/courses/2-611-marine-power-and-propulsion-fall-2006/resources/06keenan_avail/
[follow] https://ocw.mit.edu/courses/2-611-marine-power-and-propulsion-fall-2006/resources/07prop_desn_plot/
[follow] https://ocw.mit.edu/courses/2-611-marine-power-and-propulsion-fall-2006/resources/07units/
[follow] https://ocw.mit.edu/courses/2-611-marine-power-and-propulsion-fall-2006/resources/09water_propert/
[follow] https://ocw.mit.edu/courses/2-611-marine-power-and-propulsion-fall-2006/resources/09rankine/
[follow] https://ocw.mit.edu/courses/2-611-marine-power-and-propulsion-fall-2006/resources/10rankine_v_p_t/
[follow] https://ocw.mit.edu/courses/2-611-marine-power-and-propulsion-fall-2006/resources/11rankine_pract/
[follow] https://ocw.mit.edu/courses/2-611-marine-power-and-propulsion-fall-2006/resources/11rankine_regen/
[follow] https://ocw.mit.edu/courses/2-611-marine-power-and-propulsion-fall-2006/resources/11rank_reheat/
[follow] https://ocw.mit.edu/courses/2-611-marine-power-and-propulsion-fall-2006/resources/12combustion/
[follow] https://ocw.mit.edu/courses/2-611-marine-power-and-propulsion-fall-2006/resources/13gas_relation/
[follow] https://ocw.mit.edu/courses/2-611-marine-power-and-propulsion-fall-2006/resources/13prop_gases/
[follow] https://ocw.mit.edu/courses/2-611-marine-power-and-propulsion-fall-2006/resources/14basic_diesel/
[follow] https://ocw.mit.edu/courses/2-611-marine-power-and-propulsion-fall-2006/resources/16diesel_contd/
[follow] https://ocw.mit.edu/courses/2-611-marine-power-and-propulsion-fall-2006/resources/17polytropic_eff/
[follow] https://ocw.mit.edu/courses/2-611-marine-power-and-propulsion-fall-2006/resources/17brayton_cycle/
[follow] https://ocw.mit.edu/courses/2-611-marine-power-and-propulsion-fall-2006/resources/19brayton_irrev/
[follow] https://ocw.mit.edu/courses/2-611-marine-power-and-propulsion-fall-2006/resources/19open_cycle/
[follow] https://ocw.mit.edu/courses/2-611-marine-power-and-propulsion-fall-2006/resources/19creep/
[follow] https://ocw.mit.edu/courses/2-611-marine-power-and-propulsion-fall-2006/resources/20electri_theory/
[follow] https://ocw.mit.edu/courses/2-611-marine-power-and-propulsion-fall-2006/resources/21electri_motors/
[follow] https://ocw.mit.edu/courses/2-611-marine-power-and-propulsion-fall-2006/resources/23reliability/
[follow] https://ocw.mit.edu/courses/2-611-marine-power-and-propulsion-fall-2006/resources/23working_repair/
[follow] https://ocw.mit.edu/courses/2-611-marine-power-and-propulsion-fall-2006/resources/24mar_eng_fig_1/
[follow] https://ocw.mit.edu/courses/2-611-marine-power-and-propulsion-fall-2006/resources/25gear_geometry/
[follow] https://ocw.mit.edu/courses/2-611-marine-power-and-propulsion-fall-2006/resources/25helical_gears/
[follow] https://ocw.mit.edu/courses/2-611-marine-power-and-propulsion-fall-2006/resources/25gear_mesh/
[follow] https://ocw.mit.edu/courses/2-611-marine-power-and-propulsion-fall-2006/resources/25gear_mesh_2/
[follow] https://ocw.mit.edu/courses/2-611-marine-power-and-propulsion-fall-2006/resources/25gear_dsgn_anim/
[follow] https://ocw.mit.edu/courses/2-611-marine-power-and-propulsion-fall-2006/resources/26aip/
[follow] https://ocw.mit.edu/courses/2-611-marine-power-and-propulsion-fall-2006/resources/26stirling/
[extract] 0 slide link(s) after following
No slide decks (PDF/PPT/PPTX) found on this page.

[course] https://ocw.mit.edu/courses/2-032-dynamics-fall-2004/
[notes] https://ocw.mit.edu/courses/2-032-dynamics-fall-2004/pages/lecture-notes/
[instructors] Prof. George Haller
[departments] Mechanical Engineering
[fetch] https://ocw.mit.edu/courses/2-032-dynamics-fall-2004/pages/lecture-notes/
[fetch] status=200 rendered=False
[extract] found 0 slide link(s)
[follow] no slides here; checking 26 sub-page(s)
[follow] https://ocw.mit.edu/courses/2-032-dynamics-fall-2004/pages/calendar/
[follow] https://ocw.mit.edu/courses/2-032-dynamics-fall-2004/pages/study-materials/
[follow] https://ocw.mit.edu/courses/2-032-dynamics-fall-2004/resources/session_1/
[follow] +1 slide link(s)
[follow] https://ocw.mit.edu/courses/2-032-dynamics-fall-2004/resources/session_2/
[follow] +1 slide link(s)
[follow] https://ocw.mit.edu/courses/2-032-dynamics-fall-2004/resources/session_3/
[follow] +1 slide link(s)
[follow] https://ocw.mit.edu/courses/2-032-dynamics-fall-2004/resources/session_4/
[follow] +1 slide link(s)
[follow] https://ocw.mit.edu/courses/2-032-dynamics-fall-2004/resources/session_5/
[follow] +1 slide link(s)
[follow] https://ocw.mit.edu/courses/2-032-dynamics-fall-2004/resources/session_6/
[follow] +1 slide link(s)
[follow] https://ocw.mit.edu/courses/2-032-dynamics-fall-2004/resources/session_7/
[follow] +1 slide link(s)
[follow] https://ocw.mit.edu/courses/2-032-dynamics-fall-2004/resources/session_8/
Traceback (most recent call last):
  File "/usr/lib/python3.12/subprocess.py", line 1264, in wait
    return self._wait(timeout=timeout)
           ^^^^^^^^^^^^^^^^^^^^^^^^^^^
  File "/usr/lib/python3.12/subprocess.py", line 2047, in _wait
    time.sleep(delay)
KeyboardInterrupt

During handling of the above exception, another exception occurred:

Traceback (most recent call last):
  File "/home/b-ysonale/slidefetch/run_mit_ocw_lecture_notes.py", line 307, in <module>
    raise SystemExit(main())
                     ^^^^^^
  File "/home/b-ysonale/slidefetch/run_mit_ocw_lecture_notes.py", line 267, in main
    rc = run_slidefetch(
         ^^^^^^^^^^^^^^^
  File "/home/b-ysonale/slidefetch/run_mit_ocw_lecture_notes.py", line 197, in run_slidefetch
    proc = subprocess.run(cmd, stdout=sys.stdout, stderr=sys.stderr, timeout=60)
           ^^^^^^^^^^^^^^^^^^^^^^^^^^^^^^^^^^^^^^^^^^^^^^^^^^^^^^^^^^^^^^^^^^^^^
  File "/usr/lib/python3.12/subprocess.py", line 550, in run
    stdout, stderr = process.communicate(input, timeout=timeout)
                     ^^^^^^^^^^^^^^^^^^^^^^^^^^^^^^^^^^^^^^^^^^^
  File "/usr/lib/python3.12/subprocess.py", line 1209, in communicate
    stdout, stderr = self._communicate(input, endtime, timeout)
                     ^^^^^^^^^^^^^^^^^^^^^^^^^^^^^^^^^^^^^^^^^^
  File "/usr/lib/python3.12/subprocess.py", line 2141, in _communicate
    self.wait(timeout=self._remaining_time(endtime))
  File "/usr/lib/python3.12/subprocess.py", line 1277, in wait
    self._wait(timeout=sigint_timeout)
  File "/usr/lib/python3.12/subprocess.py", line 2047, in _wait
    time.sleep(delay)
KeyboardInterrupt
[resume] loaded 100 processed entries

[restart 2026-06-16T09:56:41+00:00] resume with hardened network retries and bounded follow depth
[resume] loaded 100 processed entries

[restart 2026-06-16T09:58:35+00:00] clean relaunch from existing state
[resume] loaded 100 processed entries

[restart 2026-06-16T10:10:29+00:00] skip-nonresponsive mode
[resume] loaded 100 processed entries

[restart 2026-06-16T10:13:47+00:00] API pagination timeout-first mode
[resume] loaded 100 processed entries
[net] retry 1/1 for http://api.learn.mit.edu/api/v1/learning_resources/?course_feature=Lecture+Notes&limit=100&offered_by=ocw&offset=100&resource_type=course in 1s (<urlopen error timed out>)
[warn] api page fetch failed (1/2): <urlopen error timed out>
[net] retry 1/1 for http://api.learn.mit.edu/api/v1/learning_resources/?course_feature=Lecture+Notes&limit=100&offered_by=ocw&offset=100&resource_type=course in 1s (<urlopen error timed out>)
[warn] api page fetch failed (2/2): <urlopen error timed out>
[warn] api pagination stalled; stopping to avoid long waits

==== runner done ====
courses_seen: 100
processed: 100
new_processed_this_run: 0
failures: 0
state_file: work/mit_ocw_lecture_notes_state.json

[restart 2026-06-16T10:16:41+00:00] API pagination with extended 60s timeout
[resume] loaded 100 processed entries
