nohup: ignoring input
discovered 320 universities
[1/320] american-university (American University): 176 rated courses kept (of 176 candidates)
[2/320] amherst-college (Amherst College): 56 rated courses kept (of 56 candidates)
[3/320] appalachian-state-university (Appalachian State University): 5 rated courses kept (of 5 candidates)
[4/320] arizona-state-university (Arizona State University): 529 rated courses kept (of 529 candidates)
[5/320] auburn-university (Auburn University): 316 rated courses kept (of 316 candidates)
[6/320] babson-college (Babson College): 133 rated courses kept (of 133 candidates)
[7/320] ball-state-university (Ball State University): 148 rated courses kept (of 148 candidates)
[8/320] barnard-college (Barnard College): 4 rated courses kept (of 4 candidates)
[9/320] baruch-college (Baruch College): 296 rated courses kept (of 297 candidates)
[10/320] baylor-university (Baylor University): 61 rated courses kept (of 61 candidates)
[11/320] bentley-university (Bentley University): 192 rated courses kept (of 192 candidates)
[12/320] binghamton-university (Binghamton University): 367 rated courses kept (of 370 candidates)
[13/320] boise-state-university (Boise State University): 55 rated courses kept (of 55 candidates)
[14/320] boston-college (Boston College): 107 rated courses kept (of 107 candidates)
[15/320] boston-university (Boston University): 249 rated courses kept (of 249 candidates)
[16/320] bowdoin-college (Bowdoin College): 26 rated courses kept (of 26 candidates)
[17/320] bowling-green-state-university (Bowling Green State University): 248 rated courses kept (of 248 candidates)
[18/320] brandeis-university (Brandeis University): 187 rated courses kept (of 187 candidates)
[19/320] brigham-young-university (Brigham Young University): 209 rated courses kept (of 209 candidates)
[20/320] brock-university (Brock University): 4 rated courses kept (of 4 candidates)
[21/320] brooklyn-college (Brooklyn College): 332 rated courses kept (of 332 candidates)
[22/320] brown-university (Brown University): 92 rated courses kept (of 92 candidates)
[23/320] bryn-mawr-college (Bryn Mawr College): 74 rated courses kept (of 74 candidates)
[24/320] bucknell-university (Bucknell University): 81 rated courses kept (of 81 candidates)
[25/320] buffalo-state-university (Buffalo State University): 254 rated courses kept (of 256 candidates)
[26/320] butler-university (Butler University): 149 rated courses kept (of 149 candidates)
[27/320] cal-poly-slo (California Polytechnic State University): 34 rated courses kept (of 34 candidates)
[28/320] cal-poly-pomona (California State Polytechnic University, Pomona): 248 rated courses kept (of 248 candidates)
[29/320] chico-state (California State University, Chico): 232 rated courses kept (of 232 candidates)
[30/320] fresno-state (California State University, Fresno): 0 rated courses kept (of 0 candidates)
[31/320] cal-state-fullerton (California State University, Fullerton): 0 rated courses kept (of 0 candidates)
[32/320] cal-state-long-beach (California State University, Long Beach): 190 rated courses kept (of 190 candidates)
[33/320] cal-state-la (California State University, Los Angeles): 282 rated courses kept (of 282 candidates)
[34/320] cal-state-northridge (California State University, Northridge): 262 rated courses kept (of 262 candidates)
[35/320] cal-state-sacramento (California State University, Sacramento): 289 rated courses kept (of 289 candidates)
[36/320] carleton-college (Carleton College): 90 rated courses kept (of 90 candidates)
[37/320] carleton-university (Carleton University): 348 rated courses kept (of 348 candidates)
[38/320] carnegie-mellon-university (Carnegie Mellon University): 92 rated courses kept (of 92 candidates)
[39/320] case-western-reserve-university (Case Western Reserve University): 156 rated courses kept (of 156 candidates)
[40/320] central-michigan-university (Central Michigan University): 249 rated courses kept (of 249 candidates)
[41/320] chapman-university (Chapman University): 137 rated courses kept (of 137 candidates)
[42/320] city-college-of-new-york (City College of New York): 0 rated courses kept (of 0 candidates)
[43/320] claremont-mckenna-college (Claremont McKenna College): 98 rated courses kept (of 98 candidates)
[44/320] clarkson-university (Clarkson University): 116 rated courses kept (of 116 candidates)
[45/320] clemson-university (Clemson University): 160 rated courses kept (of 160 candidates)
[46/320] cleveland-state-university (Cleveland State University): 119 rated courses kept (of 119 candidates)
[47/320] coastal-carolina-university (Coastal Carolina University): 66 rated courses kept (of 66 candidates)
[48/320] colby-college (Colby College): 91 rated courses kept (of 91 candidates)
[49/320] colgate-university (Colgate University): 3 rated courses kept (of 3 candidates)
[50/320] college-of-staten-island (College of Staten Island): 257 rated courses kept (of 257 candidates)
[51/320] college-of-the-holy-cross (College of the Holy Cross): 57 rated courses kept (of 57 candidates)
[52/320] college-of-william-and-mary (College of William & Mary): 182 rated courses kept (of 182 candidates)
[53/320] colorado-college (Colorado College): 90 rated courses kept (of 90 candidates)
[54/320] colorado-school-of-mines (Colorado School of Mines): 94 rated courses kept (of 94 candidates)
[55/320] colorado-state-university (Colorado State University): 122 rated courses kept (of 122 candidates)
[56/320] columbia-university (Columbia University): 103 rated courses kept (of 105 candidates)
[57/320] concordia-university (Concordia University): 52 rated courses kept (of 52 candidates)
[58/320] connecticut-college (Connecticut College): 66 rated courses kept (of 66 candidates)
[59/320] cooper-union (Cooper Union): 49 rated courses kept (of 49 candidates)
[60/320] cornell-university (Cornell University): 236 rated courses kept (of 240 candidates)
[61/320] creighton-university (Creighton University): 109 rated courses kept (of 109 candidates)
[62/320] dalhousie-university (Dalhousie University): 287 rated courses kept (of 287 candidates)
[63/320] dartmouth-college (Dartmouth College): 23 rated courses kept (of 23 candidates)
[64/320] davidson-college (Davidson College): 45 rated courses kept (of 45 candidates)
[65/320] denison-university (Denison University): 37 rated courses kept (of 37 candidates)
[66/320] depaul-university (DePaul University): 208 rated courses kept (of 208 candidates)
[67/320] dickinson-college (Dickinson College): 42 rated courses kept (of 42 candidates)
[68/320] drake-university (Drake University): 135 rated courses kept (of 135 candidates)
[69/320] drexel-university (Drexel University): 127 rated courses kept (of 127 candidates)
[70/320] duke-university (Duke University): 235 rated courses kept (of 235 candidates)
[71/320] east-carolina-university (East Carolina University): 194 rated courses kept (of 194 candidates)
[72/320] eastern-michigan-university (Eastern Michigan University): 108 rated courses kept (of 108 candidates)
[73/320] eastern-washington-university (Eastern Washington University): 120 rated courses kept (of 120 candidates)
[74/320] elon-university (Elon University): 113 rated courses kept (of 113 candidates)
[75/320] emory-university (Emory University): 245 rated courses kept (of 245 candidates)
[76/320] fairfield-university (Fairfield University): 193 rated courses kept (of 193 candidates)
[77/320] fashion-institute-of-technology (Fashion Institute of Technology): 0 rated courses kept (of 0 candidates)
[78/320] florida-atlantic-university (Florida Atlantic University): 55 rated courses kept (of 55 candidates)
[79/320] florida-gulf-coast-university (Florida Gulf Coast University): 165 rated courses kept (of 165 candidates)
[80/320] florida-international-university (Florida International University): 331 rated courses kept (of 331 candidates)
[81/320] florida-state-university (Florida State University): 103 rated courses kept (of 103 candidates)
[82/320] fordham-university (Fordham University): 192 rated courses kept (of 192 candidates)
[83/320] furman-university (Furman University): 86 rated courses kept (of 86 candidates)
[84/320] george-mason-university (George Mason University): 62 rated courses kept (of 62 candidates)
[85/320] george-washington-university (George Washington University): 266 rated courses kept (of 266 candidates)
[86/320] georgetown-university (Georgetown University): 316 rated courses kept (of 316 candidates)
[87/320] georgia-tech (Georgia Institute of Technology): 254 rated courses kept (of 254 candidates)
[88/320] georgia-state-university (Georgia State University): 182 rated courses kept (of 182 candidates)
[89/320] gettysburg-college (Gettysburg College): 63 rated courses kept (of 63 candidates)
[90/320] gonzaga-university (Gonzaga University): 123 rated courses kept (of 123 candidates)
[91/320] grinnell-college (Grinnell College): 52 rated courses kept (of 52 candidates)
[92/320] hamilton-college (Hamilton College): 95 rated courses kept (of 95 candidates)
[93/320] harvard-university (Harvard University): 87 rated courses kept (of 87 candidates)
[94/320] harvey-mudd-college (Harvey Mudd College): 62 rated courses kept (of 62 candidates)
[95/320] haverford-college (Haverford College): 41 rated courses kept (of 41 candidates)
[96/320] hofstra-university (Hofstra University): 354 rated courses kept (of 354 candidates)
[97/320] howard-university (Howard University): 97 rated courses kept (of 97 candidates)
[98/320] hunter-college (Hunter College): 0 rated courses kept (of 0 candidates)
[99/320] illinois-state-university (Illinois State University): 176 rated courses kept (of 176 candidates)
[100/320] indiana-university-bloomington (Indiana University Bloomington): 439 rated courses kept (of 439 candidates)
[101/320] iupui (Indiana University-Purdue University Indianapolis): 224 rated courses kept (of 224 candidates)
[102/320] iowa-state-university (Iowa State University): 205 rated courses kept (of 205 candidates)
[103/320] ithaca-college (Ithaca College): 181 rated courses kept (of 181 candidates)
[104/320] james-madison-university (James Madison University): 237 rated courses kept (of 237 candidates)
[105/320] john-jay-college (John Jay College of Criminal Justice): 224 rated courses kept (of 224 candidates)
[106/320] johns-hopkins-university (Johns Hopkins University): 41 rated courses kept (of 41 candidates)
[107/320] kansas-state-university (Kansas State University): 143 rated courses kept (of 143 candidates)
[108/320] kennesaw-state-university (Kennesaw State University): 236 rated courses kept (of 236 candidates)
[109/320] kent-state-university (Kent State University): 9 rated courses kept (of 9 candidates)
[110/320] kenyon-college (Kenyon College): 61 rated courses kept (of 61 candidates)
[111/320] lakehead-university (Lakehead University): 155 rated courses kept (of 155 candidates)
[112/320] laval-university (Laval University): 81 rated courses kept (of 81 candidates)
[113/320] le-moyne-college (Le Moyne College): 134 rated courses kept (of 134 candidates)
[114/320] lehigh-university (Lehigh University): 150 rated courses kept (of 150 candidates)
[115/320] lehman-college (Lehman College): 221 rated courses kept (of 221 candidates)
[116/320] liberty-university (Liberty University): 167 rated courses kept (of 167 candidates)
[117/320] louisiana-state-university (Louisiana State University): 291 rated courses kept (of 291 candidates)
[118/320] loyola-marymount-university (Loyola Marymount University): 177 rated courses kept (of 177 candidates)
[119/320] loyola-university-chicago (Loyola University Chicago): 125 rated courses kept (of 125 candidates)
[120/320] macalester-college (Macalester College): 86 rated courses kept (of 86 candidates)
[121/320] manhattan-college (Manhattan College): 129 rated courses kept (of 129 candidates)
[122/320] marist-college (Marist College): 181 rated courses kept (of 181 candidates)
[123/320] marquette-university (Marquette University): 180 rated courses kept (of 180 candidates)
[124/320] mit (Massachusetts Institute of Technology): 29 rated courses kept (of 29 candidates)
[125/320] mcgill-university (McGill University): 417 rated courses kept (of 417 candidates)
[126/320] mcmaster-university (McMaster University): 209 rated courses kept (of 209 candidates)
[127/320] medgar-evers-college (Medgar Evers College): 0 rated courses kept (of 0 candidates)
[128/320] memorial-university (Memorial University of Newfoundland): 240 rated courses kept (of 240 candidates)
[129/320] miami-university-ohio (Miami University): 195 rated courses kept (of 195 candidates)
[130/320] michigan-state-university (Michigan State University): 278 rated courses kept (of 278 candidates)
[131/320] middlebury-college (Middlebury College): 14 rated courses kept (of 14 candidates)
[132/320] mississippi-state-university (Mississippi State University): 168 rated courses kept (of 168 candidates)
[133/320] missouri-state-university (Missouri State University): 136 rated courses kept (of 136 candidates)
[134/320] montana-state-university (Montana State University): 132 rated courses kept (of 132 candidates)
[135/320] new-jersey-institute-of-technology (New Jersey Institute of Technology): 144 rated courses kept (of 144 candidates)
[136/320] new-mexico-state-university (New Mexico State University): 0 rated courses kept (of 0 candidates)
[137/320] nyu (New York University): 4 rated courses kept (of 8 candidates)
[138/320] nc-state-university (North Carolina State University): 279 rated courses kept (of 279 candidates)
[139/320] north-dakota-state-university (North Dakota State University): 85 rated courses kept (of 85 candidates)
[140/320] northeastern-university (Northeastern University): 202 rated courses kept (of 202 candidates)
[141/320] northern-arizona-university (Northern Arizona University): 9 rated courses kept (of 9 candidates)
[142/320] northern-illinois-university (Northern Illinois University): 184 rated courses kept (of 184 candidates)
[143/320] northwestern-university (Northwestern University): 34 rated courses kept (of 34 candidates)
[144/320] oberlin-college (Oberlin College): 63 rated courses kept (of 63 candidates)
[145/320] ohio-state-university (Ohio State University): 60 rated courses kept (of 60 candidates)
[146/320] ohio-university (Ohio University): 208 rated courses kept (of 208 candidates)
[147/320] oklahoma-state-university (Oklahoma State University): 272 rated courses kept (of 272 candidates)
[148/320] old-dominion-university (Old Dominion University): 156 rated courses kept (of 156 candidates)
[149/320] oregon-state-university (Oregon State University): 153 rated courses kept (of 153 candidates)
[150/320] pace-university (Pace University): 28 rated courses kept (of 28 candidates)
[151/320] penn-state-university (Penn State University): 412 rated courses kept (of 412 candidates)
[152/320] pepperdine-university (Pepperdine University): 68 rated courses kept (of 68 candidates)
[153/320] pomona-college (Pomona College): 100 rated courses kept (of 100 candidates)
[154/320] portland-state-university (Portland State University): 240 rated courses kept (of 240 candidates)
[155/320] pratt-institute (Pratt Institute): 127 rated courses kept (of 127 candidates)
[156/320] princeton-university (Princeton University): 24 rated courses kept (of 24 candidates)
[157/320] providence-college (Providence College): 61 rated courses kept (of 61 candidates)
[158/320] purdue-university (Purdue University): 168 rated courses kept (of 168 candidates)
Traceback (most recent call last):
  File "/usr/lib/python3.12/http/client.py", line 584, in _get_chunk_left
    chunk_left = self._read_next_chunk_size()
                 ^^^^^^^^^^^^^^^^^^^^^^^^^^^^
  File "/usr/lib/python3.12/http/client.py", line 551, in _read_next_chunk_size
    return int(line, 16)
           ^^^^^^^^^^^^^
ValueError: invalid literal for int() with base 16: b''

During handling of the above exception, another exception occurred:

Traceback (most recent call last):
  File "/usr/lib/python3.12/http/client.py", line 600, in _read_chunked
    while (chunk_left := self._get_chunk_left()) is not None:
                         ^^^^^^^^^^^^^^^^^^^^^^
  File "/usr/lib/python3.12/http/client.py", line 586, in _get_chunk_left
    raise IncompleteRead(b'')
http.client.IncompleteRead: IncompleteRead(0 bytes read)

The above exception was the direct cause of the following exception:

Traceback (most recent call last):
  File "/home/b-ysonale/slidefetch/ccr_course_index.py", line 252, in <module>
    main()
  File "/home/b-ysonale/slidefetch/ccr_course_index.py", line 214, in main
    num, star = rating_count(slug, course_slug, total)
                ^^^^^^^^^^^^^^^^^^^^^^^^^^^^^^^^^^^^^^
  File "/home/b-ysonale/slidefetch/ccr_course_index.py", line 144, in rating_count
    data = parse_course_page(fetch(url))
                             ^^^^^^^^^^
  File "/home/b-ysonale/slidefetch/ccr_course_index.py", line 71, in fetch
    return resp.read().decode("utf-8", errors="replace")
           ^^^^^^^^^^^
  File "/usr/lib/python3.12/http/client.py", line 478, in read
    return self._read_chunked(amt)
           ^^^^^^^^^^^^^^^^^^^^^^^
  File "/usr/lib/python3.12/http/client.py", line 612, in _read_chunked
    raise IncompleteRead(b''.join(value)) from exc
http.client.IncompleteRead: IncompleteRead(27260 bytes read)
nohup: ignoring input
discovered 320 universities
[1/320] american-university: already done, skipping
[2/320] amherst-college: already done, skipping
[3/320] appalachian-state-university: already done, skipping
[4/320] arizona-state-university: already done, skipping
[5/320] auburn-university: already done, skipping
[6/320] babson-college: already done, skipping
[7/320] ball-state-university: already done, skipping
[8/320] barnard-college: already done, skipping
[9/320] baruch-college: already done, skipping
[10/320] baylor-university: already done, skipping
[11/320] bentley-university: already done, skipping
[12/320] binghamton-university: already done, skipping
[13/320] boise-state-university: already done, skipping
[14/320] boston-college: already done, skipping
[15/320] boston-university: already done, skipping
[16/320] bowdoin-college: already done, skipping
[17/320] bowling-green-state-university: already done, skipping
[18/320] brandeis-university: already done, skipping
[19/320] brigham-young-university: already done, skipping
[20/320] brock-university: already done, skipping
[21/320] brooklyn-college: already done, skipping
[22/320] brown-university: already done, skipping
[23/320] bryn-mawr-college: already done, skipping
[24/320] bucknell-university: already done, skipping
[25/320] buffalo-state-university: already done, skipping
[26/320] butler-university: already done, skipping
[27/320] cal-poly-slo: already done, skipping
[28/320] cal-poly-pomona: already done, skipping
[29/320] chico-state: already done, skipping
[30/320] fresno-state: already done, skipping
[31/320] cal-state-fullerton: already done, skipping
[32/320] cal-state-long-beach: already done, skipping
[33/320] cal-state-la: already done, skipping
[34/320] cal-state-northridge: already done, skipping
[35/320] cal-state-sacramento: already done, skipping
[36/320] carleton-college: already done, skipping
[37/320] carleton-university: already done, skipping
[38/320] carnegie-mellon-university: already done, skipping
[39/320] case-western-reserve-university: already done, skipping
[40/320] central-michigan-university: already done, skipping
[41/320] chapman-university: already done, skipping
[42/320] city-college-of-new-york: already done, skipping
[43/320] claremont-mckenna-college: already done, skipping
[44/320] clarkson-university: already done, skipping
[45/320] clemson-university: already done, skipping
[46/320] cleveland-state-university: already done, skipping
[47/320] coastal-carolina-university: already done, skipping
[48/320] colby-college: already done, skipping
[49/320] colgate-university: already done, skipping
[50/320] college-of-staten-island: already done, skipping
[51/320] college-of-the-holy-cross: already done, skipping
[52/320] college-of-william-and-mary: already done, skipping
[53/320] colorado-college: already done, skipping
[54/320] colorado-school-of-mines: already done, skipping
[55/320] colorado-state-university: already done, skipping
[56/320] columbia-university: already done, skipping
[57/320] concordia-university: already done, skipping
[58/320] connecticut-college: already done, skipping
[59/320] cooper-union: already done, skipping
[60/320] cornell-university: already done, skipping
[61/320] creighton-university: already done, skipping
[62/320] dalhousie-university: already done, skipping
[63/320] dartmouth-college: already done, skipping
[64/320] davidson-college: already done, skipping
[65/320] denison-university: already done, skipping
[66/320] depaul-university: already done, skipping
[67/320] dickinson-college: already done, skipping
[68/320] drake-university: already done, skipping
[69/320] drexel-university: already done, skipping
[70/320] duke-university: already done, skipping
[71/320] east-carolina-university: already done, skipping
[72/320] eastern-michigan-university: already done, skipping
[73/320] eastern-washington-university: already done, skipping
[74/320] elon-university: already done, skipping
[75/320] emory-university: already done, skipping
[76/320] fairfield-university: already done, skipping
[77/320] fashion-institute-of-technology: already done, skipping
[78/320] florida-atlantic-university: already done, skipping
[79/320] florida-gulf-coast-university: already done, skipping
[80/320] florida-international-university: already done, skipping
[81/320] florida-state-university: already done, skipping
[82/320] fordham-university: already done, skipping
[83/320] furman-university: already done, skipping
[84/320] george-mason-university: already done, skipping
[85/320] george-washington-university: already done, skipping
[86/320] georgetown-university: already done, skipping
[87/320] georgia-tech: already done, skipping
[88/320] georgia-state-university: already done, skipping
[89/320] gettysburg-college: already done, skipping
[90/320] gonzaga-university: already done, skipping
[91/320] grinnell-college: already done, skipping
[92/320] hamilton-college: already done, skipping
[93/320] harvard-university: already done, skipping
[94/320] harvey-mudd-college: already done, skipping
[95/320] haverford-college: already done, skipping
[96/320] hofstra-university: already done, skipping
[97/320] howard-university: already done, skipping
[98/320] hunter-college: already done, skipping
[99/320] illinois-state-university: already done, skipping
[100/320] indiana-university-bloomington: already done, skipping
[101/320] iupui: already done, skipping
[102/320] iowa-state-university: already done, skipping
[103/320] ithaca-college: already done, skipping
[104/320] james-madison-university: already done, skipping
[105/320] john-jay-college: already done, skipping
[106/320] johns-hopkins-university: already done, skipping
[107/320] kansas-state-university: already done, skipping
[108/320] kennesaw-state-university: already done, skipping
[109/320] kent-state-university: already done, skipping
[110/320] kenyon-college: already done, skipping
[111/320] lakehead-university: already done, skipping
[112/320] laval-university: already done, skipping
[113/320] le-moyne-college: already done, skipping
[114/320] lehigh-university: already done, skipping
[115/320] lehman-college: already done, skipping
[116/320] liberty-university: already done, skipping
[117/320] louisiana-state-university: already done, skipping
[118/320] loyola-marymount-university: already done, skipping
[119/320] loyola-university-chicago: already done, skipping
[120/320] macalester-college: already done, skipping
[121/320] manhattan-college: already done, skipping
[122/320] marist-college: already done, skipping
[123/320] marquette-university: already done, skipping
[124/320] mit: already done, skipping
[125/320] mcgill-university: already done, skipping
[126/320] mcmaster-university: already done, skipping
[127/320] medgar-evers-college: already done, skipping
[128/320] memorial-university: already done, skipping
[129/320] miami-university-ohio: already done, skipping
[130/320] michigan-state-university: already done, skipping
[131/320] middlebury-college: already done, skipping
[132/320] mississippi-state-university: already done, skipping
[133/320] missouri-state-university: already done, skipping
[134/320] montana-state-university: already done, skipping
[135/320] new-jersey-institute-of-technology: already done, skipping
[136/320] new-mexico-state-university: already done, skipping
[137/320] nyu: already done, skipping
[138/320] nc-state-university: already done, skipping
[139/320] north-dakota-state-university: already done, skipping
[140/320] northeastern-university: already done, skipping
[141/320] northern-arizona-university: already done, skipping
[142/320] northern-illinois-university: already done, skipping
[143/320] northwestern-university: already done, skipping
[144/320] oberlin-college: already done, skipping
[145/320] ohio-state-university: already done, skipping
[146/320] ohio-university: already done, skipping
[147/320] oklahoma-state-university: already done, skipping
[148/320] old-dominion-university: already done, skipping
[149/320] oregon-state-university: already done, skipping
[150/320] pace-university: already done, skipping
[151/320] penn-state-university: already done, skipping
[152/320] pepperdine-university: already done, skipping
[153/320] pomona-college: already done, skipping
[154/320] portland-state-university: already done, skipping
[155/320] pratt-institute: already done, skipping
[156/320] princeton-university: already done, skipping
[157/320] providence-college: already done, skipping
[158/320] purdue-university: already done, skipping
[159/320] queens-college (Queens College): 279 rated courses kept (of 279 candidates)
[160/320] queens-university (Queens University): 39 rated courses kept (of 39 candidates)
[161/320] quinnipiac-university (Quinnipiac University): 121 rated courses kept (of 121 candidates)
[162/320] reed-college (Reed College): 28 rated courses kept (of 28 candidates)
discovered 320 universities
[1/320] american-university: already done, skipping
[2/320] amherst-college: already done, skipping
[3/320] appalachian-state-university: already done, skipping
[4/320] arizona-state-university: already done, skipping
[5/320] auburn-university: already done, skipping
[6/320] babson-college: already done, skipping
[7/320] ball-state-university: already done, skipping
[8/320] barnard-college: already done, skipping
[9/320] baruch-college: already done, skipping
[10/320] baylor-university: already done, skipping
[11/320] bentley-university: already done, skipping
[12/320] binghamton-university: already done, skipping
[13/320] boise-state-university: already done, skipping
[14/320] boston-college: already done, skipping
[15/320] boston-university: already done, skipping
[16/320] bowdoin-college: already done, skipping
[17/320] bowling-green-state-university: already done, skipping
[18/320] brandeis-university: already done, skipping
[19/320] brigham-young-university: already done, skipping
[20/320] brock-university: already done, skipping
[21/320] brooklyn-college: already done, skipping
[22/320] brown-university: already done, skipping
[23/320] bryn-mawr-college: already done, skipping
[24/320] bucknell-university: already done, skipping
[25/320] buffalo-state-university: already done, skipping
[26/320] butler-university: already done, skipping
[27/320] cal-poly-slo: already done, skipping
[28/320] cal-poly-pomona: already done, skipping
[29/320] chico-state: already done, skipping
[30/320] fresno-state: already done, skipping
[31/320] cal-state-fullerton: already done, skipping
[32/320] cal-state-long-beach: already done, skipping
[33/320] cal-state-la: already done, skipping
[34/320] cal-state-northridge: already done, skipping
[35/320] cal-state-sacramento: already done, skipping
[36/320] carleton-college: already done, skipping
[37/320] carleton-university: already done, skipping
[38/320] carnegie-mellon-university: already done, skipping
[39/320] case-western-reserve-university: already done, skipping
[40/320] central-michigan-university: already done, skipping
[41/320] chapman-university: already done, skipping
[42/320] city-college-of-new-york: already done, skipping
[43/320] claremont-mckenna-college: already done, skipping
[44/320] clarkson-university: already done, skipping
[45/320] clemson-university: already done, skipping
[46/320] cleveland-state-university: already done, skipping
[47/320] coastal-carolina-university: already done, skipping
[48/320] colby-college: already done, skipping
[49/320] colgate-university: already done, skipping
[50/320] college-of-staten-island: already done, skipping
[51/320] college-of-the-holy-cross: already done, skipping
[52/320] college-of-william-and-mary: already done, skipping
[53/320] colorado-college: already done, skipping
[54/320] colorado-school-of-mines: already done, skipping
[55/320] colorado-state-university: already done, skipping
[56/320] columbia-university: already done, skipping
[57/320] concordia-university: already done, skipping
[58/320] connecticut-college: already done, skipping
[59/320] cooper-union: already done, skipping
[60/320] cornell-university: already done, skipping
[61/320] creighton-university: already done, skipping
[62/320] dalhousie-university: already done, skipping
[63/320] dartmouth-college: already done, skipping
[64/320] davidson-college: already done, skipping
[65/320] denison-university: already done, skipping
[66/320] depaul-university: already done, skipping
[67/320] dickinson-college: already done, skipping
[68/320] drake-university: already done, skipping
[69/320] drexel-university: already done, skipping
[70/320] duke-university: already done, skipping
[71/320] east-carolina-university: already done, skipping
[72/320] eastern-michigan-university: already done, skipping
[73/320] eastern-washington-university: already done, skipping
[74/320] elon-university: already done, skipping
[75/320] emory-university: already done, skipping
[76/320] fairfield-university: already done, skipping
[77/320] fashion-institute-of-technology: already done, skipping
[78/320] florida-atlantic-university: already done, skipping
[79/320] florida-gulf-coast-university: already done, skipping
[80/320] florida-international-university: already done, skipping
[81/320] florida-state-university: already done, skipping
[82/320] fordham-university: already done, skipping
[83/320] furman-university: already done, skipping
[84/320] george-mason-university: already done, skipping
[85/320] george-washington-university: already done, skipping
[86/320] georgetown-university: already done, skipping
[87/320] georgia-tech: already done, skipping
[88/320] georgia-state-university: already done, skipping
[89/320] gettysburg-college: already done, skipping
[90/320] gonzaga-university: already done, skipping
[91/320] grinnell-college: already done, skipping
[92/320] hamilton-college: already done, skipping
[93/320] harvard-university: already done, skipping
[94/320] harvey-mudd-college: already done, skipping
[95/320] haverford-college: already done, skipping
[96/320] hofstra-university: already done, skipping
[97/320] howard-university: already done, skipping
[98/320] hunter-college: already done, skipping
[99/320] illinois-state-university: already done, skipping
[100/320] indiana-university-bloomington: already done, skipping
[101/320] iupui: already done, skipping
[102/320] iowa-state-university: already done, skipping
[103/320] ithaca-college: already done, skipping
[104/320] james-madison-university: already done, skipping
[105/320] john-jay-college: already done, skipping
[106/320] johns-hopkins-university: already done, skipping
[107/320] kansas-state-university: already done, skipping
[108/320] kennesaw-state-university: already done, skipping
[109/320] kent-state-university: already done, skipping
[110/320] kenyon-college: already done, skipping
[111/320] lakehead-university: already done, skipping
[112/320] laval-university: already done, skipping
[113/320] le-moyne-college: already done, skipping
[114/320] lehigh-university: already done, skipping
[115/320] lehman-college: already done, skipping
[116/320] liberty-university: already done, skipping
[117/320] louisiana-state-university: already done, skipping
[118/320] loyola-marymount-university: already done, skipping
[119/320] loyola-university-chicago: already done, skipping
[120/320] macalester-college: already done, skipping
[121/320] manhattan-college: already done, skipping
[122/320] marist-college: already done, skipping
[123/320] marquette-university: already done, skipping
[124/320] mit: already done, skipping
[125/320] mcgill-university: already done, skipping
[126/320] mcmaster-university: already done, skipping
[127/320] medgar-evers-college: already done, skipping
[128/320] memorial-university: already done, skipping
[129/320] miami-university-ohio: already done, skipping
[130/320] michigan-state-university: already done, skipping
[131/320] middlebury-college: already done, skipping
[132/320] mississippi-state-university: already done, skipping
[133/320] missouri-state-university: already done, skipping
[134/320] montana-state-university: already done, skipping
[135/320] new-jersey-institute-of-technology: already done, skipping
[136/320] new-mexico-state-university: already done, skipping
[137/320] nyu: already done, skipping
[138/320] nc-state-university: already done, skipping
[139/320] north-dakota-state-university: already done, skipping
[140/320] northeastern-university: already done, skipping
[141/320] northern-arizona-university: already done, skipping
[142/320] northern-illinois-university: already done, skipping
[143/320] northwestern-university: already done, skipping
[144/320] oberlin-college: already done, skipping
[145/320] ohio-state-university: already done, skipping
[146/320] ohio-university: already done, skipping
[147/320] oklahoma-state-university: already done, skipping
[148/320] old-dominion-university: already done, skipping
[149/320] oregon-state-university: already done, skipping
[150/320] pace-university: already done, skipping
[151/320] penn-state-university: already done, skipping
[152/320] pepperdine-university: already done, skipping
[153/320] pomona-college: already done, skipping
[154/320] portland-state-university: already done, skipping
[155/320] pratt-institute: already done, skipping
[156/320] princeton-university: already done, skipping
[157/320] providence-college: already done, skipping
[158/320] purdue-university: already done, skipping
[159/320] queens-college: already done, skipping
[160/320] queens-university: already done, skipping
[161/320] quinnipiac-university: already done, skipping
[162/320] reed-college: already done, skipping
[163/320] rpi (Rensselaer Polytechnic Institute): 167 rated courses kept (of 171 candidates)
[164/320] rhodes-college (Rhodes College): 38 rated courses kept (of 38 candidates)
[165/320] rice-university (Rice University): 35 rated courses kept (of 35 candidates)
[166/320] rit (Rochester Institute of Technology): 221 rated courses kept (of 223 candidates)
[167/320] rose-hulman-institute-of-technology (Rose-Hulman Institute of Technology): 79 rated courses kept (of 79 candidates)
[168/320] rowan-university (Rowan University): 232 rated courses kept (of 232 candidates)
[169/320] rutgers-university (Rutgers University): 2 rated courses kept (of 2 candidates)
[170/320] sacred-heart-university (Sacred Heart University): 122 rated courses kept (of 122 candidates)
[171/320] saint-louis-university (Saint Louis University): 122 rated courses kept (of 122 candidates)
[172/320] sam-houston-state-university (Sam Houston State University): 248 rated courses kept (of 248 candidates)
[173/320] san-diego-state-university (San Diego State University): 232 rated courses kept (of 232 candidates)
[174/320] san-francisco-state-university (San Francisco State University): 226 rated courses kept (of 226 candidates)
[175/320] san-jose-state-university (San Jose State University): 260 rated courses kept (of 260 candidates)
[176/320] santa-clara-university (Santa Clara University): 175 rated courses kept (of 175 candidates)
[177/320] sarah-lawrence-college (Sarah Lawrence College): 0 rated courses kept (of 0 candidates)
[178/320] school-of-visual-arts (School of Visual Arts): 0 rated courses kept (of 0 candidates)
[179/320] seattle-university (Seattle University): 127 rated courses kept (of 127 candidates)
[180/320] seton-hall-university (Seton Hall University): 172 rated courses kept (of 172 candidates)
[181/320] siena-college (Siena College): 125 rated courses kept (of 125 candidates)
[182/320] simon-fraser-university (Simon Fraser University): 245 rated courses kept (of 245 candidates)
[183/320] skidmore-college (Skidmore College): 141 rated courses kept (of 141 candidates)
[184/320] smith-college (Smith College): 90 rated courses kept (of 90 candidates)
[185/320] southern-illinois-university (Southern Illinois University Carbondale): 80 rated courses kept (of 80 candidates)
[186/320] southern-methodist-university (Southern Methodist University): 253 rated courses kept (of 253 candidates)
[187/320] st-johns-university (St. John's University): 30 rated courses kept (of 30 candidates)
[188/320] stanford-university (Stanford University): 63 rated courses kept (of 63 candidates)
[189/320] stevens-institute-of-technology (Stevens Institute of Technology): 10 rated courses kept (of 10 candidates)
[190/320] stony-brook-university (Stony Brook University): 200 rated courses kept (of 202 candidates)
[191/320] suffolk-university (Suffolk University): 156 rated courses kept (of 156 candidates)
[192/320] suny-brockport (SUNY Brockport): 215 rated courses kept (of 215 candidates)
[193/320] suny-esf (SUNY College of Environmental Science and Forestry): 0 rated courses kept (of 0 candidates)
[194/320] suny-cortland (SUNY Cortland): 1 rated courses kept (of 3 candidates)
[195/320] suny-empire-state (SUNY Empire State): 0 rated courses kept (of 0 candidates)
[196/320] suny-fredonia (SUNY Fredonia): 131 rated courses kept (of 131 candidates)
[197/320] suny-geneseo (SUNY Geneseo): 190 rated courses kept (of 190 candidates)
[198/320] suny-maritime-college (SUNY Maritime College): 0 rated courses kept (of 0 candidates)
[199/320] suny-new-paltz (SUNY New Paltz): 147 rated courses kept (of 148 candidates)
[200/320] suny-old-westbury (SUNY Old Westbury): 0 rated courses kept (of 0 candidates)
[201/320] suny-oneonta (SUNY Oneonta): 215 rated courses kept (of 216 candidates)
[202/320] suny-oswego (SUNY Oswego): 8 rated courses kept (of 8 candidates)
[203/320] suny-plattsburgh (SUNY Plattsburgh): 153 rated courses kept (of 153 candidates)
[204/320] suny-polytechnic-institute (SUNY Polytechnic Institute): 0 rated courses kept (of 0 candidates)
[205/320] suny-potsdam (SUNY Potsdam): 82 rated courses kept (of 82 candidates)
[206/320] suny-purchase (SUNY Purchase): 126 rated courses kept (of 126 candidates)
[207/320] swarthmore-college (Swarthmore College): 77 rated courses kept (of 77 candidates)
[208/320] syracuse-university (Syracuse University): 180 rated courses kept (of 184 candidates)
[209/320] temple-university (Temple University): 288 rated courses kept (of 288 candidates)
[210/320] texas-a-and-m-university (Texas A&M University): 147 rated courses kept (of 147 candidates)
[211/320] texas-christian-university (Texas Christian University): 215 rated courses kept (of 215 candidates)
[212/320] texas-state-university (Texas State University): 202 rated courses kept (of 202 candidates)
[213/320] texas-tech-university (Texas Tech University): 195 rated courses kept (of 195 candidates)
[214/320] the-new-school (The New School): 0 rated courses kept (of 0 candidates)
[215/320] towson-university (Towson University): 132 rated courses kept (of 132 candidates)
[216/320] trent-university (Trent University): 38 rated courses kept (of 38 candidates)
[217/320] trinity-college (Trinity College): 63 rated courses kept (of 63 candidates)
[218/320] tufts-university (Tufts University): 251 rated courses kept (of 251 candidates)
[219/320] tulane-university (Tulane University): 211 rated courses kept (of 211 candidates)
[220/320] union-college (Union College): 69 rated courses kept (of 69 candidates)
[221/320] university-at-albany (University at Albany): 268 rated courses kept (of 268 candidates)
[222/320] university-at-buffalo (University at Buffalo): 10 rated courses kept (of 45 candidates)
[223/320] university-of-alabama (University of Alabama): 268 rated courses kept (of 268 candidates)
[224/320] university-of-alberta (University of Alberta): 14 rated courses kept (of 14 candidates)
[225/320] university-of-arizona (University of Arizona): 426 rated courses kept (of 426 candidates)
[226/320] university-of-arkansas (University of Arkansas): 273 rated courses kept (of 273 candidates)
[227/320] university-of-british-columbia (University of British Columbia): 409 rated courses kept (of 409 candidates)
[228/320] university-of-calgary (University of Calgary): 302 rated courses kept (of 302 candidates)
[229/320] uc-berkeley (University of California, Berkeley): 0 rated courses kept (of 0 candidates)
[230/320] uc-davis (University of California, Davis): 409 rated courses kept (of 409 candidates)
[231/320] uc-irvine (University of California, Irvine): 255 rated courses kept (of 255 candidates)
[232/320] ucla (University of California, Los Angeles): 90 rated courses kept (of 90 candidates)
[233/320] uc-riverside (University of California, Riverside): 0 rated courses kept (of 0 candidates)
[234/320] uc-san-diego (University of California, San Diego): 264 rated courses kept (of 264 candidates)
[235/320] uc-santa-barbara (University of California, Santa Barbara): 299 rated courses kept (of 299 candidates)
[236/320] uc-santa-cruz (University of California, Santa Cruz): 0 rated courses kept (of 0 candidates)
[237/320] university-of-central-florida (University of Central Florida): 34 rated courses kept (of 34 candidates)
[238/320] university-of-chicago (University of Chicago): 33 rated courses kept (of 33 candidates)
[239/320] university-of-cincinnati (University of Cincinnati): 196 rated courses kept (of 196 candidates)
[240/320] university-of-colorado-boulder (University of Colorado Boulder): 347 rated courses kept (of 347 candidates)
[241/320] university-of-connecticut (University of Connecticut): 272 rated courses kept (of 272 candidates)
[242/320] university-of-dayton (University of Dayton): 138 rated courses kept (of 138 candidates)
[243/320] university-of-delaware (University of Delaware): 174 rated courses kept (of 174 candidates)
[244/320] university-of-denver (University of Denver): 165 rated courses kept (of 165 candidates)
[245/320] university-of-florida (University of Florida): 404 rated courses kept (of 404 candidates)
[246/320] university-of-georgia (University of Georgia): 359 rated courses kept (of 359 candidates)
[247/320] university-of-hawaii-manoa (University of Hawaii at Manoa): 104 rated courses kept (of 104 candidates)
[248/320] university-of-houston (University of Houston): 298 rated courses kept (of 299 candidates)
[249/320] university-of-illinois-chicago (University of Illinois Chicago): 0 rated courses kept (of 0 candidates)
[250/320] university-of-illinois-urbana-champaign (University of Illinois Urbana-Champaign): 24 rated courses kept (of 24 candidates)
[251/320] university-of-iowa (University of Iowa): 280 rated courses kept (of 280 candidates)
[252/320] university-of-kansas (University of Kansas): 151 rated courses kept (of 151 candidates)
[253/320] university-of-kentucky (University of Kentucky): 211 rated courses kept (of 211 candidates)
[254/320] university-of-louisville (University of Louisville): 98 rated courses kept (of 98 candidates)
[255/320] university-of-maine (University of Maine): 114 rated courses kept (of 114 candidates)
[256/320] university-of-manitoba (University of Manitoba): 277 rated courses kept (of 277 candidates)
[257/320] university-of-maryland (University of Maryland): 175 rated courses kept (of 175 candidates)
[258/320] umass-amherst (University of Massachusetts Amherst): 22 rated courses kept (of 22 candidates)
[259/320] university-of-miami (University of Miami): 197 rated courses kept (of 197 candidates)
[260/320] university-of-michigan (University of Michigan): 0 rated courses kept (of 0 candidates)
[261/320] university-of-minnesota-twin-cities (University of Minnesota Twin Cities): 0 rated courses kept (of 0 candidates)
[262/320] university-of-mississippi (University of Mississippi): 0 rated courses kept (of 0 candidates)
[263/320] university-of-missouri (University of Missouri): 157 rated courses kept (of 157 candidates)
[264/320] university-of-montreal (University of Montreal): 206 rated courses kept (of 206 candidates)
[265/320] university-of-nebraska-lincoln (University of Nebraska-Lincoln): 148 rated courses kept (of 148 candidates)
[266/320] unlv (University of Nevada, Las Vegas): 87 rated courses kept (of 87 candidates)
[267/320] university-of-new-hampshire (University of New Hampshire): 178 rated courses kept (of 178 candidates)
[268/320] university-of-new-mexico (University of New Mexico): 106 rated courses kept (of 106 candidates)
[269/320] university-of-north-carolina-at-chapel-hill (University of North Carolina at Chapel Hill): 320 rated courses kept (of 320 candidates)
[270/320] unc-charlotte (University of North Carolina at Charlotte): 287 rated courses kept (of 287 candidates)
[271/320] university-of-north-texas (University of North Texas): 200 rated courses kept (of 200 candidates)
[272/320] university-of-notre-dame (University of Notre Dame): 121 rated courses kept (of 121 candidates)
[273/320] university-of-oklahoma (University of Oklahoma): 175 rated courses kept (of 175 candidates)
[274/320] ontario-tech-university (University of Ontario Institute of Technology): 30 rated courses kept (of 30 candidates)
[275/320] university-of-oregon (University of Oregon): 283 rated courses kept (of 283 candidates)
[276/320] university-of-ottawa (University of Ottawa): 552 rated courses kept (of 552 candidates)
[277/320] university-of-pennsylvania (University of Pennsylvania): 48 rated courses kept (of 48 candidates)
[278/320] university-of-pittsburgh (University of Pittsburgh): 256 rated courses kept (of 256 candidates)
[279/320] university-of-rhode-island (University of Rhode Island): 140 rated courses kept (of 140 candidates)
[280/320] university-of-rochester (University of Rochester): 0 rated courses kept (of 2 candidates)
[281/320] university-of-saskatchewan (University of Saskatchewan): 36 rated courses kept (of 36 candidates)
[282/320] university-of-south-carolina (University of South Carolina): 295 rated courses kept (of 295 candidates)
[283/320] university-of-south-florida (University of South Florida): 0 rated courses kept (of 0 candidates)
[284/320] university-of-southern-california (University of Southern California): 240 rated courses kept (of 240 candidates)
[285/320] university-of-tennessee (University of Tennessee): 181 rated courses kept (of 181 candidates)
[286/320] university-of-texas-at-austin (University of Texas at Austin): 227 rated courses kept (of 227 candidates)
[287/320] university-of-texas-at-dallas (University of Texas at Dallas): 246 rated courses kept (of 246 candidates)
[288/320] university-of-texas-san-antonio (University of Texas at San Antonio): 293 rated courses kept (of 293 candidates)
[289/320] university-of-toronto (University of Toronto): 112 rated courses kept (of 112 candidates)
[290/320] university-of-utah (University of Utah): 219 rated courses kept (of 219 candidates)
[291/320] university-of-vermont (University of Vermont): 322 rated courses kept (of 322 candidates)
[292/320] university-of-victoria (University of Victoria): 222 rated courses kept (of 222 candidates)
[293/320] university-of-virginia (University of Virginia): 134 rated courses kept (of 134 candidates)
[294/320] university-of-washington (University of Washington): 258 rated courses kept (of 258 candidates)
[295/320] university-of-waterloo (University of Waterloo): 220 rated courses kept (of 220 candidates)
[296/320] university-of-wisconsin-madison (University of Wisconsin-Madison): 175 rated courses kept (of 175 candidates)
[297/320] university-of-wisconsin-milwaukee (University of Wisconsin-Milwaukee): 74 rated courses kept (of 74 candidates)
[298/320] utah-state-university (Utah State University): 144 rated courses kept (of 144 candidates)
[299/320] vanderbilt-university (Vanderbilt University): 265 rated courses kept (of 265 candidates)
[300/320] vassar-college (Vassar College): 117 rated courses kept (of 117 candidates)
[301/320] villanova-university (Villanova University): 128 rated courses kept (of 128 candidates)
[302/320] virginia-commonwealth-university (Virginia Commonwealth University): 137 rated courses kept (of 137 candidates)
[303/320] virginia-tech (Virginia Tech): 189 rated courses kept (of 189 candidates)
[304/320] wake-forest-university (Wake Forest University): 35 rated courses kept (of 35 candidates)
[305/320] washington-state-university (Washington State University): 71 rated courses kept (of 71 candidates)
[306/320] washington-university-in-st-louis (Washington University in St. Louis): 130 rated courses kept (of 130 candidates)
[307/320] wayne-state-university (Wayne State University): 220 rated courses kept (of 220 candidates)
[308/320] wellesley-college (Wellesley College): 36 rated courses kept (of 36 candidates)
[309/320] wesleyan-university (Wesleyan University): 61 rated courses kept (of 61 candidates)
[310/320] west-virginia-university (West Virginia University): 104 rated courses kept (of 104 candidates)
[311/320] western-michigan-university (Western Michigan University): 196 rated courses kept (of 196 candidates)
[312/320] western-washington-university (Western Washington University): 127 rated courses kept (of 127 candidates)
[313/320] wichita-state-university (Wichita State University): 121 rated courses kept (of 121 candidates)
[314/320] williams-college (Williams College): 5 rated courses kept (of 5 candidates)
[315/320] worcester-polytechnic-institute (Worcester Polytechnic Institute): 165 rated courses kept (of 165 candidates)
[316/320] wright-state-university (Wright State University): 186 rated courses kept (of 186 candidates)
[317/320] xavier-university (Xavier University): 71 rated courses kept (of 71 candidates)
[318/320] yale-university (Yale University): 41 rated courses kept (of 41 candidates)
[319/320] york-college (York College): 93 rated courses kept (of 93 candidates)
[320/320] youngstown-state-university (Youngstown State University): 173 rated courses kept (of 173 candidates)

run kept 23910 courses; database now holds 47656 total -> ccr_courses.db
