discovery mode: 11 queries

[search] 'electrical engineering course lecture slides'
[search] 20 result(s)
  skip    already-downloaded       web.stanford.edu_engr40m.1178
  reject  blocked:scribd.com        https://www.scribd.com/document/490131694/Electrical-Engineering-Slides
  reject  not-university:opencw.aprende.org  https://opencw.aprende.org/courses/electrical-engineering-and-computer-science/6-02-introduction-to-eecs-ii-digital-communication-systems-fall-2012/lecture-slides
  reject  not-university:slideteam.net  https://www.slideteam.net/top-10-electrical-engineering-online-courses-powerpoint-presentation-templates
  reject  not-university:slideserve.com  https://www.slideserve.com/James167/a-brief-introduction-to-electrical-engineering
  reject  not-university:slideteam.net  https://www.slideteam.net/top-10-electrical-engineering-curriculum-powerpoint-presentation-templates
  skip    already-downloaded       courses.grainger.illinois.edu_ece110_fa2017
  reject  blocked:slideshare.net    https://www.slideshare.net/slideshow/electrical-engineering-students-notes/54859725
  accept  academic-tld              http://www.ee.ic.ac.uk/pcheung/teaching/de1_ee/Lectures/
  accept  academic-tld              https://engineering.purdue.edu/~mrb/styled/downloads-5
  reject  blocked:researchgate.net  https://www.researchgate.net/publication/220336575_Lecture_Notes_in_Electrical_Engineering
  accept  academic-tld              https://www.bu.edu/peaclab/files/2019/07/
  reject  not-university:archive.org  https://archive.org/details/ucberkeley_webcast_EPPTixWYI8s
  reject  blocked:youtube.com       https://www.youtube.com/watch?v=8gRYHMNh_Uo
  reject  not-university:allaboutcircuits.com  https://www.allaboutcircuits.com/video-lectures
  accept  academic-tld              https://ocw.mit.edu/courses/6-002-circuits-and-electronics-spring-2007/pages/lecture-notes
  reject  blocked:youtube.com       https://www.youtube.com/watch?v=f7oXhDatwtY
  reject  not-university:vemu.org   https://vemu.org/uploads/ppt/06_04_2023_667844606.pdf
  reject  not-university:coursera.org  https://www.coursera.org/browse/physical-science-and-engineering/electrical-engineering
  reject  blocked:reddit.com        https://www.reddit.com/r/ElectricalEngineering/comments/18nsbj3/open_courses_to_learn_electrical_engineering

[search] 'mechanical engineering course lecture slides'
[search] 10 result(s)
  skip    already-downloaded       ocw.mit.edu_2-43-advanced-thermodynamics-spring-2024
  reject  blocked:slideshare.net    https://www.slideshare.net/slideshow/introduction-to-mechanical-engineering/64046757
  accept  academic-tld              https://mitocw.ups.edu.ec/courses/mechanical-engineering/
  reject  not-university:docsity.com  https://www.docsity.com/en/slides/engineering/mechanical-engineering/
  accept  academic-tld              https://ocw.metu.edu.tr/course/view.php?id=340
  skip    already-downloaded       pages.mtu.edu_cm310
  skip    already-downloaded       grainger.illinois.edu_demos-mechse
  skip    already-downloaded       egr.msu.edu_me371_ME221_Summer_Lectures
  reject  not-university:slideserve.com  https://www.slideserve.com/jlauren/introduction-to-mechanical-engineering-powerpoint-ppt-presentation
  skip    already-downloaded       stengel.mycpanel.princeton.edu_MAE345Lectures

[search] 'civil engineering course lecture slides'
[search] 10 result(s)
  reject  not-university:merriam-webster.com  https://www.merriam-webster.com/dictionary/civil
  reject  not-university:ethoscivil.com  https://www.ethoscivil.com/
  reject  blocked:facebook.com      https://www.facebook.com/people/PA-Civil-LLC/61570282667179/
  accept  academic-tld              https://www.tacoma.uw.edu/set/programs/undergrad/civil
  reject  not-university:tacoma.gov  https://tacoma.gov/
  reject  not-university:dictionary.cambridge.org  https://dictionary.cambridge.org/dictionary/english/civil
  reject  not-university:vocabulary.com  https://www.vocabulary.com/dictionary/civil
  reject  not-university:piercecountywa.gov  https://www.piercecountywa.gov/1014/Civil-Court
  reject  not-university:collinsdictionary.com  https://www.collinsdictionary.com/dictionary/english/civil
  reject  not-university:wordreference.com  https://www.wordreference.com/definition/civil

[search] 'chemical engineering course lecture slides'
[search] 18 result(s)
  reject  blocked:slideshare.net    https://www.slideshare.net/slideshow/chemical-engineeringpptx-251738703/251738703
  reject  blocked:scribd.com        https://www.scribd.com/document/398308597/Chemical-Engineering-Slides
  reject  blocked:reddit.com        https://www.reddit.com/r/ChemicalEngineering/comments/1d0zfn3/how_to_study_this_lecture_slides
  skip    already-downloaded       ocw.mit.edu_10-37-chemical-and-biological-reaction-engineering-spring-2007
  reject  not-university:projects.lagosstate.gov.ng  https://projects.lagosstate.gov.ng/cenforces/=xforgetk/Z29296F/Z93698F877/introduction-to__chemical_engineering__ppt.pdf
  accept  academic-tld              https://public.websites.umich.edu/~elements/5e/lectures/umich.html
  reject  blocked:youtube.com       https://www.youtube.com/watch?v=WgWNQVdhE9A
  reject  not-university:msubbu.in  https://msubbu.in/ln/index.html
  reject  blocked:researchgate.net  https://www.researchgate.net/publication/355439853_Chemical_Engineering_-Lecture_Notes
  accept  academic-tld              https://www.ugierkl.ac.in/lecture_notes.php?branch=Chemical
  reject  blocked:youtube.com       https://www.youtube.com/watch?v=4AVPZKm-Zyo
  reject  blocked:studocu.com       https://www.studocu.com/en-gb/document/london-south-bank-university/basic-chemical-principles/lecture-notes-on-chemical-engineering/7823066
  reject  not-university:slideserve.com  https://www.slideserve.com/atira/che-201-introduction-to-chemical-engineering-calculations
  reject  blocked:youtube.com       https://www.youtube.com/watch?v=izk2LMcmfys
  reject  not-university:coursera.org  https://www.coursera.org/courses?query=chemical+engineering
  reject  not-university:slideteam.net  https://www.slideteam.net/tag/chemical-engineering-powerpoint-templates-ppt-slides-images-graphics-and-themes
  accept  academic-tld              https://mitocw.ups.edu.ec/courses/chemical-engineering
  accept  academic-tld              https://www.chem.uci.edu/~ardo/echem/

[search] 'aerospace engineering course lecture slides'
[search] 19 result(s)
  accept  known-university          https://ocw.tudelft.nl/wp-content/uploads/
  reject  blocked:scribd.com        https://www.scribd.com/document/605299650/AE152-Lecture-1
  accept  academic-tld              https://ocw.mit.edu/courses/16-885j-aircraft-systems-engineering-fall-2005/video_galleries/video-lectures
  reject  blocked:slideshare.net    https://www.slideshare.net/slideshow/aerospace-engineering/4255537
  skip    already-downloaded       grainger.illinois.edu_demos-ae
  reject  blocked:slideshare.net    https://www.slideshare.net/slideshow/aerospace-engineering-230542719/230542719
  reject  not-university:slidesgo.com  https://slidesgo.com/theme/aerospace-engineering-major-for-college
  reject  blocked:youtube.com       https://www.youtube.com/playlist?list=PLLbH4oi6GwySP3QcNVSRQSUAElSnDVm46
  reject  blocked:youtube.com       https://www.youtube.com/watch?v=lIIQ-kFHDlo
  reject  blocked:reddit.com        https://www.reddit.com/r/AerospaceEngineering/comments/946ows/aerospace_lectures
  reject  blocked:youtube.com       https://www.youtube.com/watch?v=5p9jaWJ5jEQ
  skip    already-downloaded       ocw.mit.edu_16-61-aerospace-dynamics-spring-2003
  reject  not-university:pseconline.org  https://www.pseconline.org/wp-content/uploads/2015/10/Aerospace-Engineering.ppt
  reject  not-university:slideteam.net  https://www.slideteam.net/blog/top-10-aerospace-engineering-ppt-templates-with-samples-and-examples
  reject  not-university:fiveable.me  https://fiveable.me/introduction-aerospace-engineering
  reject  not-university:classcentral.com  https://www.classcentral.com/subject/aerospace-engineering
  reject  blocked:youtube.com       https://www.youtube.com/watch?v=FvhZu1zAEL8
  reject  not-university:grc.nasa.gov  https://www.grc.nasa.gov/www/k-12/airplane/topics.htm
  reject  not-university:apps.dtic.mil  https://apps.dtic.mil/sti/tr/pdf/ADA636757.pdf

[search] 'biomedical engineering course lecture slides'
[search] 20 result(s)
  skip    already-downloaded       owlnet.rice.edu_bioe301
  skip    already-downloaded       oyc.yale.edu_beng-100_lecture-1
  reject  blocked:slideshare.net    https://www.slideshare.net/slideshow/bme-final-07/35657886
  accept  course-host               https://sbme-tutorials.github.io/2019/intro-to-BME/intro-to-BME.html
  accept  academic-tld              https://catalog.iit.edu/courses/bme/
  reject  not-university:classcentral.com  https://www.classcentral.com/tag/biomedical-engineering
  reject  not-university:slidenest.com  https://slidenest.com/template/biomedical-engineering-creative-presentation
  reject  not-university:slideteam.net  https://www.slideteam.net/top-10-biomedical-engineering-ppt-powerpoint-presentation-templates
  reject  not-university:slideator.com  https://slideator.com/watch/video_embed_code?v=PktKdpWnAnX
  reject  not-university:slidesgo.com  https://slidesgo.com/theme/biomedical-engineering-infographics
  reject  blocked:scribd.com        https://www.scribd.com/presentation/434509126/FirstLectureIntroBME-ppt
  accept  academic-tld              https://nmd.fiu.edu/wp-content/uploads/2015/01/
  reject  not-university:sharecourseware.org  https://www.sharecourseware.org/ShowCoursewares.aspx?SubCatID=35&CatID=1&PageName=Biomedical+Engineering
  accept  academic-tld              https://www.colorado.edu/bme/sites/default/files/attached-files/
  skip    already-downloaded       ocw.mit.edu_3-051j-materials-for-biomedical-applications-spring-2006
  reject  blocked:youtube.com       https://www.youtube.com/watch?v=Sn0bOX5Hau4
  reject  blocked:researchgate.net  https://www.researchgate.net/publication/355062337_Anatomy_and_Physiology_for_Biomedical_Engineering_Six_Lectures
  skip    already-downloaded       nsec.lab.uconn.edu_courses-2_engr-1166
  reject  blocked:youtube.com       https://www.youtube.com/watch?v=TbP342Ti_1M
  skip    already-downloaded       cmu.edu_k12-educational-resources

[search] 'mathematics course lecture slides'
[search] 20 result(s)
  accept  academic-tld              https://oer.galileo.usg.edu/mathematics-ancillary/27
  reject  not-university:voutsadakis.com  https://www.voutsadakis.com/TEACH/LECTURES/lectslides.html
  reject  not-university:pinterest.com  https://www.pinterest.com/ideas/mathematics-lecture-slide/954704504187
  accept  academic-tld              https://ocw.mit.edu/courses/18-s096-topics-in-mathematics-with-applications-in-finance-fall-2013/pages/lecture-notes
  skip    already-downloaded       webhomes.maths.ed.ac.uk_v1ranick
  reject  not-university:slidesgo.com  https://slidesgo.com/math
  reject  not-university:matheducators.stackexchange.com  https://matheducators.stackexchange.com/questions/18271/introductory-analysis-lecture-slides
  reject  not-university:opencw.aprende.org  https://opencw.aprende.org/courses/electrical-engineering-and-computer-science/6-042j-mathematics-for-computer-science-spring-2015/lecture-slides
  accept  academic-tld              https://www.math.nagoya-u.ac.jp/~richard/lecture_notes.html
  accept  academic-tld              https://faculty.utrgv.edu/eleftherios.gkioulekas/teaching/notes.html
  reject  blocked:youtube.com       https://www.youtube.com/watch?v=aS6R3epK3ms
  reject  blocked:researchgate.net  https://www.researchgate.net/publication/226621630_Lecture_Notes_in_Mathematics
  reject  blocked:youtube.com       https://www.youtube.com/watch?v=5NPv0lK9YP4
  reject  blocked:youtube.com       https://www.youtube.com/watch?v=BWvjy0a1Ffg
  reject  not-university:mathunion.org  https://www.mathunion.org/fileadmin/ICM/Proceedings/ICM1893.2/ICM1893.2.ocr.pdf
  reject  not-university:link.springer.com  https://link.springer.com/series/304
  reject  blocked:reddit.com        https://www.reddit.com/r/mathematics/comments/rwzfeu/what_are_the_best_free_mathematics_lecture_series
  skip    already-downloaded       maths.cam.ac.uk_tripos-specific-resources
  accept  academic-tld              https://www-springer-com.wv-o-ursus-proxy02.ursus.maine.edu/series/304
  reject  not-university:i-share-sic.primo.exlibrisgroup.com  https://i-share-sic.primo.exlibrisgroup.com/permalink/01CARLI_SIC/1au3nse/alma99317280735805889

[search] 'physics course lecture slides'
[search] 19 result(s)
  skip    already-downloaded       tmurphy.physics.ucsd.edu_phys8
  reject  not-university:mattleifer.info  https://mattleifer.info/teaching/phys453-lecture-slides
  reject  not-university:pinterest.com  https://www.pinterest.com/ideas/physics-lecture-slides/902961501672
  skip    already-downloaded       courses.physics.illinois.edu_phys101_sp2011_physics_101_lectures
  skip    already-downloaded       harlow.physics.utoronto.ca_college-physics-open-course
  skip    already-downloaded       web.njit.edu_physics111
  skip    already-downloaded       ocw.mit.edu_8-701-introduction-to-nuclear-and-particle-physics-fall-2020
  skip    already-downloaded       faculty.etsu.edu_lectsII
  reject  not-university:oertx.highered.texas.gov  https://oertx.highered.texas.gov/courseware/lesson/2427
  reject  not-university:oercommons.org  https://oercommons.org/courseware/lesson/88779
  reject  not-university:physicsclassroom.com  https://www.physicsclassroom.com/Teacher-Presentation-Pack/Contents
  reject  blocked:youtube.com       https://www.youtube.com/watch?v=onLIBOKxdwQ
  reject  blocked:youtube.com       https://www.youtube.com/watch?v=pyX8kQ-JzHI
  reject  blocked:slideshare.net    https://www.slideshare.net/slideshow/introduction-to-physics-3433856/3433856
  reject  blocked:scribd.com        https://www.scribd.com/document/768654801/1-1-CHAPTER-1-INTRODUCTION-TO-PHYSICS-Slides
  skip    already-downloaded       pages.hep.wisc.edu_107-0609
  skip    already-downloaded       bingweb.binghamton.edu_GeneralPhysLN
  accept  academic-tld              https://web.ics.purdue.edu/~markru/courses/PHY219/
  reject  not-university:sites.google.com  https://sites.google.com/a/jeffcoschools.us/bluhm-ap-physics-1/home/documents

[search] 'statistics course lecture slides'
[search] 20 result(s)
  accept  academic-tld              https://ocw.mit.edu/courses/18-650-statistics-for-applications-fall-2016/pages/lecture-slides
  accept  academic-tld              https://www3.cs.stonybrook.edu/~has/CSE357/Slides
  reject  not-university:jmarchini.org  https://jmarchini.org/teaching
  reject  blocked:slideshare.net    https://www.slideshare.net/slideshow/lecture1-introduction-to-statisticsppt/253513472
  skip    already-downloaded       economicsnetwork.ac.uk_statistics
  reject  not-university:sites.google.com  https://sites.google.com/site/proffriedmanstat/lecture-notes
  reject  not-university:statpower.net  http://www.statpower.net/310LectureSlides.html
  accept  academic-tld              https://vanderbei.princeton.edu/245/Fall14/lectures.html
  reject  not-university:perso.lisn.upsaclay.fr  https://perso.lisn.upsaclay.fr/fanis/courses/Stats2021
  accept  academic-tld              http://www.columbia.edu/~yt2661/S1201/slides/
  accept  academic-tld              https://www.stat.umn.edu/geyer/s10/5102/slides/
  accept  academic-tld              http://www.stat.uchicago.edu/~yibi/teaching/stat220/17aut/Lectures/
  reject  blocked:scribd.com        https://www.scribd.com/presentation/181388730/Statistics-and-Probability-Power-Point-Slides
  reject  not-university:sites.google.com  https://sites.google.com/view/drizteaches/statistical-methods/powerpoint-slides
  accept  academic-tld              https://ocw.mit.edu/courses/18-650-statistics-for-applications-fall-2016/resources/lecture-1-introduction-to-statistics
  accept  academic-tld              https://people.richland.edu/james/lecture/m113
  reject  blocked:youtube.com       https://www.youtube.com/watch?v=4ubTGv5WkUo
  accept  academic-tld              https://sites.pitt.edu/~nancyp/stat-0200-s15/lectures.html
  accept  academic-tld              https://spia.uga.edu/faculty_pages/rbakker/pols7012/
  reject  blocked:youtube.com       https://www.youtube.com/watch?v=vEM4YnRFGoA

[search] 'biology course lecture slides'
[search] 19 result(s)
  accept  academic-tld              https://openlab.citytech.cuny.edu/oer-biology/lecture-slides
  reject  not-university:slidescarnival.com  https://www.slidescarnival.com/tag/biology
  reject  not-university:sites.google.com  https://sites.google.com/srvusd.net/basu-biology/ap-biology/lecture-slides
  accept  academic-tld              https://systemsbiology.ucsd.edu/Publications/Books/SB2LectureSlides
  accept  known-university          https://www3.botany.ubc.ca/biol200
  reject  not-university:courses.lumenlearning.com  https://courses.lumenlearning.com/wm-biology2/chapter/powerpoints
  accept  academic-tld              https://ocw.mit.edu/courses/6-047-computational-biology-fall-2015/pages/lectures_slides
  reject  not-university:ibiology.org  https://www.ibiology.org
  reject  not-university:slideserve.com  https://www.slideserve.com/kirks/lecture-1-introduction-to-biology-powerpoint-ppt-presentation
  reject  not-university:louis.oercommons.org  https://louis.oercommons.org/authoring/98-concepts-of-biology-lecture-powerpoints/view
  reject  not-university:wiregrass.libguides.com  https://wiregrass.libguides.com/c.php?g=1156288&p=8440258
  reject  not-university:sciencegeek.net  https://www.sciencegeek.net/Biology/Powerpoints.shtml
  reject  not-university:worldofteaching.com  https://worldofteaching.com/biologypowerpoints
  reject  blocked:slideshare.net    https://www.slideshare.net/slideshow/cell-biology-250304987/250304987
  reject  not-university:teacherspayteachers.com  https://www.teacherspayteachers.com/browse/free?search=biology+powerpoint
  accept  academic-tld              https://dosequis.colorado.edu/Courses/MCDB3500/Lectures/
  reject  blocked:youtube.com       https://www.youtube.com/watch?v=KlVHqq38KJU
  accept  academic-tld              https://ocw.mit.edu/courses/7-016-introductory-biology-fall-2018
  reject  not-university:kcollierclassroom.weebly.com  https://kcollierclassroom.weebly.com/ap-bio-powerpoints.html

[search] 'chemistry course lecture slides'
[search] 19 result(s)
  reject  not-university:courses.lumenlearning.com  https://courses.lumenlearning.com/suny-mcc-chemistryformajors-1/chapter/lecture-slides-6
  reject  not-university:sites.google.com  https://sites.google.com/site/dcwalkercourses/organic-chemistry/slides-and-handouts
  accept  academic-tld              http://www.its.caltech.edu/~chem1/lecture_slides.htm
  reject  not-university:oercommons.org  https://oercommons.org/authoring/22997-openstax-chemistry-ch-1-17-enhanced-lecture-slides/view
  reject  not-university:askthenerd.com  https://askthenerd.com/chemistryonline/112slides.html
  accept  academic-tld              https://chemistry.coe.edu/piper/posts/groves-quantum/lecture_slides.html
  reject  not-university:teachsimple.com  https://teachsimple.com/product/chemistry-unit-1-introduction-to-chemistry-powerpoint-and-lecture-guide
  reject  not-university:chem.libretexts.org  https://chem.libretexts.org/Courses/Howard_University/General_Chemistry%3A_An_Atoms_First_Approach/Lecture_Slide_Shows
  reject  blocked:reddit.com        https://www.reddit.com/r/chemistry/comments/33qlm6/general_chemistry_ii_all_of_my_ppt_lectures
  accept  academic-tld              https://quantum.bu.edu/courses/ch101-fall-2018/contents.html
  reject  blocked:youtube.com       https://www.youtube.com/watch?v=XaH-ubm4ghI
  accept  academic-tld              https://www.chem.tamu.edu/rgroup/wooley/chem466/lectures.php
  reject  not-university:tnstate.libguides.com  https://tnstate.libguides.com/c.php?g=1224606&p=9013229
  reject  not-university:pubs.acs.org  https://pubs.acs.org/doi/10.1021/bk-2019-1327.ch011?ref=pubs_institutional_marketing
  accept  academic-tld              https://www2.chemistry.msu.edu/courses/cem151/lecturesched.htm
  accept  academic-tld              https://vallance.chem.ox.ac.uk/CVteaching.html
  accept  academic-tld              https://ocw.mit.edu/courses/5-111sc-principles-of-chemical-science-fall-2014
  reject  not-university:worldofteaching.com  https://worldofteaching.com/chemistry-powerpoint-free
  reject  not-university:scholar.ulethbridge.ca  https://scholar.ulethbridge.ca/susanfindlay/book/chem-1000-lecture-notes-findlay/index.html

==== downloading from 46 course page(s) ====

### [PDF] Lecture 1 - Department of Electrical and Electronic Engineering
[fetch] http://www.ee.ic.ac.uk/pcheung/teaching/de1_ee/Lectures/
[fetch] status=403 rendered=False
[extract] found 0 slide link(s)
No slide decks (PDF/PPT/PPTX) found on this page.

### Lectures - Purdue Engineering
[fetch] https://engineering.purdue.edu/~mrb/styled/downloads-5
[fetch] status=200 rendered=False
[extract] found 0 slide link(s)
[follow] no slides here; checking 2 sub-page(s)
[follow] https://engineering.purdue.edu/styled-12/downloads-7/
[follow] https://engineering.purdue.edu/styled/downloads-6/
[extract] 0 slide link(s) after following
No slide decks (PDF/PPT/PPTX) found on this page.

### [PDF] Module I: Introduction to EE - ECE PowerPoint Presentation
[fetch] https://www.bu.edu/peaclab/files/2019/07/
[fetch] status=404 rendered=False
[extract] found 0 slide link(s)
No slide decks (PDF/PPT/PPTX) found on this page.

### Lecture Notes | Circuits and Electronics - MIT OpenCourseWare
[fetch] https://ocw.mit.edu/courses/6-002-circuits-and-electronics-spring-2007/pages/lecture-notes
[fetch] status=200 rendered=False
[extract] found 0 slide link(s)
[follow] no slides here; checking 27 sub-page(s)
[follow] https://ocw.mit.edu/courses/6-002-circuits-and-electronics-spring-2007/video_galleries/video-lectures/
[follow] https://ocw.mit.edu/courses/6-002-circuits-and-electronics-spring-2007/pages/calendar/
[follow] https://ocw.mit.edu/courses/6-002-circuits-and-electronics-spring-2007/resources/6002_l1/
[follow] https://ocw.mit.edu/courses/6-002-circuits-and-electronics-spring-2007/resources/6002_l2/
[follow] https://ocw.mit.edu/courses/6-002-circuits-and-electronics-spring-2007/resources/6002_l3/
[follow] https://ocw.mit.edu/courses/6-002-circuits-and-electronics-spring-2007/resources/6002_l4/
[follow] https://ocw.mit.edu/courses/6-002-circuits-and-electronics-spring-2007/resources/6002_l5/
[follow] https://ocw.mit.edu/courses/6-002-circuits-and-electronics-spring-2007/resources/6002_l6/
[follow] https://ocw.mit.edu/courses/6-002-circuits-and-electronics-spring-2007/resources/6002_l7/
[follow] https://ocw.mit.edu/courses/6-002-circuits-and-electronics-spring-2007/resources/6002_l8/
[follow] https://ocw.mit.edu/courses/6-002-circuits-and-electronics-spring-2007/resources/6002_l9/
[follow] https://ocw.mit.edu/courses/6-002-circuits-and-electronics-spring-2007/resources/6002_l10/
[follow] https://ocw.mit.edu/courses/6-002-circuits-and-electronics-spring-2007/resources/6002_l11/
[follow] https://ocw.mit.edu/courses/6-002-circuits-and-electronics-spring-2007/resources/6002_l12/
[follow] https://ocw.mit.edu/courses/6-002-circuits-and-electronics-spring-2007/resources/6002_l13/
[follow] https://ocw.mit.edu/courses/6-002-circuits-and-electronics-spring-2007/resources/6002_l14/
[follow] https://ocw.mit.edu/courses/6-002-circuits-and-electronics-spring-2007/resources/6002_l15/
[follow] https://ocw.mit.edu/courses/6-002-circuits-and-electronics-spring-2007/resources/6002_l15b/
[follow] https://ocw.mit.edu/courses/6-002-circuits-and-electronics-spring-2007/resources/6002_l16/
[follow] https://ocw.mit.edu/courses/6-002-circuits-and-electronics-spring-2007/resources/6002_l17/
[follow] https://ocw.mit.edu/courses/6-002-circuits-and-electronics-spring-2007/resources/6002_l18/
[follow] https://ocw.mit.edu/courses/6-002-circuits-and-electronics-spring-2007/resources/6002_l19/
[follow] https://ocw.mit.edu/courses/6-002-circuits-and-electronics-spring-2007/resources/6002_l20/
[follow] https://ocw.mit.edu/courses/6-002-circuits-and-electronics-spring-2007/resources/6002_l21/
[follow] https://ocw.mit.edu/courses/6-002-circuits-and-electronics-spring-2007/resources/6002_l22/
[follow] https://ocw.mit.edu/courses/6-002-circuits-and-electronics-spring-2007/resources/6002_l23/
[follow] https://ocw.mit.edu/courses/6-002-circuits-and-electronics-spring-2007/resources/6002_l25/
[extract] 0 slide link(s) after following
No slide decks (PDF/PPT/PPTX) found on this page.

### Mechanical Engineering | MIT OpenCourseWare | Free Online Course …
[fetch] https://mitocw.ups.edu.ec/courses/mechanical-engineering/
[fetch] status=200 rendered=False
[extract] found 0 slide link(s)
[follow] no slides here; checking 10 sub-page(s)
[follow] https://mitocw.ups.edu.ec/courses/audio-video-courses/
[follow] https://mitocw.ups.edu.ec/resources/
[follow] https://mitocw.ups.edu.ec/educator/?view=teaching&utm_campaign=Educator&utm_source=megamenu&utm_medium=find-courses&utm_content=materials
[follow] https://mitocw.ups.edu.ec/resources/res-2-005-girls-who-build-make-your-own-wearables-workshop-spring-2015/index.htm?utm_source=OCWDept&utm_medium=CarouselSm&utm_campaign=FeaturedCourse
[follow] https://mitocw.ups.edu.ec/resources/res-2-006-girls-who-build-cameras-summer-2016/index.htm?utm_source=OCWDept&utm_medium=CarouselSm&utm_campaign=FeaturedCourse
[follow] https://mitocw.ups.edu.ec/courses/mechanical-engineering/2-001-mechanics-materials-i-fall-2006
[follow] https://mitocw.ups.edu.ec/courses/mechanical-engineering/2-002-mechanics-and-materials-ii-spring-2004
[follow] https://mitocw.ups.edu.ec/courses/mechanical-engineering/2-035-special-topics-in-mathematics-with-applications-linear-algebra-and-the-calculus-of-variations-spring-2007
[follow] https://mitocw.ups.edu.ec/courses/mechanical-engineering/2-993-special-topics-in-mechanical-engineering-the-art-and-science-of-boat-design-january-iap-2007
[follow] https://mitocw.ups.edu.ec/educator/?view=teaching&utm_campaign=Educator&utm_source=footer&utm_medium=find-courses&utm_content=materials
[extract] 0 slide link(s) after following
No slide decks (PDF/PPT/PPTX) found on this page.

### Course : ME 301 Theory of Machines I
[fetch] https://ocw.metu.edu.tr/course/view.php?id=340
[fetch] status=200 rendered=False
[extract] found 0 slide link(s)
[follow] no slides here; checking 72 sub-page(s)
[follow] https://ocw.metu.edu.tr/mod/resource/view.php?id=10034
[follow] skip (Page.goto: net::ERR_ABORTED at https://ocw.metu.edu.tr/mod/resource/view.php?id=10034
Call log:
  - navigating to "https://ocw.metu.edu.tr/mod/resource/view.php?id=10034", waiting until "domcontentloaded"
)
[follow] https://ocw.metu.edu.tr/mod/resource/view.php?id=10035
[follow] skip (Page.goto: net::ERR_ABORTED at https://ocw.metu.edu.tr/mod/resource/view.php?id=10035
Call log:
  - navigating to "https://ocw.metu.edu.tr/mod/resource/view.php?id=10035", waiting until "domcontentloaded"
)
[follow] https://ocw.metu.edu.tr/mod/hvp/view.php?id=10025
[follow] https://ocw.metu.edu.tr/mod/hvp/view.php?id=10026
[follow] https://ocw.metu.edu.tr/mod/resource/view.php?id=10036
[follow] skip (Page.goto: net::ERR_ABORTED at https://ocw.metu.edu.tr/mod/resource/view.php?id=10036
Call log:
  - navigating to "https://ocw.metu.edu.tr/mod/resource/view.php?id=10036", waiting until "domcontentloaded"
)
[follow] https://ocw.metu.edu.tr/mod/resource/view.php?id=10037
[follow] skip (Page.goto: net::ERR_ABORTED at https://ocw.metu.edu.tr/mod/resource/view.php?id=10037
Call log:
  - navigating to "https://ocw.metu.edu.tr/mod/resource/view.php?id=10037", waiting until "domcontentloaded"
)
[follow] https://ocw.metu.edu.tr/mod/hvp/view.php?id=10038
[follow] https://ocw.metu.edu.tr/mod/hvp/view.php?id=10051
[follow] https://ocw.metu.edu.tr/mod/hvp/view.php?id=10052
[follow] https://ocw.metu.edu.tr/mod/hvp/view.php?id=10053
[follow] https://ocw.metu.edu.tr/mod/hvp/view.php?id=10054
[follow] https://ocw.metu.edu.tr/mod/resource/view.php?id=10039
[follow] skip (Page.goto: net::ERR_ABORTED at https://ocw.metu.edu.tr/mod/resource/view.php?id=10039
Call log:
  - navigating to "https://ocw.metu.edu.tr/mod/resource/view.php?id=10039", waiting until "domcontentloaded"
)
[follow] https://ocw.metu.edu.tr/mod/resource/view.php?id=10040
[follow] skip (Page.goto: net::ERR_ABORTED at https://ocw.metu.edu.tr/mod/resource/view.php?id=10040
Call log:
  - navigating to "https://ocw.metu.edu.tr/mod/resource/view.php?id=10040", waiting until "domcontentloaded"
)
[follow] https://ocw.metu.edu.tr/mod/resource/view.php?id=10041
[follow] skip (Page.goto: net::ERR_ABORTED at https://ocw.metu.edu.tr/mod/resource/view.php?id=10041
Call log:
  - navigating to "https://ocw.metu.edu.tr/mod/resource/view.php?id=10041", waiting until "domcontentloaded"
)
[follow] https://ocw.metu.edu.tr/mod/resource/view.php?id=10042
[follow] skip (Page.goto: net::ERR_ABORTED at https://ocw.metu.edu.tr/mod/resource/view.php?id=10042
Call log:
  - navigating to "https://ocw.metu.edu.tr/mod/resource/view.php?id=10042", waiting until "domcontentloaded"
)
[follow] https://ocw.metu.edu.tr/mod/hvp/view.php?id=10043
[follow] https://ocw.metu.edu.tr/mod/resource/view.php?id=10062
[follow] skip (Page.goto: net::ERR_ABORTED at https://ocw.metu.edu.tr/mod/resource/view.php?id=10062
Call log:
  - navigating to "https://ocw.metu.edu.tr/mod/resource/view.php?id=10062", waiting until "domcontentloaded"
)
[follow] https://ocw.metu.edu.tr/mod/resource/view.php?id=10063
[follow] skip (Page.goto: net::ERR_ABORTED at https://ocw.metu.edu.tr/mod/resource/view.php?id=10063
Call log:
  - navigating to "https://ocw.metu.edu.tr/mod/resource/view.php?id=10063", waiting until "domcontentloaded"
)
[follow] https://ocw.metu.edu.tr/mod/hvp/view.php?id=10050
[follow] https://ocw.metu.edu.tr/mod/resource/view.php?id=10064
[follow] skip (Page.goto: net::ERR_ABORTED at https://ocw.metu.edu.tr/mod/resource/view.php?id=10064
Call log:
  - navigating to "https://ocw.metu.edu.tr/mod/resource/view.php?id=10064", waiting until "domcontentloaded"
)
[follow] https://ocw.metu.edu.tr/mod/resource/view.php?id=10065
[follow] skip (Page.goto: net::ERR_ABORTED at https://ocw.metu.edu.tr/mod/resource/view.php?id=10065
Call log:
  - navigating to "https://ocw.metu.edu.tr/mod/resource/view.php?id=10065", waiting until "domcontentloaded"
)
[follow] https://ocw.metu.edu.tr/mod/hvp/view.php?id=10066
[follow] https://ocw.metu.edu.tr/mod/resource/view.php?id=10068
[follow] skip (Page.goto: net::ERR_ABORTED at https://ocw.metu.edu.tr/mod/resource/view.php?id=10068
Call log:
  - navigating to "https://ocw.metu.edu.tr/mod/resource/view.php?id=10068", waiting until "domcontentloaded"
)
[follow] https://ocw.metu.edu.tr/mod/resource/view.php?id=10069
[follow] skip (Page.goto: net::ERR_ABORTED at https://ocw.metu.edu.tr/mod/resource/view.php?id=10069
Call log:
  - navigating to "https://ocw.metu.edu.tr/mod/resource/view.php?id=10069", waiting until "domcontentloaded"
)
[follow] https://ocw.metu.edu.tr/mod/hvp/view.php?id=10067
[follow] https://ocw.metu.edu.tr/mod/resource/view.php?id=10070
[follow] skip (Page.goto: net::ERR_ABORTED at https://ocw.metu.edu.tr/mod/resource/view.php?id=10070
Call log:
  - navigating to "https://ocw.metu.edu.tr/mod/resource/view.php?id=10070", waiting until "domcontentloaded"
)
[follow] https://ocw.metu.edu.tr/mod/resource/view.php?id=10071
[follow] skip (Page.goto: net::ERR_ABORTED at https://ocw.metu.edu.tr/mod/resource/view.php?id=10071
Call log:
  - navigating to "https://ocw.metu.edu.tr/mod/resource/view.php?id=10071", waiting until "domcontentloaded"
)
[follow] https://ocw.metu.edu.tr/mod/hvp/view.php?id=10073
[follow] https://ocw.metu.edu.tr/mod/hvp/view.php?id=10074
[follow] https://ocw.metu.edu.tr/mod/hvp/view.php?id=10075
[follow] https://ocw.metu.edu.tr/mod/hvp/view.php?id=10076
[follow] https://ocw.metu.edu.tr/mod/resource/view.php?id=10077
[follow] skip (Page.goto: net::ERR_ABORTED at https://ocw.metu.edu.tr/mod/resource/view.php?id=10077
Call log:
  - navigating to "https://ocw.metu.edu.tr/mod/resource/view.php?id=10077", waiting until "domcontentloaded"
)
[follow] https://ocw.metu.edu.tr/mod/resource/view.php?id=10078
[follow] skip (Page.goto: net::ERR_ABORTED at https://ocw.metu.edu.tr/mod/resource/view.php?id=10078
Call log:
  - navigating to "https://ocw.metu.edu.tr/mod/resource/view.php?id=10078", waiting until "domcontentloaded"
)
[follow] https://ocw.metu.edu.tr/mod/hvp/view.php?id=10083
[follow] https://ocw.metu.edu.tr/mod/resource/view.php?id=10084
[follow] skip (Page.goto: net::ERR_ABORTED at https://ocw.metu.edu.tr/mod/resource/view.php?id=10084
Call log:
  - navigating to "https://ocw.metu.edu.tr/mod/resource/view.php?id=10084", waiting until "domcontentloaded"
)
[follow] https://ocw.metu.edu.tr/mod/resource/view.php?id=10085
[follow] skip (Page.goto: net::ERR_ABORTED at https://ocw.metu.edu.tr/mod/resource/view.php?id=10085
Call log:
  - navigating to "https://ocw.metu.edu.tr/mod/resource/view.php?id=10085", waiting until "domcontentloaded"
)
[follow] https://ocw.metu.edu.tr/mod/hvp/view.php?id=10082
[follow] https://ocw.metu.edu.tr/mod/resource/view.php?id=10086
[follow] skip (Page.goto: net::ERR_ABORTED at https://ocw.metu.edu.tr/mod/resource/view.php?id=10086
Call log:
  - navigating to "https://ocw.metu.edu.tr/mod/resource/view.php?id=10086", waiting until "domcontentloaded"
)
[follow] https://ocw.metu.edu.tr/mod/resource/view.php?id=10087
[follow] skip (Page.goto: net::ERR_ABORTED at https://ocw.metu.edu.tr/mod/resource/view.php?id=10087
Call log:
  - navigating to "https://ocw.metu.edu.tr/mod/resource/view.php?id=10087", waiting until "domcontentloaded"
)
[follow] https://ocw.metu.edu.tr/mod/hvp/view.php?id=10088
[follow] https://ocw.metu.edu.tr/mod/resource/view.php?id=10089
[follow] skip (Page.goto: net::ERR_ABORTED at https://ocw.metu.edu.tr/mod/resource/view.php?id=10089
Call log:
  - navigating to "https://ocw.metu.edu.tr/mod/resource/view.php?id=10089", waiting until "domcontentloaded"
)
[follow] https://ocw.metu.edu.tr/mod/resource/view.php?id=10090
[follow] skip (Page.goto: net::ERR_ABORTED at https://ocw.metu.edu.tr/mod/resource/view.php?id=10090
Call log:
  - navigating to "https://ocw.metu.edu.tr/mod/resource/view.php?id=10090", waiting until "domcontentloaded"
)
[follow] https://ocw.metu.edu.tr/mod/hvp/view.php?id=10091
[follow] https://ocw.metu.edu.tr/mod/resource/view.php?id=10092
[follow] skip (Page.goto: net::ERR_ABORTED at https://ocw.metu.edu.tr/mod/resource/view.php?id=10092
Call log:
  - navigating to "https://ocw.metu.edu.tr/mod/resource/view.php?id=10092", waiting until "domcontentloaded"
)
[follow] https://ocw.metu.edu.tr/mod/resource/view.php?id=10093
[follow] skip (Page.goto: net::ERR_ABORTED at https://ocw.metu.edu.tr/mod/resource/view.php?id=10093
Call log:
  - navigating to "https://ocw.metu.edu.tr/mod/resource/view.php?id=10093", waiting until "domcontentloaded"
)
[follow] https://ocw.metu.edu.tr/mod/hvp/view.php?id=10094
[follow] https://ocw.metu.edu.tr/mod/resource/view.php?id=10095
[follow] skip (Page.goto: net::ERR_ABORTED at https://ocw.metu.edu.tr/mod/resource/view.php?id=10095
Call log:
  - navigating to "https://ocw.metu.edu.tr/mod/resource/view.php?id=10095", waiting until "domcontentloaded"
)
[follow] https://ocw.metu.edu.tr/mod/resource/view.php?id=10096
[follow] skip (Page.goto: net::ERR_ABORTED at https://ocw.metu.edu.tr/mod/resource/view.php?id=10096
Call log:
  - navigating to "https://ocw.metu.edu.tr/mod/resource/view.php?id=10096", waiting until "domcontentloaded"
)
[follow] https://ocw.metu.edu.tr/mod/hvp/view.php?id=10097
[follow] https://ocw.metu.edu.tr/mod/resource/view.php?id=10098
[follow] skip (Page.goto: net::ERR_ABORTED at https://ocw.metu.edu.tr/mod/resource/view.php?id=10098
Call log:
  - navigating to "https://ocw.metu.edu.tr/mod/resource/view.php?id=10098", waiting until "domcontentloaded"
)
[follow] https://ocw.metu.edu.tr/mod/resource/view.php?id=10099
[follow] skip (Page.goto: net::ERR_ABORTED at https://ocw.metu.edu.tr/mod/resource/view.php?id=10099
Call log:
  - navigating to "https://ocw.metu.edu.tr/mod/resource/view.php?id=10099", waiting until "domcontentloaded"
)
[follow] https://ocw.metu.edu.tr/mod/hvp/view.php?id=10100
[follow] https://ocw.metu.edu.tr/mod/resource/view.php?id=10101
[follow] skip (Page.goto: net::ERR_ABORTED at https://ocw.metu.edu.tr/mod/resource/view.php?id=10101
Call log:
  - navigating to "https://ocw.metu.edu.tr/mod/resource/view.php?id=10101", waiting until "domcontentloaded"
)
[follow] https://ocw.metu.edu.tr/mod/resource/view.php?id=10102
[follow] skip (Page.goto: net::ERR_ABORTED at https://ocw.metu.edu.tr/mod/resource/view.php?id=10102
Call log:
  - navigating to "https://ocw.metu.edu.tr/mod/resource/view.php?id=10102", waiting until "domcontentloaded"
)
[follow] https://ocw.metu.edu.tr/mod/hvp/view.php?id=10103
[follow] https://ocw.metu.edu.tr/mod/resource/view.php?id=10104
[follow] skip (Page.goto: net::ERR_ABORTED at https://ocw.metu.edu.tr/mod/resource/view.php?id=10104
Call log:
  - navigating to "https://ocw.metu.edu.tr/mod/resource/view.php?id=10104", waiting until "domcontentloaded"
)
[follow] https://ocw.metu.edu.tr/mod/resource/view.php?id=10105
[follow] skip (Page.goto: net::ERR_ABORTED at https://ocw.metu.edu.tr/mod/resource/view.php?id=10105
Call log:
  - navigating to "https://ocw.metu.edu.tr/mod/resource/view.php?id=10105", waiting until "domcontentloaded"
)
[follow] https://ocw.metu.edu.tr/mod/hvp/view.php?id=10106
[follow] https://ocw.metu.edu.tr/mod/resource/view.php?id=10107
[follow] skip (Page.goto: net::ERR_ABORTED at https://ocw.metu.edu.tr/mod/resource/view.php?id=10107
Call log:
  - navigating to "https://ocw.metu.edu.tr/mod/resource/view.php?id=10107", waiting until "domcontentloaded"
)
[follow] https://ocw.metu.edu.tr/mod/resource/view.php?id=10108
[follow] skip (Page.goto: net::ERR_ABORTED at https://ocw.metu.edu.tr/mod/resource/view.php?id=10108
Call log:
  - navigating to "https://ocw.metu.edu.tr/mod/resource/view.php?id=10108", waiting until "domcontentloaded"
)
[follow] https://ocw.metu.edu.tr/mod/hvp/view.php?id=10109
[follow] https://ocw.metu.edu.tr/mod/resource/view.php?id=10110
[follow] skip (Page.goto: net::ERR_ABORTED at https://ocw.metu.edu.tr/mod/resource/view.php?id=10110
Call log:
  - navigating to "https://ocw.metu.edu.tr/mod/resource/view.php?id=10110", waiting until "domcontentloaded"
)
[follow] https://ocw.metu.edu.tr/mod/resource/view.php?id=10111
[follow] skip (Page.goto: net::ERR_ABORTED at https://ocw.metu.edu.tr/mod/resource/view.php?id=10111
Call log:
  - navigating to "https://ocw.metu.edu.tr/mod/resource/view.php?id=10111", waiting until "domcontentloaded"
)
[follow] https://ocw.metu.edu.tr/mod/hvp/view.php?id=10112
[follow] https://ocw.metu.edu.tr/mod/resource/view.php?id=10113
[follow] skip (Page.goto: net::ERR_ABORTED at https://ocw.metu.edu.tr/mod/resource/view.php?id=10113
Call log:
  - navigating to "https://ocw.metu.edu.tr/mod/resource/view.php?id=10113", waiting until "domcontentloaded"
)
[follow] https://ocw.metu.edu.tr/mod/resource/view.php?id=10114
[follow] skip (Page.goto: net::ERR_ABORTED at https://ocw.metu.edu.tr/mod/resource/view.php?id=10114
Call log:
  - navigating to "https://ocw.metu.edu.tr/mod/resource/view.php?id=10114", waiting until "domcontentloaded"
)
[follow] https://ocw.metu.edu.tr/mod/resource/view.php?id=10116
[follow] skip (Page.goto: net::ERR_ABORTED at https://ocw.metu.edu.tr/mod/resource/view.php?id=10116
Call log:
  - navigating to "https://ocw.metu.edu.tr/mod/resource/view.php?id=10116", waiting until "domcontentloaded"
)
[follow] https://ocw.metu.edu.tr/mod/hvp/view.php?id=10115
[follow] https://ocw.metu.edu.tr/mod/resource/view.php?id=10117
[follow] skip (Page.goto: net::ERR_ABORTED at https://ocw.metu.edu.tr/mod/resource/view.php?id=10117
Call log:
  - navigating to "https://ocw.metu.edu.tr/mod/resource/view.php?id=10117", waiting until "domcontentloaded"
)
[follow] https://ocw.metu.edu.tr/mod/resource/view.php?id=10118
[follow] skip (Page.goto: net::ERR_ABORTED at https://ocw.metu.edu.tr/mod/resource/view.php?id=10118
Call log:
  - navigating to "https://ocw.metu.edu.tr/mod/resource/view.php?id=10118", waiting until "domcontentloaded"
)
[follow] https://ocw.metu.edu.tr/mod/resource/view.php?id=10119
[follow] skip (Page.goto: net::ERR_ABORTED at https://ocw.metu.edu.tr/mod/resource/view.php?id=10119
Call log:
  - navigating to "https://ocw.metu.edu.tr/mod/resource/view.php?id=10119", waiting until "domcontentloaded"
)
[follow] https://ocw.metu.edu.tr/calendar/view.php?view=month&course=340
[extract] 0 slide link(s) after following
No slide decks (PDF/PPT/PPTX) found on this page.

### B.S. in Civil Engineering - University of Washington Tacoma
[fetch] https://www.tacoma.uw.edu/set/programs/undergrad/civil
[fetch] status=200 rendered=False
[extract] found 0 slide link(s)
[follow] no slides here; checking 16 sub-page(s)
[follow] https://www.tacoma.uw.edu/home/events-calendar
[follow] https://www.tacoma.uw.edu/set/student_resources
[follow] https://www.tacoma.uw.edu/set/student_resources/research_project
[follow] https://www.tacoma.uw.edu/set/student_resources/internships_credit
[follow] https://www.tacoma.uw.edu/set/student_resources/career
[follow] https://www.tacoma.uw.edu/set/student_resources/undergrad
[follow] https://www.tacoma.uw.edu/set/student_resources/graduate
[follow] https://www.tacoma.uw.edu/set/student_resources/support
[follow] https://www.tacoma.uw.edu/set/student_resources/clubs
[follow] https://www.tacoma.uw.edu/set/student_resources/concerns
[follow] https://www.tacoma.uw.edu/set/student_resources/student_employees
[follow] https://www.tacoma.uw.edu/set/student_resources/newly_admitted
[follow] https://www.tacoma.uw.edu/set/intranet
[follow] https://www.tacoma.uw.edu/set/events/engineering-week
[follow] https://www.tacoma.uw.edu/set/advising
[follow] https://www.tacoma.uw.edu/registrar/academic-calendar
[extract] 0 slide link(s) after following
No slide decks (PDF/PPT/PPTX) found on this page.

### Prof. Fogler's Lecture Notes
[fetch] https://public.websites.umich.edu/~elements/5e/lectures/umich.html
[fetch] status=403 rendered=False
[extract] found 0 slide link(s)
No slide decks (PDF/PPT/PPTX) found on this page.

### Lecture Notes for Chemical Engineering
[fetch] https://www.ugierkl.ac.in/lecture_notes.php?branch=Chemical
[fetch] status=200 rendered=False
[extract] found 0 slide link(s)
No slide decks (PDF/PPT/PPTX) found on this page.

### Chemical Engineering | Free Online Course Materials
[fetch] https://mitocw.ups.edu.ec/courses/chemical-engineering
[fetch] status=200 rendered=False
[extract] found 0 slide link(s)
[follow] no slides here; checking 8 sub-page(s)
[follow] https://mitocw.ups.edu.ec/courses/audio-video-courses/
[follow] https://mitocw.ups.edu.ec/resources/
[follow] https://mitocw.ups.edu.ec/educator/?view=teaching&utm_campaign=Educator&utm_source=megamenu&utm_medium=find-courses&utm_content=materials
[follow] https://mitocw.ups.edu.ec/resources/res-10-001-making-science-and-engineering-pictures-a-practical-guide-to-presenting-your-work-spring-2016/index.htm?utm_source=OCWDept&utm_medium=CarouselSm&utm_campaign=FeaturedCourse
[follow] https://mitocw.ups.edu.ec/courses/materials-science-and-engineering/3-021j-introduction-to-modeling-and-simulation-spring-2012
[follow] https://mitocw.ups.edu.ec/courses/chemical-engineering/10-492-1-integrated-chemical-engineering-topics-i-process-control-by-design-fall-2004
[follow] https://mitocw.ups.edu.ec/courses/chemical-engineering/10-492-2-integrated-chemical-engineering-topics-i-introduction-to-biocatalysis-fall-2004
[follow] https://mitocw.ups.edu.ec/educator/?view=teaching&utm_campaign=Educator&utm_source=footer&utm_medium=find-courses&utm_content=materials
[extract] 0 slide link(s) after following
No slide decks (PDF/PPT/PPTX) found on this page.

### [PDF] Lecture #1 of 17 - UCI Department of Chemistry
[fetch] https://www.chem.uci.edu/~ardo/echem/
[fetch] status=403 rendered=False
[extract] found 0 slide link(s)
No slide decks (PDF/PPT/PPTX) found on this page.

### [PDF] Introduction to Aerospace Engineering - Lecture slides
[fetch] https://ocw.tudelft.nl/wp-content/uploads/
[fetch] status=404 rendered=False
[extract] found 0 slide link(s)
No slide decks (PDF/PPT/PPTX) found on this page.

### Video Lectures | Aircraft Systems Engineering | Aeronautics and Astronautics | MIT OpenCourseWare
[fetch] https://ocw.mit.edu/courses/16-885j-aircraft-systems-engineering-fall-2005/video_galleries/video-lectures
[fetch] status=200 rendered=False
[extract] found 0 slide link(s)
[follow] no slides here; checking 24 sub-page(s)
[follow] https://ocw.mit.edu/courses/16-885j-aircraft-systems-engineering-fall-2005/resources/lecture-1/
[follow] https://ocw.mit.edu/courses/16-885j-aircraft-systems-engineering-fall-2005/resources/lecture-2/
[follow] https://ocw.mit.edu/courses/16-885j-aircraft-systems-engineering-fall-2005/resources/lecture-3/
[follow] https://ocw.mit.edu/courses/16-885j-aircraft-systems-engineering-fall-2005/resources/lecture-4/
[follow] https://ocw.mit.edu/courses/16-885j-aircraft-systems-engineering-fall-2005/resources/lecture-5/
[follow] https://ocw.mit.edu/courses/16-885j-aircraft-systems-engineering-fall-2005/resources/lecture-6/
[follow] https://ocw.mit.edu/courses/16-885j-aircraft-systems-engineering-fall-2005/resources/lecture-7/
[follow] https://ocw.mit.edu/courses/16-885j-aircraft-systems-engineering-fall-2005/resources/lecture-8/
[follow] https://ocw.mit.edu/courses/16-885j-aircraft-systems-engineering-fall-2005/resources/lecture-9/
[follow] https://ocw.mit.edu/courses/16-885j-aircraft-systems-engineering-fall-2005/resources/lecture-10/
[follow] https://ocw.mit.edu/courses/16-885j-aircraft-systems-engineering-fall-2005/resources/lecture-11/
[follow] https://ocw.mit.edu/courses/16-885j-aircraft-systems-engineering-fall-2005/resources/lecture-12/
[follow] https://ocw.mit.edu/courses/16-885j-aircraft-systems-engineering-fall-2005/resources/lecture-13/
[follow] https://ocw.mit.edu/courses/16-885j-aircraft-systems-engineering-fall-2005/resources/lecture-14/
[follow] https://ocw.mit.edu/courses/16-885j-aircraft-systems-engineering-fall-2005/resources/lecture-15/
[follow] https://ocw.mit.edu/courses/16-885j-aircraft-systems-engineering-fall-2005/resources/lecture-16/
[follow] https://ocw.mit.edu/courses/16-885j-aircraft-systems-engineering-fall-2005/resources/lecture-17/
[follow] https://ocw.mit.edu/courses/16-885j-aircraft-systems-engineering-fall-2005/resources/lecture-18/
[follow] https://ocw.mit.edu/courses/16-885j-aircraft-systems-engineering-fall-2005/resources/lecture-19/
[follow] https://ocw.mit.edu/courses/16-885j-aircraft-systems-engineering-fall-2005/resources/lecture-20/
[follow] https://ocw.mit.edu/courses/16-885j-aircraft-systems-engineering-fall-2005/resources/lecture-21/
[follow] https://ocw.mit.edu/courses/16-885j-aircraft-systems-engineering-fall-2005/resources/lecture-22/
[follow] https://ocw.mit.edu/courses/16-885j-aircraft-systems-engineering-fall-2005/pages/calendar/
[follow] https://ocw.mit.edu/courses/16-885j-aircraft-systems-engineering-fall-2005/pages/related-resources/
[extract] 0 slide link(s) after following
No slide decks (PDF/PPT/PPTX) found on this page.

### Introduction to Biomedical Engineering (HEMN115) - Full 2018
[fetch] https://sbme-tutorials.github.io/2019/intro-to-BME/intro-to-BME.html
[fetch] status=200 rendered=False
[extract] found 0 slide link(s)
[follow] no slides here; checking 6 sub-page(s)
[follow] https://sbme-tutorials.github.io/2019/intro-to-BME/presentations/1_week1/index.html
[follow] https://sbme-tutorials.github.io/2019/intro-to-BME/presentations/4_week4/index.html
[follow] https://sbme-tutorials.github.io/2019/intro-to-BME/presentations/5_week5/index.html
[follow] https://sbme-tutorials.github.io/2019/intro-to-BME/presentations/6_week6/index.html
[follow] https://sbme-tutorials.github.io/2019/intro-to-BME/presentations/9_week9/index.html
[follow] https://sbme-tutorials.github.io/2019/intro-to-BME/presentations/12_week12/index.html
[extract] 0 slide link(s) after following
No slide decks (PDF/PPT/PPTX) found on this page.

### [PDF] Biomedical Engineering (BME)
[fetch] https://catalog.iit.edu/courses/bme/
[fetch] status=200 rendered=False
[extract] found 0 slide link(s)
No slide decks (PDF/PPT/PPTX) found on this page.

### [PDF] BME 1008: Introduction to Biomedical Engineering - FIU
[fetch] https://nmd.fiu.edu/wp-content/uploads/2015/01/
[fetch] status=403 rendered=False
[extract] found 0 slide link(s)
No slide decks (PDF/PPT/PPTX) found on this page.

### [PPT] PowerPoint Presentation
[fetch] https://www.colorado.edu/bme/sites/default/files/attached-files/
[fetch] status=404 rendered=False
[extract] found 0 slide link(s)
No slide decks (PDF/PPT/PPTX) found on this page.

### "Calculus I Lecture Slides" by Ben Kamau and Nehal Shukla
[fetch] https://oer.galileo.usg.edu/mathematics-ancillary/27
[fetch] status=200 rendered=False
[extract] found 0 slide link(s)
[follow] no slides here; checking 1 sub-page(s)
[follow] https://oer.galileo.usg.edu/mathematics-ancillary
[extract] 0 slide link(s) after following
No slide decks (PDF/PPT/PPTX) found on this page.

### Lecture Notes & Slides | Topics in Mathematics with Applications in Finance | Mathematics | MIT OpenCourseWare
[fetch] https://ocw.mit.edu/courses/18-s096-topics-in-mathematics-with-applications-in-finance-fall-2013/pages/lecture-notes
[fetch] status=200 rendered=False
[extract] found 0 slide link(s)
[follow] no slides here; checking 33 sub-page(s)
[follow] https://ocw.mit.edu/courses/18-s096-topics-in-mathematics-with-applications-in-finance-fall-2013/video_galleries/video-lectures/
[follow] https://ocw.mit.edu/courses/18-s096-topics-in-mathematics-with-applications-in-finance-fall-2013/pages/calendar/
[follow] https://ocw.mit.edu/courses/18-s096-topics-in-mathematics-with-applications-in-finance-fall-2013/pages/instructor-insights/
[follow] https://ocw.mit.edu/courses/18-s096-topics-in-mathematics-with-applications-in-finance-fall-2013/pages/case-studies/
[follow] https://ocw.mit.edu/courses/18-s096-topics-in-mathematics-with-applications-in-finance-fall-2013/pages/assignments/
[follow] https://ocw.mit.edu/courses/18-s096-topics-in-mathematics-with-applications-in-finance-fall-2013/pages/projects/
[follow] https://ocw.mit.edu/courses/18-s096-topics-in-mathematics-with-applications-in-finance-fall-2013/pages/related-resources/
[follow] https://ocw.mit.edu/courses/18-642-topics-in-mathematics-with-applications-in-finance-fall-2024
[follow] https://ocw.mit.edu/courses/18-s096-topics-in-mathematics-with-applications-in-finance-fall-2013/download
[follow] https://ocw.mit.edu/courses/18-s096-topics-in-mathematics-with-applications-in-finance-fall-2013/
[follow] https://ocw.mit.edu/courses/18-s096-topics-in-mathematics-with-applications-in-finance-fall-2013/resources/mit18_s096f13_lecnote1/
[follow] https://ocw.mit.edu/courses/18-s096-topics-in-mathematics-with-applications-in-finance-fall-2013/resources/mit18_s096f13_lecnote2/
[follow] https://ocw.mit.edu/courses/18-s096-topics-in-mathematics-with-applications-in-finance-fall-2013/resources/mit18_s096f13_lecnote3/
[follow] https://ocw.mit.edu/courses/18-s096-topics-in-mathematics-with-applications-in-finance-fall-2013/resources/mit18_s096f13_lecnote5/
[follow] https://ocw.mit.edu/courses/18-s096-topics-in-mathematics-with-applications-in-finance-fall-2013/resources/mit18_s096f13_lecnote6/
[follow] https://ocw.mit.edu/courses/18-s096-topics-in-mathematics-with-applications-in-finance-fall-2013/resources/mit18_s096f13_lecnote7/
[follow] https://ocw.mit.edu/courses/18-s096-topics-in-mathematics-with-applications-in-finance-fall-2013/resources/mit18_s096f13_lecnote8/
[follow] https://ocw.mit.edu/courses/18-s096-topics-in-mathematics-with-applications-in-finance-fall-2013/resources/mit18_s096f13_lecnote9/
[follow] https://ocw.mit.edu/courses/18-s096-topics-in-mathematics-with-applications-in-finance-fall-2013/resources/mit18_s096f13_lecnote10/
[follow] https://ocw.mit.edu/courses/18-s096-topics-in-mathematics-with-applications-in-finance-fall-2013/resources/mit18_s096f13_lecnote11/
[follow] https://ocw.mit.edu/courses/18-s096-topics-in-mathematics-with-applications-in-finance-fall-2013/resources/mit18_s096f13_lecnote12/
[follow] https://ocw.mit.edu/courses/18-s096-topics-in-mathematics-with-applications-in-finance-fall-2013/resources/mit18_s096f13_lecnote13/
[follow] https://ocw.mit.edu/courses/18-s096-topics-in-mathematics-with-applications-in-finance-fall-2013/resources/mit18_s096f13_lecnote14/
[follow] https://ocw.mit.edu/courses/18-s096-topics-in-mathematics-with-applications-in-finance-fall-2013/resources/mit18_s096f13_lecnote15/
[follow] https://ocw.mit.edu/courses/18-s096-topics-in-mathematics-with-applications-in-finance-fall-2013/resources/mit18_s096f13_lecnote16/
[follow] https://ocw.mit.edu/courses/18-s096-topics-in-mathematics-with-applications-in-finance-fall-2013/resources/mit18_s096f13_lecnote17/
[follow] https://ocw.mit.edu/courses/18-s096-topics-in-mathematics-with-applications-in-finance-fall-2013/resources/mit18_s096f13_lecnote18/
[follow] https://ocw.mit.edu/courses/18-s096-topics-in-mathematics-with-applications-in-finance-fall-2013/resources/mit18_s096f13_lecnote19/
[follow] https://ocw.mit.edu/courses/18-s096-topics-in-mathematics-with-applications-in-finance-fall-2013/resources/mit18_s096f13_lecnote21/
[follow] https://ocw.mit.edu/courses/18-s096-topics-in-mathematics-with-applications-in-finance-fall-2013/resources/mit18_s096f13_lecnote23/
[follow] https://ocw.mit.edu/courses/18-s096-topics-in-mathematics-with-applications-in-finance-fall-2013/resources/mit18_s096f13_lecnote24/
[follow] https://ocw.mit.edu/courses/18-s096-topics-in-mathematics-with-applications-in-finance-fall-2013/resources/mit18_s096f13_lecnote25/
[follow] https://ocw.mit.edu/courses/18-s096-topics-in-mathematics-with-applications-in-finance-fall-2013/resources/mit18_s096f13_lecnote26/
[extract] 0 slide link(s) after following
No slide decks (PDF/PPT/PPTX) found on this page.

### Lecture notes
[fetch] https://www.math.nagoya-u.ac.jp/~richard/lecture_notes.html
[fetch] status=200 rendered=False
[extract] found 0 slide link(s)
No slide decks (PDF/PPT/PPTX) found on this page.

### Lecture Notes
[fetch] https://faculty.utrgv.edu/eleftherios.gkioulekas/teaching/notes.html
[fetch] status=200 rendered=False
[extract] found 0 slide link(s)
No slide decks (PDF/PPT/PPTX) found on this page.

### https://www-springer-com.wv-o-ursus-proxy02.ursus....
[fetch] https://www-springer-com.wv-o-ursus-proxy02.ursus.maine.edu/series/304
[fetch] status=200 rendered=False
[extract] found 0 slide link(s)
No slide decks (PDF/PPT/PPTX) found on this page.

### [PDF] Lecture notes for General Physics 219 - Web
[fetch] https://web.ics.purdue.edu/~markru/courses/PHY219/
[fetch] status=200 rendered=False
[extract] found 0 slide link(s)
No slide decks (PDF/PPT/PPTX) found on this page.

### Lecture Slides | Statistics for Applications  | Mathematics | MIT OpenCourseWare
[fetch] https://ocw.mit.edu/courses/18-650-statistics-for-applications-fall-2016/pages/lecture-slides
[fetch] status=200 rendered=False
[extract] found 0 slide link(s)
[follow] no slides here; checking 11 sub-page(s)
[follow] https://ocw.mit.edu/courses/18-650-statistics-for-applications-fall-2016/video_galleries/lecture-videos/
[follow] https://ocw.mit.edu/courses/18-650-statistics-for-applications-fall-2016/resources/lecture-1-introduction/
[follow] https://ocw.mit.edu/courses/18-650-statistics-for-applications-fall-2016/resources/lecture-2-parametric-inference/
[follow] https://ocw.mit.edu/courses/18-650-statistics-for-applications-fall-2016/resources/lecture-3-maximum-likelihood-estimation/
[follow] https://ocw.mit.edu/courses/18-650-statistics-for-applications-fall-2016/resources/lecture-5-parametric-hypothesis-testing/
[follow] https://ocw.mit.edu/courses/18-650-statistics-for-applications-fall-2016/resources/lecture-6-testing-goodness-of-fit/
[follow] https://ocw.mit.edu/courses/18-650-statistics-for-applications-fall-2016/resources/lecture-7-regression/
[follow] https://ocw.mit.edu/courses/18-650-statistics-for-applications-fall-2016/resources/lecture-9-principal-component-analysis-pca/
[follow] https://ocw.mit.edu/courses/18-650-statistics-for-applications-fall-2016/resources/lecture-10-generalized-linear-models-glms/
[follow] https://ocw.mit.edu/courses/18-650-statistics-for-applications-fall-2016/resources/mit18_650f16_method_of_moments_pdf/
[follow] https://ocw.mit.edu/courses/18-650-statistics-for-applications-fall-2016/resources/mit18_650f16_bayesian_statistics_pdf/
[extract] 0 slide link(s) after following
No slide decks (PDF/PPT/PPTX) found on this page.

### Statistics for Data Science - Slides
[fetch] https://www3.cs.stonybrook.edu/~has/CSE357/Slides
[fetch] status=200 rendered=False
[extract] found 10 slide link(s)
  ! fail   https://www3.cs.stonybrook.edu/~has/CSE357/CSE357 fa21 (1) Course Intro and Probability 8-26.pdf  (http 404)
  ! fail   https://www3.cs.stonybrook.edu/~has/CSE357/CSE357 fa21 (2) Random Variables 9-7.pdf  (http 404)
  ! fail   https://www3.cs.stonybrook.edu/~has/CSE357/CSE357 fa21 (3) Expectation 9-14.pdf  (http 404)
  ! fail   https://www3.cs.stonybrook.edu/~has/CSE357/CSE357 fa21 (4) Scientific Inference 10-5.pdf  (http 404)
  ! fail   https://www3.cs.stonybrook.edu/~has/CSE357/CSE357 fa21 (5) Parametric Inference 11-3.pdf  (http 404)
  ! fail   https://www3.cs.stonybrook.edu/~has/CSE357/CSE357 fa21 (6) Linear Machine Learning11-11.pdf  (http 404)
  ! fail   https://www3.cs.stonybrook.edu/~has/CSE357/CSE357 fa21 (7) Linear Machine Learning 11-14.pdf  (http 404)
  ! fail   https://www3.cs.stonybrook.edu/~has/CSE357/CSE357 fa21 (8) Causal Inference 11-16.pdf  (http 404)
  ! fail   https://www3.cs.stonybrook.edu/~has/CSE357/CSE357 fa21 (9) Models in Practice - Acc 11-27.pdf  (http 404)
  ! fail   https://www3.cs.stonybrook.edu/~has/CSE357/CSE357 fa21 (10) Bayesian Inference - 12-1.pdf  (http 404)

==== done ====
downloaded: 0   skipped: 0   duplicates: 0   failed: 10
saved into: downloads/new/www3.cs.stonybrook.edu_CSE357/

### ORF 245: Statistics
[fetch] https://vanderbei.princeton.edu/245/Fall14/lectures.html
[fetch] status=200 rendered=False
[extract] found 11 slide link(s)
  + saved  lecture_14_chap1.pdf
  + saved  lecture_14_chap2.pdf
  + saved  lecture_14_chap3.pdf
  + saved  lecture_14_chap4.pdf
  + saved  lecture_14_chap5.pdf
  + saved  lecture_14_chap6.pdf
  + saved  lecture_14_chap7.pdf
  + saved  lecture_14_chap8.pdf
  + saved  lecture_14_chap9.pdf
  + saved  lecture_14_chap10.pdf
  + saved  lecture_14_chap14.pdf

==== done ====
downloaded: 11   skipped: 0   duplicates: 0   failed: 0
saved into: downloads/new/vanderbei.princeton.edu_245_Fall14/

### [PDF] Lecture 1: Basic Concepts and Descriptive Statistics
[fetch] http://www.columbia.edu/~yt2661/S1201/slides/
[fetch] status=403 rendered=False
[extract] found 0 slide link(s)
No slide decks (PDF/PPT/PPTX) found on this page.

### [PDF] Stat 5102 Lecture Slides Deck 2 - School of Statistics
[fetch] https://www.stat.umn.edu/geyer/s10/5102/slides/
[fetch] status=200 rendered=False
[extract] found 25 slide link(s)
  + saved  lecture_01_s1.pdf
  + saved  lecture_02_s2.pdf
  + saved  lecture_03_s3.pdf
  + saved  lecture_04_s4.pdf
  + saved  lecture_05_s5.pdf
  + saved  lecture_06_s6.pdf
  + saved  lecture_07_s7.pdf
  + saved  lecture_08_s8.pdf
  + saved  lecture_01_f01-22.pdf
  + saved  lecture_01_f01-25.pdf
  + saved  lecture_01_f01-26.pdf
  + saved  lecture_01_f01-27.pdf
  + saved  lecture_01_f01-29.pdf
  + saved  lecture_02_f02-01.pdf
  + saved  lecture_02_f02-19.pdf
  + saved  lecture_02_f02-26.pdf
  + saved  lecture_03_f03-05.pdf
  + saved  lecture_03_f03-08.pdf
  + saved  lecture_03_f03-10.pdf
  + saved  lecture_03_f03-12.pdf
  + saved  lecture_03_f03-22.pdf
  + saved  lecture_03_f03-24.pdf
  + saved  lecture_03_f03-26.pdf
  + saved  lecture_04_f04-12.pdf
  + saved  lecture_04_f04-28.pdf

==== done ====
downloaded: 25   skipped: 0   duplicates: 0   failed: 0
saved into: downloads/new/stat.umn.edu_s10_5102/

### [PDF] STAT 22000 Lecture Slides Probability - Department of Statistics
[fetch] http://www.stat.uchicago.edu/~yibi/teaching/stat220/17aut/Lectures/
[fetch] status=403 rendered=False
[extract] found 0 slide link(s)
No slide decks (PDF/PPT/PPTX) found on this page.

### Lecture 1: Introduction to Statistics | Statistics for Applications  | Mathematics | MIT OpenCourseWare
[fetch] https://ocw.mit.edu/courses/18-650-statistics-for-applications-fall-2016/resources/lecture-1-introduction-to-statistics
[fetch] status=200 rendered=False
[extract] found 0 slide link(s)
[follow] no slides here; checking 2 sub-page(s)
[follow] https://ocw.mit.edu/courses/18-650-statistics-for-applications-fall-2016/pages/lecture-slides/
[follow] https://ocw.mit.edu/courses/18-650-statistics-for-applications-fall-2016/video_galleries/lecture-videos/
[extract] 0 slide link(s) after following
No slide decks (PDF/PPT/PPTX) found on this page.

### Introduction to Applied Statistics: Lecture Notes
[fetch] https://people.richland.edu/james/lecture/m113
[fetch] status=200 rendered=False
[extract] found 0 slide link(s)
[follow] no slides here; checking 55 sub-page(s)
[follow] https://people.richland.edu/james/lecture/def_intro.html
[follow] https://people.richland.edu/james/lecture/def_descriptive.html
[follow] https://people.richland.edu/james/lecture/freq_dists.html
[follow] https://people.richland.edu/james/lecture/central_tendency.html
[follow] https://people.richland.edu/james/lecture/variation.html
[follow] https://people.richland.edu/james/lecture/position.html
[follow] https://people.richland.edu/james/lecture/def_prob.html
[follow] https://people.richland.edu/james/lecture/probability.html
[follow] https://people.richland.edu/james/lecture/prob_rules.html
[follow] https://people.richland.edu/james/lecture/conditional.html
[follow] https://people.richland.edu/james/lecture/counting.html
[follow] https://people.richland.edu/james/lecture/def_dists.html
[follow] https://people.richland.edu/james/lecture/distributions.html
[follow] https://people.richland.edu/james/lecture/binomial.html
[follow] https://people.richland.edu/james/lecture/other_dists.html
[follow] https://people.richland.edu/james/lecture/def_normal.html
[follow] https://people.richland.edu/james/lecture/normal.html
[follow] https://people.richland.edu/james/lecture/z_table.html
[follow] https://people.richland.edu/james/lecture/central_limit.html
[follow] https://people.richland.edu/james/lecture/normal_approx.html
[follow] https://people.richland.edu/james/lecture/normal_important.html
[follow] https://people.richland.edu/james/lecture/def_estimation.html
[follow] https://people.richland.edu/james/lecture/estimation.html
[follow] https://people.richland.edu/james/lecture/estimate_mean.html
[follow] https://people.richland.edu/james/lecture/t_table.html
[follow] https://people.richland.edu/james/lecture/estimate_proportion.html
[follow] https://people.richland.edu/james/lecture/sample_size.html
[follow] https://people.richland.edu/james/lecture/def_testing.html
[follow] https://people.richland.edu/james/lecture/hypo_testing.html
[follow] https://people.richland.edu/james/lecture/testing_types.html
[follow] https://people.richland.edu/james/lecture/testing_steps.html
[follow] https://people.richland.edu/james/lecture/p_values.html
[follow] https://people.richland.edu/james/lecture/test_conf_interval.html
[follow] https://people.richland.edu/james/lecture/testing_mean.html
[follow] https://people.richland.edu/james/lecture/testing_mean_example.html
[follow] https://people.richland.edu/james/lecture/testing_proportion.html
[follow] https://people.richland.edu/james/lecture/chi_square.html
[follow] https://people.richland.edu/james/lecture/chi_sq_table.html
[follow] https://people.richland.edu/james/lecture/test_variance.html
[follow] https://people.richland.edu/james/lecture/def_twosample.html
[follow] https://people.richland.edu/james/lecture/mean_difference.html
[follow] https://people.richland.edu/james/lecture/f_test.html
[follow] https://people.richland.edu/james/lecture/difference_means.html
[follow] https://people.richland.edu/james/lecture/two_proportions.html
[follow] https://people.richland.edu/james/lecture/def_correlation.html
[follow] https://people.richland.edu/james/lecture/correlation.html
[follow] https://people.richland.edu/james/lecture/regression.html
[follow] https://people.richland.edu/james/lecture/coefficient_determination.html
[follow] https://people.richland.edu/james/lecture/def_chi_square.html
[follow] https://people.richland.edu/james/lecture/good_fit.html
[follow] https://people.richland.edu/james/lecture/independence.html
[follow] https://people.richland.edu/james/lecture/def_anova.html
[follow] https://people.richland.edu/james/lecture/anova.html
[follow] https://people.richland.edu/james/lecture/post_anova.html
[follow] https://people.richland.edu/james/lecture/twoway_anova.html
[extract] 0 slide link(s) after following
No slide decks (PDF/PPT/PPTX) found on this page.

### Intro STAT Lectures
[fetch] https://sites.pitt.edu/~nancyp/stat-0200-s15/lectures.html
[fetch] status=200 rendered=False
[extract] found 70 slide link(s)
  + saved  lecture_01_bpX4largelecture01-intro.pdf
  + saved  lecture_01_bpX1textfieldslecture01-intro.pdf
  + saved  lecture_02_bpX4largelecture02-designingsurveys.pdf
  + saved  lecture_02_bpX1textfieldslecture02-designingsurveys.pdf
  + saved  lecture_03_bpX4largelecture03-designingstudies.pdf
  + saved  lecture_03_bpX1textfieldslecture03-designingstudies.pdf
  + saved  lecture_04_bpX4largelecture04-designingexperiments.pdf
  + saved  lecture_04_bpX1textfieldslecture04-designingexperiments.pdf
  + saved  lecture_05_bpX4largelecture05-singlevariables-cat.pdf
  + saved  lecture_05_bpX1textfieldslecture05-singlevariables-cat.pdf
  + saved  lecture_06_bpX4largelecture06-quandisplay.pdf
  + saved  lecture_06_bpX1textfieldslecture06-quandisplay.pdf
  + saved  lecture_07_bpX4largelecture07-quanmeansd.pdf
  + saved  lecture_07_bpX1textfieldslecture07-quanmeansd.pdf
  + saved  lecture_08_bpX4largelecture08-normaldata.pdf
  + saved  lecture_08_bpX1textfieldslecture08-normaldata.pdf
  + saved  lecture_09_bpX4largelecture09-catquandata.pdf
  + saved  lecture_09_bpX1textfieldslecture09-catquandata.pdf
  + saved  lecture_10_bpX4largelecture10-catcatdata.pdf
  + saved  lecture_10_bpX1textfieldslecture10-catcatdata.pdf
  + saved  lecture_11_bpX4largelecture11-quanquancorrelation.pdf
  + saved  lecture_11_bpX1textfieldslecture11-quanquancorrelation.pdf
  + saved  lecture_12_bpX4largelecture12-quanquanregression.pdf
  + saved  lecture_12_bpX1textfieldslecture12-quanquanregression.pdf
  + saved  lecture_13_bpX4largelecture13-probrules.pdf
  + saved  lecture_13_bpX1textfieldslecture13-probrules.pdf
  + saved  lecture_14_bpX4largelecture14-moreprobrules.pdf
  + saved  lecture_14_bpX1textfieldslecture14-moreprobrules.pdf
  + saved  lecture_15_bpX4largelecture15-randomvariables.pdf
  + saved  lecture_15_bpX1textfieldslecture15-randomvariables.pdf
  + saved  lecture_16_bpX4largelecture16-binomial.pdf
  + saved  lecture_16_bpX1textfieldslecture16-binomial.pdf
  + saved  lecture_17_bpX4largelecture17-normal.pdf
  + saved  lecture_17_bpX1textfieldslecture17-normal.pdf
  + saved  lecture_18_bpX4largelecture18-morenormal.pdf
  + saved  lecture_18_bpX1textfieldslecture18-morenormal.pdf
  + saved  lecture_19_bpX4largelecture19-samplingproportion.pdf
  + saved  lecture_19_bpX1textfieldslecture19-samplingproportion.pdf
  + saved  lecture_20_bpX4largelecture20-samplingmean.pdf
  + saved  lecture_20_bpX1textfieldslecture20-samplingmean.pdf
  + saved  lecture_21_bpX4largelecture21-catci.pdf
  + saved  lecture_21_bpX1textfieldslecture21-catci.pdf
  + saved  lecture_22_bpX4largelecture22-cattest.pdf
  + saved  lecture_22_bpX1textfieldslecture22-cattest.pdf
  + saved  lecture_23_bpX4largelecture23-catmoretests.pdf
  + saved  lecture_23_bpX1textfieldslecture23-catmoretests.pdf
  + saved  lecture_24_bpX4largelecture24-quanci.pdf
  + saved  lecture_24_bpX1textfieldslecture24-quanci.pdf
  + saved  lecture_25_bpX4largelecture25-quantest.pdf
  + saved  lecture_25_bpX1textfieldslecture25-quantest.pdf
  + saved  lecture_26_bpX4largelecture26-quancit.pdf
  + saved  lecture_26_bpX1textfieldslecture26-quancit.pdf
  + saved  lecture_27_bpX4largelecture27-quantestt.pdf
  + saved  lecture_27_bpX1textfieldslecture27-quantestt.pdf
  + saved  lecture_28_bpX4largelecture28-catquanpairedinf.pdf
  + saved  lecture_28_bpX1textfieldslecture28-catquanpairedinf.pdf
  + saved  lecture_29_bpX4largelecture29-catquantwosampleinf.pdf
  + saved  lecture_29_bpX1textfieldslecture29-catquantwosampleinf.pdf
  + saved  lecture_30_bpX4largelecture30-catquananova.pdf
  + saved  lecture_30_bpX1textfieldslecture30-catquananova.pdf
  + saved  lecture_31_bpX4largelecture31-catquanmoreanova.pdf
  + saved  lecture_31_bpX1textfieldslecture31-catquanmoreanova.pdf
  + saved  lecture_32_bpX4largelecture32-catcatchisquare.pdf
  + saved  lecture_32_bpX1textfieldslecture32-catcatchisquare.pdf
  + saved  lecture_33_bpX4largelecture33-catcatmorechisquare.pdf
  + saved  lecture_33_bpX1textfieldslecture33-catcatmorechisquare.pdf
  + saved  lecture_34_bpX4largelecture34-quanquaninfregression.pdf
  + saved  lecture_34_bpX1textfieldslecture34-quanquaninfregression.pdf
  + saved  lecture_35_bpX4largelecture35-quanquancipi.pdf
  + saved  lecture_35_bpX1textfieldslecture35-quanquancipi.pdf

==== done ====
downloaded: 70   skipped: 0   duplicates: 0   failed: 0
saved into: downloads/new/sites.pitt.edu_stat-0200-s15/

### [PPT] lecture 1 - spia@uga.edu
[fetch] https://spia.uga.edu/faculty_pages/rbakker/pols7012/
[fetch] status=403 rendered=False
[extract] found 0 slide link(s)
No slide decks (PDF/PPT/PPTX) found on this page.

### Lecture Slides | OER — BIOLOGY II – (BIO1201) - City Tech OpenLab
[fetch] https://openlab.citytech.cuny.edu/oer-biology/lecture-slides
[fetch] status=200 rendered=False
[extract] found 0 slide link(s)
[follow] no slides here; checking 3 sub-page(s)
[follow] https://openlab.citytech.cuny.edu/oer-biology/lecture-schedule/
[follow] https://openlab.citytech.cuny.edu/oer-biology/resources/
[follow] https://openlab.citytech.cuny.edu/oer-biology/interdisciplinary-id-component/id-topics-schedule/
[follow] +10 slide link(s)
[extract] 10 slide link(s) after following
  ! fail   https://www.dropbox.com/s/d2gij2hil6jfdyf/IDDiscussion1-EpistemologyAndScience.pptx?dl=0  (html response, not a file)
  ! fail   https://www.dropbox.com/s/hygwkfwbwq4lk3u/miasma%20and%20germ%20theory%20of%20disease.pptx?dl=0  (html response, not a file)
  ! fail   https://www.dropbox.com/s/9k3za4743lpmf6n/patents%2C%20ownership%2C%20and%20biodiversity.pptx?dl=0  (html response, not a file)
  ! fail   https://www.dropbox.com/s/hdoegzt0fmx0ekj/women%20and%20gender%20in%20biology.pptx?dl=0  (html response, not a file)
  ! fail   https://www.dropbox.com/s/1mhonla3y5opm6a/hela%20cells.pptx?dl=0  (html response, not a file)
  ! fail   https://www.dropbox.com/s/qff86dbpkb7l07z/blood%20types%20and%20first%20nations%20%20-%20%20read-only.pptx?dl=0  (html response, not a file)
  ! fail   https://www.dropbox.com/s/jtq9rsuf82hrr7m/public%20health%20and%20disease%20%20-%20%20read-only.pptx?dl=0  (html response, not a file)
  ! fail   https://www.dropbox.com/s/fdhz5xtzbrqzt8w/sex%2C%20gender%2C%20and%20bias%20in%20research.pptx?dl=0  (html response, not a file)
  ! fail   https://www.dropbox.com/s/tie699z8rhipdvo/soda%20and%20public%20health%20%20-%20%20read-only.pptx?dl=0  (html response, not a file)
  ! fail   https://www.dropbox.com/s/1brqd9397tea23e/Tuskegee%20Syphilis%20Experiments.pptx?dl=0  (html response, not a file)

==== done ====
downloaded: 0   skipped: 0   duplicates: 0   failed: 10
saved into: downloads/new/openlab.citytech.cuny.edu_lecture-slides/

### Lecture Slides - Systems Biology Research Group
[fetch] https://systemsbiology.ucsd.edu/Publications/Books/SB2LectureSlides
[fetch] status=200 rendered=False
[extract] found 0 slide link(s)
[follow] no slides here; checking 1 sub-page(s)
[follow] https://systemsbiology.ucsd.edu/educational-materials
[extract] 0 slide link(s) after following
No slide decks (PDF/PPT/PPTX) found on this page.

### Cell Biology I
[fetch] https://www3.botany.ubc.ca/biol200
[fetch] status=200 rendered=False
[extract] found 31 slide link(s)
  ! fail   https://www3.botany.ubc.ca/LECTURE%201%20(06).pdf  (http 404)
  ! fail   https://www3.botany.ubc.ca/Lecture%201%20(website).ppt  (http 404)
  ! fail   https://www3.botany.ubc.ca/LECTURE%202%20(06).pdf  (http 404)
  ! fail   https://www3.botany.ubc.ca/Lecture%202%20(06)%20website.ppt  (http 404)
  ! fail   https://www3.botany.ubc.ca/Lecture%203%20(06).pdf  (http 404)
  ! fail   https://www3.botany.ubc.ca/Lecture%203%20(06)%20website.ppt  (http 404)
  ! fail   https://www3.botany.ubc.ca/Lecture%204-5%20(06).pdf  (http 404)
  ! fail   https://www3.botany.ubc.ca/Lecture%204-5%20(06).ppt  (http 404)
  ! fail   https://www3.botany.ubc.ca/Lecture%206-7%20(06).pdf  (http 404)
  ! fail   https://www3.botany.ubc.ca/Lecture%206-7%20(06).ppt  (http 404)
  ! fail   https://www3.botany.ubc.ca/Lecture%208%20(06).pdf  (http 404)
  ! fail   https://www3.botany.ubc.ca/Lecture%208%20(06).ppt  (http 404)
  ! fail   https://www3.botany.ubc.ca/Study%20guide%20answer%20key.ppt  (http 404)
  ! fail   https://www3.botany.ubc.ca/Lecture%209-10%20(06).pdf  (http 404)
  ! fail   https://www3.botany.ubc.ca/Lecture%209-10%20(06).ppt  (http 404)
  ! fail   https://www3.botany.ubc.ca/Lecture%2011%20(06).pdf  (http 404)
  ! fail   https://www3.botany.ubc.ca/Lecture%2011%20(06).ppt  (http 404)
  ! fail   https://www3.botany.ubc.ca/Lecture%2012%20(06).pdf  (http 404)
  ! fail   https://www3.botany.ubc.ca/Lecture%2012%20(06).ppt  (http 404)
  ! fail   https://www3.botany.ubc.ca/Biol%20200%20Review%20(06).ppt  (http 404)
  ! fail   https://www3.botany.ubc.ca/Website/Tutorial%20-%20intro.ppt  (http 404)
  ! fail   https://www3.botany.ubc.ca/Website/Tutorial%201%20-%20Microscopy.ppt  (http 404)
  ! fail   https://www3.botany.ubc.ca/Website/Tutorial%202%20-%20Macromolecules.ppt  (http 404)
  ! fail   https://www3.botany.ubc.ca/Website/Tutorial%203%20-%20Interphase%20Nucleus.ppt  (http 404)
  ! fail   https://www3.botany.ubc.ca/Website/Tutorial%204%20-%20Transcription%20and%20Translation.ppt  (http 404)
  ! fail   https://www3.botany.ubc.ca/Website/Tutorial%205%20-%20Membrane.ppt  (http 404)
  ! fail   https://www3.botany.ubc.ca/Website/Tutorial%206%20-%20mit&chlor.ppt  (http 404)
  ! fail   https://www3.botany.ubc.ca/Website/Tutorial%207%20-%20Secretory%20Pathway.ppt  (http 404)
  ! fail   https://www3.botany.ubc.ca/Website/Tutorial%208%20-%20Cytoskeleton.ppt  (http 404)
  ! fail   https://www3.botany.ubc.ca/Website/Tutorial%209%20-%20Mitosis.ppt  (http 404)
  ! fail   https://www3.botany.ubc.ca/Website/Writing%20an%20In-Class%20Essay.ppt  (http 404)

==== done ====
downloaded: 0   skipped: 0   duplicates: 0   failed: 31
saved into: downloads/new/www3.botany.ubc.ca_biol200/

### Lecture Slides | Computational Biology - MIT OpenCourseWare
[fetch] https://ocw.mit.edu/courses/6-047-computational-biology-fall-2015/pages/lectures_slides
[fetch] status=200 rendered=False
[extract] found 0 slide link(s)
[follow] no slides here; checking 13 sub-page(s)
[follow] https://ocw.mit.edu/courses/6-047-computational-biology-fall-2015/resources/mit6_047f15_lecture01/
[follow] +1 slide link(s)
[follow] https://ocw.mit.edu/courses/6-047-computational-biology-fall-2015/resources/mit6_047f15_lecture02/
[follow] +1 slide link(s)
[follow] https://ocw.mit.edu/courses/6-047-computational-biology-fall-2015/resources/mit6_047f15_lecture03/
[follow] +1 slide link(s)
[follow] https://ocw.mit.edu/courses/6-047-computational-biology-fall-2015/resources/mit6_047f15_lecture04/
[follow] +1 slide link(s)
[follow] https://ocw.mit.edu/courses/6-047-computational-biology-fall-2015/resources/mit6_047f15_lecture05/
[follow] +1 slide link(s)
[follow] https://ocw.mit.edu/courses/6-047-computational-biology-fall-2015/resources/mit6_047f15_lecture07/
[follow] +1 slide link(s)
[follow] https://ocw.mit.edu/courses/6-047-computational-biology-fall-2015/resources/mit6_047f15_lecture09/
[follow] +1 slide link(s)
[follow] https://ocw.mit.edu/courses/6-047-computational-biology-fall-2015/resources/mit6_047f15_lecture10/
[follow] +1 slide link(s)
[follow] https://ocw.mit.edu/courses/6-047-computational-biology-fall-2015/resources/mit6_047f15_lecture11/
[follow] +1 slide link(s)
[follow] https://ocw.mit.edu/courses/6-047-computational-biology-fall-2015/resources/mit6_047f15_lecture17/
[follow] +1 slide link(s)
[follow] https://ocw.mit.edu/courses/6-047-computational-biology-fall-2015/resources/mit6_047f15_lecture18/
[follow] +1 slide link(s)
[follow] https://ocw.mit.edu/courses/6-047-computational-biology-fall-2015/resources/mit6_047f15_lecture20/
[follow] +1 slide link(s)
[follow] https://ocw.mit.edu/courses/6-047-computational-biology-fall-2015/pages/calendar/
[extract] 12 slide link(s) after following
  + saved  67001fcd838c877dabf796f143a032fc_MIT6_047F15_Lecture01.pdf
  + saved  lecture_02_2eddab6441d8092607e1259aafceb280_MIT6_047F15_Lecture02.pdf
  + saved  318809f1420dc08eac795206c14bbebd_MIT6_047F15_Lecture03.pdf
  + saved  lecture_42_aabc42b3391c9bbc2809c0926921c5c9_MIT6_047F15_Lecture04.pdf
  + saved  7756eb0ac75a84efd66131eb7ed7f210_MIT6_047F15_Lecture05.pdf
  + saved  lecture_94_94dc08a6aded73bc9aea7cb22267245d_MIT6_047F15_Lecture07.pdf
  + saved  lecture_06_6c9d5651cfa53e49e59042119a02b2df_MIT6_047F15_Lecture09.pdf
  + saved  lecture_67_e67b1adfae82aed4851a6b635f55d247_MIT6_047F15_Lecture10.pdf
  + saved  lecture_03_aeb3d9cfd4ab318d37ac032d7bd500c4_MIT6_047F15_Lecture11.pdf
  + saved  lecture_09_ced9b183e19e78e8a22e1ad64ae25736_MIT6_047F15_Lecture17.pdf
  + saved  lecture_07_07bfcb2cbf5320a271925b8ff7c5646a_MIT6_047F15_Lecture18.pdf
  + saved  lecture_53_e53dd96c18a69deb025a25f8be7a683d_MIT6_047F15_Lecture20.pdf

==== done ====
downloaded: 12   skipped: 0   duplicates: 0   failed: 0
saved into: downloads/new/ocw.mit.edu_6-047-computational-biology-fall-2015/

### [PPT] PowerPoint Presentation
[fetch] https://dosequis.colorado.edu/Courses/MCDB3500/Lectures/
[fetch] status=403 rendered=False
[extract] found 0 slide link(s)
No slide decks (PDF/PPT/PPTX) found on this page.

### Introductory Biology | Biology | MIT OpenCourseWare
[fetch] https://ocw.mit.edu/courses/7-016-introductory-biology-fall-2018
[fetch] status=200 rendered=False
[extract] found 0 slide link(s)
[follow] no slides here; checking 3 sub-page(s)
[follow] https://ocw.mit.edu/courses/7-016-introductory-biology-fall-2018/video_galleries/lecture-videos/
[follow] https://ocw.mit.edu/courses/7-016-introductory-biology-fall-2018/pages/calendar/
[follow] https://ocw.mit.edu/courses/7-016-introductory-biology-fall-2018/pages/study-materials/
[extract] 0 slide link(s) after following
No slide decks (PDF/PPT/PPTX) found on this page.

### Lecture Slides
[fetch] http://www.its.caltech.edu/~chem1/lecture_slides.htm
[fetch] status=200 rendered=False
[extract] found 0 slide link(s)
[follow] no slides here; checking 1 sub-page(s)
[follow] http://www.its.caltech.edu/~chem1/supp_mats.htm
[extract] 0 slide link(s) after following
No slide decks (PDF/PPT/PPTX) found on this page.

### Lecture Slides - PIPER: Resources for Teaching Physical Chemistry
[fetch] https://chemistry.coe.edu/piper/posts/groves-quantum/lecture_slides.html
[fetch] status=200 rendered=False
[extract] found 18 slide link(s)
  + saved  Lecture_00_FundamentalConcepts_CHEM361B.pdf
  + saved  lecture_01_Lecture_01_ComplexNumbers_CHEM361B.pdf
  + saved  lecture_02_Lecture_02_OrdinaryDifferentialEquations_CHEM361B.pdf
  + saved  lecture_03_Lecture_03_Quantization_CHEM361B.pdf
  + saved  lecture_04_Lecture_04_FirstModernModeloftheAtom_CHEM361B.pdf
  + saved  lecture_05_Lecture_05_Probability_CHEM361B.pdf
  + saved  lecture_06_Lecture_06_TheSchrodingerEquation_CHEM361B.pdf
  + saved  lecture_07_Lecture_07_Operators_CHEM361B.pdf
  + saved  lecture_08_Lecture_08_FinitePotentialandTunneling_CHEM361B.pdf
  + saved  lecture_09_Lecture_09_SimpleHarmonicOscillator_CHEM361B.pdf
  + saved  lecture_11_Lecture_11_RotatingMolecules_CHEM361B.pdf
  + saved  lecture_12_Lecture_12_TheHydrogenAtom_CHEM361B.pdf
  + saved  lecture_13_Lecture_13_Spin_CHEM361B.pdf
  + saved  lecture_14_Lecture_14_ApproximativeMethods_CHEM361B.pdf
  + saved  lecture_15_Lecture_15_FormingBonds_MolecularOrbitals_CHEM361B.pdf
  + saved  lecture_17_Lecture_17_HybridizedOrbitals_CHEM361B.pdf
  + saved  lecture_18_Lecture_18_NMR_CHEM361B.pdf
  + saved  lecture_19_Lecture_19_ElectronicTransitionsAndPhotoChemistry_CHEM361B.pdf

==== done ====
downloaded: 18   skipped: 0   duplicates: 0   failed: 0
saved into: downloads/new/chemistry.coe.edu_lecture_slides/

### CH101 General Chemistry, Fall 2018, Boston University
[fetch] https://quantum.bu.edu/courses/ch101-fall-2018/contents.html
[fetch] status=200 rendered=False
[extract] found 38 slide link(s)
  + saved  lecture_01_01.pdf
  + saved  lecture_02_02.pdf
  + saved  lecture_03_03.pdf
  + saved  lecture_04_04.pdf
  + saved  lecture_05_05.pdf
  + saved  lecture_06_06.pdf
  + saved  lecture_07_07.pdf
  + saved  lecture_08_08.pdf
  + saved  lecture_09_09.pdf
  + saved  lecture_10_10.pdf
  + saved  lecture_11_11.pdf
  + saved  lecture_12_12.pdf
  + saved  lecture_13_13.pdf
  + saved  lecture_14_14.pdf
  + saved  lecture_15_15.pdf
  + saved  lecture_16_16.pdf
  + saved  lecture_17_17.pdf
  + saved  lecture_18_18.pdf
  + saved  lecture_19_19.pdf
  + saved  lecture_20_20.pdf
  + saved  lecture_21_21.pdf
  + saved  lecture_22_22.pdf
  + saved  lecture_23_23.pdf
  + saved  lecture_24_24.pdf
  + saved  lecture_25_25.pdf
  + saved  lecture_26_26.pdf
  + saved  lecture_27_27.pdf
  + saved  lecture_28_28.pdf
  + saved  lecture_29_29.pdf
  + saved  lecture_30_30.pdf
  + saved  lecture_31_31.pdf
  + saved  lecture_32_32.pdf
  + saved  lecture_33_33.pdf
  + saved  lecture_34_34.pdf
  + saved  lecture_35_35.pdf
  + saved  lecture_36_36.pdf
  + saved  lecture_37_37.pdf
  + saved  lecture_38_38.pdf

==== done ====
downloaded: 38   skipped: 0   duplicates: 0   failed: 0
saved into: downloads/new/quantum.bu.edu_ch101-fall-2018/

### Lectures - Polymer Chemistry - Texas A&M University
[fetch] https://www.chem.tamu.edu/rgroup/wooley/chem466/lectures.php
[fetch] status=200 rendered=False
[extract] found 13 slide link(s)
  + saved  lecture_01_140114_Lecture_1_slides.pdf
  + saved  lecture_01_00_Adv_Mater_Meijer_supramol_polys.pdf
  + saved  lecture_01_13_Adv_Mater_Hearon_et_al_PS_recycling_w_limonene_adma201304370.pdf
  + saved  lecture_01_11_JPSA_Hedrick_et_al_base_catalyzed_glycolysis_of_PET_for_recycling_24551_ftp.pdf
  + saved  lecture_02_140116_Lecture_2_slides_-_step-growth_condensation_polym_vs_chain-growth_addition_polym_-_2_slides_of_basic_pts.pdf
  + saved  lecture_02_140116_Lecture_2_problem_set_-_molecular_weight_calculations.pdf
  + saved  lecture_03_140121_step-growth_condensation_polym_-_3_slides_of_intro_overview.pdf
  + saved  lecture_04_12_JPSA_Leibfarth_et_al_PLA_recycling.pdf
  + saved  lecture_05_11_Biomac_Besset_Polycarbonates_from_the_Polyhydroxy_Natural_Product_Quinic_Acid.pdf
  + saved  lecture_08_Froehling_JPSA_highlight_DSM_hybrane_hyperbranched_polyesteramides_2004.pdf
  + saved  lecture_08_Frechet_JPSA_highlight_dends_2003.pdf
  + saved  lecture_22_14_ACS_Macro_Lett_Bunz_ROMP_of_paracyclophane-trienes_mz500135s.pdf
  + saved  lecture_22_06_Science_Dow_chain_shuttling_olefin_polyms.pdf

==== done ====
downloaded: 13   skipped: 0   duplicates: 0   failed: 0
saved into: downloads/new/chem.tamu.edu_chem466/

### Class - MSU chemistry
[fetch] https://www2.chemistry.msu.edu/courses/cem151/lecturesched.htm
[fetch] status=200 rendered=False
[extract] found 22 slide link(s)
  + saved  lecture_02_chap1lect_2016.pdf
  + saved  lecture_02_chap1lect_2016.ppt
  ! fail   https://www2.chemistry.msu.edu/courses/cem151/Chapter%25252525252525252525252525252525252525252525252525203probs.pdf  (http 404)
  + saved  lecture_02_chap3lect_2009.pdf
  + saved  lecture_02_chap3lect_2009.ppt
  ! fail   https://www2.chemistry.msu.edu/courses/cem151/Chapter%25252525252525252525252525252525252525252525252525204probs.pdf  (http 404)
  + saved  lecture_02_chap5lect_2016.pdf
  ! fail   https://www2.chemistry.msu.edu/courses/cem151/Chapter%25252525252525252525252525252525252525252525252525205probs.pdf  (http 404)
  + saved  lecture_02_Nobel_2009.ppt
  ! fail   https://www2.chemistry.msu.edu/courses/cem151/Chapter%25252525252525252525252525252525252525252525252525206probs.pdf  (http 404)
  + saved  lecture_02_chap7lect_2013.pdf
  ! fail   https://www2.chemistry.msu.edu/courses/cem151/Chapter%25252525252525252525252525252525252525252525252525207probs.pdf  (http 404)
  + saved  lecture_02_chap8lect_2015.ppt
  + saved  lecture_02_chap8lect_2015.pdf
  ! fail   https://www2.chemistry.msu.edu/courses/cem151/Chapter%25252525252525252525252525252525252525252525252525208probs.pdf  (http 404)
  + saved  lecture_02_chap9lect_2013.ppt
  + saved  lecture_02_chap9lect_2013.pdf
  ! fail   https://www2.chemistry.msu.edu/courses/cem151/Chapter%25252525252525252525252525252525252525252525252525209probs.pdf  (http 404)
  + saved  lecture_02_chap24lect_2009.pdf
  ! fail   https://www2.chemistry.msu.edu/courses/cem151/Chapter%252525252525252525252525252525252525252525252525252024probs.pdf  (http 404)
  + saved  lecture_02_chap25_lect2016.pdf
  ! fail   https://www2.chemistry.msu.edu/courses/cem151/Chapter%252525252525252525252525252525252525252525252525252025probs.pdf  (http 404)

==== done ====
downloaded: 13   skipped: 0   duplicates: 0   failed: 9
saved into: downloads/new/www2.chemistry.msu.edu_cem151/

### Lecture notes and tutorial handouts - Claire Vallance
[fetch] https://vallance.chem.ox.ac.uk/CVteaching.html
[fetch] status=200 rendered=False
[extract] found 8 slide link(s)
  + saved  lecture_08_KineticsProbs08.pdf
  + saved  KineticsLectureCourseProbs.pdf
  + saved  AstrochemProblems2012.pdf
  + saved  AstrochemAnswersToLectureCourseQs.pdf
  + saved  ReactionDynamicsProblems2013.pdf
  + saved  SymmetryProblemSheet2005.pdf
  + saved  lecture_08_PropsOfGasesProbs08.pdf
  + saved  PropertiesOfGasesProbs.pdf

==== done ====
downloaded: 8   skipped: 0   duplicates: 0   failed: 0
saved into: downloads/new/vallance.chem.ox.ac.uk_CVteaching/

### Principles of Chemical Science | Chemistry | MIT OpenCourseWare
[fetch] https://ocw.mit.edu/courses/5-111sc-principles-of-chemical-science-fall-2014
[fetch] status=200 rendered=False
[extract] found 0 slide link(s)
[follow] no slides here; checking 35 sub-page(s)
[follow] https://ocw.mit.edu/courses/5-111sc-principles-of-chemical-science-fall-2014/pages/unit-i-the-atom/lecture-1/
[follow] https://ocw.mit.edu/courses/5-111sc-principles-of-chemical-science-fall-2014/pages/unit-i-the-atom/lecture-2/
[follow] https://ocw.mit.edu/courses/5-111sc-principles-of-chemical-science-fall-2014/pages/unit-i-the-atom/lecture-3/
[follow] https://ocw.mit.edu/courses/5-111sc-principles-of-chemical-science-fall-2014/pages/unit-i-the-atom/lecture-4/
[follow] https://ocw.mit.edu/courses/5-111sc-principles-of-chemical-science-fall-2014/pages/unit-i-the-atom/lecture-5/
[follow] https://ocw.mit.edu/courses/5-111sc-principles-of-chemical-science-fall-2014/pages/unit-i-the-atom/lecture-6/
[follow] https://ocw.mit.edu/courses/5-111sc-principles-of-chemical-science-fall-2014/pages/unit-i-the-atom/lecture-7/
[follow] https://ocw.mit.edu/courses/5-111sc-principles-of-chemical-science-fall-2014/pages/unit-ii-chemical-bonding-structure/lecture-8/
[follow] https://ocw.mit.edu/courses/5-111sc-principles-of-chemical-science-fall-2014/pages/unit-ii-chemical-bonding-structure/lecture-9/
[follow] https://ocw.mit.edu/courses/5-111sc-principles-of-chemical-science-fall-2014/pages/unit-ii-chemical-bonding-structure/lecture-10/
[follow] https://ocw.mit.edu/courses/5-111sc-principles-of-chemical-science-fall-2014/pages/unit-ii-chemical-bonding-structure/lecture-11/
[follow] https://ocw.mit.edu/courses/5-111sc-principles-of-chemical-science-fall-2014/pages/unit-ii-chemical-bonding-structure/lecture-12/
[follow] https://ocw.mit.edu/courses/5-111sc-principles-of-chemical-science-fall-2014/pages/unit-ii-chemical-bonding-structure/lecture-13/
[follow] https://ocw.mit.edu/courses/5-111sc-principles-of-chemical-science-fall-2014/pages/unit-ii-chemical-bonding-structure/lecture-14/
[follow] https://ocw.mit.edu/courses/5-111sc-principles-of-chemical-science-fall-2014/pages/unit-iii-thermodynamics-chemical-equilibrium/lecture-15/
[follow] https://ocw.mit.edu/courses/5-111sc-principles-of-chemical-science-fall-2014/pages/unit-iii-thermodynamics-chemical-equilibrium/lecture-16/
[follow] https://ocw.mit.edu/courses/5-111sc-principles-of-chemical-science-fall-2014/pages/unit-iii-thermodynamics-chemical-equilibrium/lecture-17/
[follow] https://ocw.mit.edu/courses/5-111sc-principles-of-chemical-science-fall-2014/pages/unit-iii-thermodynamics-chemical-equilibrium/lecture-18/
[follow] https://ocw.mit.edu/courses/5-111sc-principles-of-chemical-science-fall-2014/pages/unit-iii-thermodynamics-chemical-equilibrium/lecture-19/
[follow] https://ocw.mit.edu/courses/5-111sc-principles-of-chemical-science-fall-2014/pages/unit-iii-thermodynamics-chemical-equilibrium/lecture-20-solubility-and-acid-base-equilibrium/
[follow] https://ocw.mit.edu/courses/5-111sc-principles-of-chemical-science-fall-2014/pages/unit-iii-thermodynamics-chemical-equilibrium/lecture-21/
[follow] https://ocw.mit.edu/courses/5-111sc-principles-of-chemical-science-fall-2014/pages/unit-iii-thermodynamics-chemical-equilibrium/lecture-22/
[follow] https://ocw.mit.edu/courses/5-111sc-principles-of-chemical-science-fall-2014/pages/unit-iii-thermodynamics-chemical-equilibrium/lecture-23/
[follow] https://ocw.mit.edu/courses/5-111sc-principles-of-chemical-science-fall-2014/pages/unit-iii-thermodynamics-chemical-equilibrium/lecture-24/
[follow] https://ocw.mit.edu/courses/5-111sc-principles-of-chemical-science-fall-2014/pages/unit-iv-transition-metals-oxidation-reduction-reactions/lecture-25/
[follow] https://ocw.mit.edu/courses/5-111sc-principles-of-chemical-science-fall-2014/pages/unit-iv-transition-metals-oxidation-reduction-reactions/lecture-26/
[follow] https://ocw.mit.edu/courses/5-111sc-principles-of-chemical-science-fall-2014/pages/unit-iv-transition-metals-oxidation-reduction-reactions/lecture-27/
[follow] https://ocw.mit.edu/courses/5-111sc-principles-of-chemical-science-fall-2014/pages/unit-iv-transition-metals-oxidation-reduction-reactions/lecture-28/
[follow] https://ocw.mit.edu/courses/5-111sc-principles-of-chemical-science-fall-2014/pages/unit-iv-transition-metals-oxidation-reduction-reactions/lecture-29/
[follow] https://ocw.mit.edu/courses/5-111sc-principles-of-chemical-science-fall-2014/pages/unit-v-chemical-kinetics/lecture-30/
[follow] https://ocw.mit.edu/courses/5-111sc-principles-of-chemical-science-fall-2014/pages/unit-v-chemical-kinetics/lecture-31/
[follow] https://ocw.mit.edu/courses/5-111sc-principles-of-chemical-science-fall-2014/pages/unit-v-chemical-kinetics/lecture-32/
[follow] https://ocw.mit.edu/courses/5-111sc-principles-of-chemical-science-fall-2014/pages/unit-v-chemical-kinetics/lecture-33/
[follow] https://ocw.mit.edu/courses/5-111sc-principles-of-chemical-science-fall-2014/pages/unit-v-chemical-kinetics/lecture-34/
[follow] https://ocw.mit.edu/courses/5-111sc-principles-of-chemical-science-fall-2014/pages/unit-v-chemical-kinetics/lecture-35/
[extract] 0 slide link(s) after following
No slide decks (PDF/PPT/PPTX) found on this page.
