Unique instructors: 834 | already cached: 0 | to check now: 834
  [1/834] ON RMP  Kevin Wayne                    -> Kevin Wayne @ Princeton University (rating=5, n=4, strong)
  [2/834] ON RMP  Robert Sedgewick               -> Robert Sedgewick @ Princeton University (rating=5, n=3, strong)
  [3/834] diff?   Sean Welleck                   -> name match at New York University (expected Carnegie Mellon University)
  [6/834] ON RMP  Graham C. Evans                -> Graham Evans @ University Of Illinois at Urbana - Champaign (rating=2.5, n=52, strong)
  [9/834] ON RMP  Lillian Lee                    -> Lillian Lee @ Cornell University (rating=3, n=30, strong)
  [10/834] ON RMP  Curran Muhlberger              -> Curran Muhlberger @ Cornell University (rating=2.8, n=53, strong)
  [11/834] ON RMP  Charles Van Loan               -> Charles Van Loan @ Cornell University (rating=3.1, n=27, strong)
  [14/834] ON RMP  Kilian Q. Weinberger           -> Kilian Weinberger @ Cornell University (rating=3.7, n=53, strong)
  [17/834] diff?   Éva Tardos                     -> name match at Cornell University (expected Princeton University)
  [18/834] diff?   Jon Kleinberg                  -> name match at Cornell University (expected Princeton University)
  [19/834] ON RMP  Eric Roberts                   -> Eric Roberts @ Stanford University (rating=4.4, n=22, strong)
  [21/834] ON RMP  Amir-massoud Farahmand         -> Amir-massoud Farahmand @ University of Toronto - St. George Campus (rating=3.3, n=6, strong)
  [22/834] ON RMP  Roger Grosse                   -> Roger Grosse @ University of Toronto - St. George Campus (rating=1.9, n=18, strong)
  [23/834] ON RMP  Keith Winstein                 -> Keith Winstein @ Stanford University (rating=3.4, n=5, strong)
  [26/834] ON RMP  Ren Ng                         -> Ren Ng @ University of California Berkeley (rating=5, n=4, strong)
  [28/834] diff?   Fei-Fei Li                     -> name match at George Mason University (expected Stanford University)
  [32/834] ON RMP  John DeNero                    -> John DeNero @ University of California Berkeley (rating=4.3, n=280, strong)
  [36/834] ON RMP  Pavlos Protopapas              -> Pavlos Protopapas @ Harvard University (rating=3.8, n=24, strong)
  [37/834] ON RMP  Diana Diaz                     -> Diana Diaz @ University of Illinois Chicago (rating=2.5, n=46, strong)
  [38/834] ON RMP  Sergey Levine                  -> Sergey Levine @ University of California Berkeley (rating=3.8, n=4, strong)
  [39/834] ON RMP  Jure Leskovec                  -> Jure Leskovec @ Stanford University (rating=4.7, n=3, strong)
  [42/834] ON RMP  Eric Schost                    -> Eric Schost @ University of Waterloo (rating=5, n=1, strong)
  [44/834] diff?   Armin Jamshidpey               -> name match at Western University (expected University of Waterloo)
  [46/834] ON RMP  Emmanuel Agu                   -> Emmanuel Agu @ Worcester Polytechnic Institute (rating=3.8, n=20, strong)
  [47/834] ON RMP  Alex Aiken                     -> Alex Aiken @ Stanford University (rating=1.8, n=3, strong)
  [48/834] diff?   Cynthia Bailey                 -> name match at Bowling Green State University: Firelands College (expected Stanford University)
  [50/834] ON RMP  Jerry Cain                     -> Jerry Cain @ Stanford University (rating=4.6, n=55, strong)
  [51/834] ON RMP  John Ousterhout                -> John Ousterhout @ Stanford University (rating=5, n=2, strong)
  [52/834] ON RMP  Fredrik Kjolstad               -> Fredrik Kjolstad @ Stanford University (rating=0, n=0, strong)
  [53/834] ON RMP  Keith Schwarz                  -> Keith Schwarz @ Stanford University (rating=4.4, n=26, strong)
  [56/834] ON RMP  Emma Brunskill                 -> Emma Brunskill @ Stanford University (rating=1.6, n=5, strong)
  [58/834] diff?   George Haller                  -> name match at McGill University (expected Massachusetts Institute of Technology)
  [60/834] ON RMP  George Barbastathis            -> George Barbastathis @ Massachusetts Institute of Technology (rating=2.5, n=4, strong)
  [74/834] diff?   Gabriel Kreiman                -> name match at Harvard University (expected Massachusetts Institute of Technology)
  [81/834] ON RMP  Sally Haslanger                -> Sally Haslanger @ Massachusetts Institute of Technology (rating=5, n=1, strong)
  [83/834] diff?   Kevin Richardson               -> name match at Northwestern State University of Louisiana - Natchitoches (expected Massachusetts Institute of Technology)
  [87/834] diff?   Thomas Malone                  -> name match at Molloy University (expected Massachusetts Institute of Technology)
  [88/834] diff?   Libby Hsu                      -> name match at Bay State College (expected Massachusetts Institute of Technology)
  [91/834] diff?   Cynthia Rudin                  -> name match at Duke University (expected Massachusetts Institute of Technology)
  [101/834] diff?   Manuel Martinez-Sanchez        -> name match at Pasadena City College (expected Massachusetts Institute of Technology)
  [103/834] diff?   Michael Collins                -> name match at University of Toronto - St. George Campus (expected Massachusetts Institute of Technology)
  [104/834] ON RMP  Regina Barzilay                -> Regina Barzilay @ Massachusetts Institute of Technology (rating=1, n=3, strong)
  [108/834] ON RMP  Hae-Seung Lee                  -> Hae-Seung Lee @ Massachusetts Institute of Technology (rating=4, n=1, strong)
  [113/834] diff?   William Mitchell               -> name match at Ramapo College of New Jersey (expected Massachusetts Institute of Technology)
  [114/834] ON RMP  Peter Mueller                  -> Peter Mueller @ Massachusetts Institute of Technology (rating=4.5, n=1, strong)
  [120/834] diff?   William Martin                 -> name match at Binghamton University (SUNY) (expected Massachusetts Institute of Technology)
  [121/834] diff?   Dmitry Panchenko               -> name match at University of Toronto - St. George Campus (expected Massachusetts Institute of Technology)
  [124/834] ON RMP  Paul Osterman                  -> Paul Osterman @ Massachusetts Institute of Technology (rating=0, n=0, strong)
  [125/834] diff?   Edward Gibson                  -> name match at Northwestern University (expected Massachusetts Institute of Technology)
  [127/834] ON RMP  Timothy Swager                 -> Timothy Swager @ Massachusetts Institute of Technology (rating=3.1, n=7, strong)
  [128/834] ON RMP  Mehran Kardar                  -> Mehran Kardar @ Massachusetts Institute of Technology (rating=4, n=2, strong)
  [130/834] ON RMP  Paul Schechter                 -> Paul Schechter @ Massachusetts Institute of Technology (rating=2.9, n=7, strong)
  [132/834] ON RMP  Christopher Cummins            -> Christopher Cummins @ Massachusetts Institute of Technology (rating=3, n=14, strong)
  [134/834] diff?   Jacob White                    -> name match at Texas A&M University at College Station (expected Massachusetts Institute of Technology)
  [138/834] diff?   David Gifford                  -> name match at University of Victoria (expected Massachusetts Institute of Technology)
  [140/834] ON RMP  Tommi Jaakkola                 -> Tommi Jaakkola @ Massachusetts Institute of Technology (rating=0, n=0, strong)
  [142/834] diff?   Thomas Herring                 -> name match at Western Nevada College (expected Massachusetts Institute of Technology)
  [143/834] ON RMP  Keith A. Nelson                -> Keith Nelson @ Massachusetts Institute of Technology (rating=2, n=5, strong)
  [144/834] ON RMP  Moungi Bawendi                 -> Moungi Bawendi @ Massachusetts Institute of Technology (rating=4, n=7, strong)
  [146/834] diff?   Sang-Gook Kim                  -> name match at University of California Santa Cruz (expected Massachusetts Institute of Technology)
  [147/834] ON RMP  Markus Buehler                 -> Markus Buehler @ Massachusetts Institute of Technology (rating=0, n=0, strong)
  [148/834] ON RMP  Roger D. Kamm                  -> Roger Kamm @ Massachusetts Institute of Technology (rating=1.8, n=2, strong)
  [149/834] diff?   Patrick Doyle                  -> name match at Brigham Young University (expected Massachusetts Institute of Technology)
  [150/834] ON RMP  Thomas Eagar                   -> Thomas Eagar @ Massachusetts Institute of Technology (rating=0, n=0, strong)
  [152/834] ON RMP  Anjali Sastry                  -> Anjali Sastry @ Massachusetts Institute of Technology (rating=0, n=0, strong)
  [154/834] diff?   David Cory                     -> name match at Seattle University (expected Massachusetts Institute of Technology)
  [156/834] diff?   Dennis McLaughlin              -> name match at Penn State University (expected Massachusetts Institute of Technology)
  [159/834] diff?   Dimitri Bertsekas              -> name match at Arizona State University (expected Massachusetts Institute of Technology)
  [163/834] ON RMP  Barbara Imperiali              -> Barbara Imperiali @ Massachusetts Institute of Technology (rating=0, n=0, strong)
  [165/834] ON RMP  Troy Van Voorhis               -> Troy Van Voorhis @ Massachusetts Institute of Technology (rating=5, n=1, strong)
  [167/834] diff?   Dave Donaldson                 -> name match at Wayne State University (expected Massachusetts Institute of Technology)
  [168/834] ON RMP  Michael Short                  -> Michael Short @ Massachusetts Institute of Technology (rating=5, n=1, strong)
  [170/834] diff?   Daniel Spielman                -> name match at University of Wisconsin - Green Bay (expected Massachusetts Institute of Technology)
  [171/834] ON RMP  Brian Subirana                 -> Brian Subirana @ Massachusetts Institute of Technology (rating=3.3, n=3, strong)
  [172/834] diff?   John Williams                  -> name match at Loyola University Chicago (expected Massachusetts Institute of Technology)
  [175/834] diff?   Diane Burton                   -> name match at Cornell University (expected Massachusetts Institute of Technology)
  [181/834] ON RMP  Ian Condry                     -> Ian Condry @ Massachusetts Institute of Technology (rating=0, n=0, strong)
  [183/834] diff?   J. Evans                       -> name match at Sinclair Community College (expected Massachusetts Institute of Technology)
  [188/834] diff?   Karen Pepper                   -> name match at Massachusetts College of Liberal Arts (expected Massachusetts Institute of Technology)
  [193/834] ON RMP  David Pesetsky                 -> David Pesetsky @ Massachusetts Institute of Technology (rating=4, n=1, strong)
  [195/834] diff?   Amy J. Smith                   -> name match at Hillsborough Community College (all campuses) (expected Massachusetts Institute of Technology)
  [198/834] diff?   Caroline Beimford              -> name match at University of Arkansas (expected Massachusetts Institute of Technology)
  [203/834] diff?   Philippe Rigollet              -> name match at Georgia Institute of Technology (expected Massachusetts Institute of Technology)
  [207/834] diff?   John Forester                  -> name match at Cornell University (expected Massachusetts Institute of Technology)
  [212/834] diff?   Evan Sadler                    -> name match at Columbia University (expected Massachusetts Institute of Technology)
  [214/834] diff?   Marta C. Gonzalez              -> name match at Gonzaga University (expected Massachusetts Institute of Technology)
  [216/834] ON RMP  Joseph Sussman                 -> Joseph Sussman @ Massachusetts Institute of Technology (rating=3, n=3, strong)
  [218/834] diff?   Edward DeLong                  -> name match at University of Hawaii at Manoa (expected Massachusetts Institute of Technology)
  [223/834] diff?   Nathaniel Osgood               -> name match at University of Saskatchewan (expected Massachusetts Institute of Technology)
  [224/834] ON RMP  Oral Buyukozturk               -> Oral Buyukozturk @ Massachusetts Institute of Technology (rating=3.5, n=3, strong)
  [226/834] diff?   Eric Adams                     -> name match at Indiana University-Purdue University Indianapolis (expected Massachusetts Institute of Technology)
  [230/834] diff?   Richard C. Larson              -> name match at San Jose State University (expected Massachusetts Institute of Technology)
  [240/834] ON RMP  Andrew Whittle                 -> Andrew Whittle @ Massachusetts Institute of Technology (rating=3.5, n=5, strong)
  [241/834] diff?   Peter Shanahan                 -> name match at Radford University (expected Massachusetts Institute of Technology)
  [247/834] diff?   Charles Harvey                 -> name match at University of Central Arkansas (expected Massachusetts Institute of Technology)
  [252/834] diff?   Daniel Sheehan                 -> name match at University of San Diego (expected Massachusetts Institute of Technology)
  [253/834] ON RMP  John Ochsendorf                -> John Ochsendorf @ Massachusetts Institute of Technology (rating=5, n=2, strong)
  [255/834] diff?   Joseph Smith                   -> name match at Michigan State University (expected Massachusetts Institute of Technology)
  [256/834] diff?   Carol Livermore                -> name match at Northeastern University (expected Massachusetts Institute of Technology)
  [259/834] ON RMP  Simona Socrate                 -> Simona Socrate @ Massachusetts Institute of Technology (rating=4.1, n=13, strong)
  [260/834] diff?   David Parks                    -> name match at The University of Texas at Dallas (expected Massachusetts Institute of Technology)
  [261/834] ON RMP  Lallit Anand                   -> Lallit Anand @ Massachusetts Institute of Technology (rating=5, n=1, strong)
  [263/834] diff?   Thomas Peacock                 -> name match at Georgia Highlands College (expected Massachusetts Institute of Technology)
  [267/834] ON RMP  Franz Hover                    -> Franz Hover @ Massachusetts Institute of Technology (rating=3.5, n=4, strong)
  [268/834] diff?   Daniel Frey                    -> name match at Arizona State University (expected Massachusetts Institute of Technology)
  [270/834] diff?   Josh Ramos                     -> name match at California Polytechnic State San Luis Obispo (expected Massachusetts Institute of Technology)
  [271/834] diff?   David Wallace                  -> name match at University of Central Florida (expected Massachusetts Institute of Technology)
  [276/834] diff?   David Battle                   -> name match at Grand Canyon University (expected Massachusetts Institute of Technology)
  [279/834] diff?   David Burke                    -> name match at Auburn University (expected Massachusetts Institute of Technology)
  [280/834] diff?   John Leonard                   -> name match at J. Sargeant Reynolds Community College (expected Massachusetts Institute of Technology)
  [294/834] diff?   Gang Chen                      -> name match at University of Central Florida (expected Massachusetts Institute of Technology)
  [295/834] ON RMP  Ahmed F. Ghoniem               -> Ahmed Ghoniem @ Massachusetts Institute of Technology (rating=0, n=0, strong)
  [301/834] diff?   Benita Comeau                  -> name match at Suffolk University (expected Massachusetts Institute of Technology)
  [302/834] diff?   Daniel C Herrick               -> name match at San Antonio College (expected Massachusetts Institute of Technology)
  [303/834] diff?   James Lynch                    -> name match at Brooklyn College (expected Massachusetts Institute of Technology)
  [305/834] diff?   Colin Sheppard                 -> name match at Cuyahoga Community College (all campuses) (expected Massachusetts Institute of Technology)
  [314/834] diff?   Daniel E. Whitney              -> name match at Onondaga Community College (expected Massachusetts Institute of Technology)
  [319/834] diff?   Hongshen Ma                    -> name match at University of British Columbia (expected Massachusetts Institute of Technology)
  [323/834] ON RMP  Darrell Irvine                 -> Darrell Irvine @ Massachusetts Institute of Technology (rating=0, n=0, strong)
  [326/834] diff?   Jeffrey Grossman               -> name match at University of Virginia (expected Massachusetts Institute of Technology)
  [327/834] ON RMP  Polina Anikeeva                -> Polina Anikeeva @ Massachusetts Institute of Technology (rating=0, n=0, strong)
  [329/834] diff?   Niels Holten-Andersen          -> name match at University of Washington (expected Massachusetts Institute of Technology)
  [331/834] ON RMP  Krystyn van Vliet              -> Krystyn Van Vliet @ Massachusetts Institute of Technology (rating=0, n=0, strong)
  [333/834] diff?   Christine Ortiz                -> name match at San Jacinto College - North (expected Massachusetts Institute of Technology)
  [334/834] diff?   Lorna Gibson                   -> name match at Forsyth Technical Community College (expected Massachusetts Institute of Technology)
  [335/834] diff?   Edwin Thomas                   -> name match at Texas A&M University at College Station (expected Massachusetts Institute of Technology)
  [339/834] ON RMP  Donald Sadoway                 -> Donald Sadoway @ Massachusetts Institute of Technology (rating=4, n=43, strong)
  [340/834] diff?   Caroline Ross                  -> name match at Langara College (expected Massachusetts Institute of Technology)
  [341/834] diff?   Adam Powell                    -> name match at Worcester Polytechnic Institute (expected Massachusetts Institute of Technology)
  [342/834] diff?   Samuel Allen                   -> name match at Virginia Military Institute (expected Massachusetts Institute of Technology)
  [343/834] diff?   Kenneth Russell                -> name match at Palo Alto College (expected Massachusetts Institute of Technology)
  [345/834] diff?   David Paul                     -> name match at University of Arkansas (expected Massachusetts Institute of Technology)
  [351/834] diff?   J. Phillip Thompson            -> name match at Kirtland Community College - Roscommon (expected Massachusetts Institute of Technology)
  [352/834] diff?   John Fernandez                 -> name match at San Antonio College (expected Massachusetts Institute of Technology)
  [353/834] diff?   William Hubbard                -> name match at University of Baltimore (expected Massachusetts Institute of Technology)
  [354/834] diff?   Brandon Clifford               -> name match at Brigham Young University (expected Massachusetts Institute of Technology)
  [357/834] diff?   Terry Knight                   -> name match at Bradley University (expected Massachusetts Institute of Technology)
  [358/834] diff?   Angela Watson                  -> name match at Oral Roberts University (expected Massachusetts Institute of Technology)
  [361/834] diff?   Daniel Greenwood               -> name match at Hofstra University School of Law (expected Massachusetts Institute of Technology)
  [362/834] diff?   William Porter                 -> name match at University of Memphis (expected Massachusetts Institute of Technology)
  [367/834] ON RMP  Erik Demaine                   -> Erik Demaine @ Massachusetts Institute of Technology (rating=3.6, n=4, strong)
  [371/834] diff?   Barbara Cutler                 -> name match at Rensselaer Polytechnic Institute (expected Massachusetts Institute of Technology)
  [373/834] ON RMP  Caroline Jones                 -> Caroline Jones @ Massachusetts Institute of Technology (rating=5, n=1, strong)
  [382/834] ON RMP  Kimberly Berkowski             -> Kimberly Berkowski @ Massachusetts Institute of Technology (rating=4, n=11, strong)
  [384/834] ON RMP  Keith Nelson                   -> Keith Nelson @ Massachusetts Institute of Technology (rating=2, n=5, strong)
  [387/834] diff?   Robert Field                   -> name match at Farmingdale State College (expected Massachusetts Institute of Technology)
  [392/834] ON RMP  John Guttag                    -> John Guttag @ Massachusetts Institute of Technology (rating=5, n=3, strong)
  [393/834] ON RMP  Peter Szolovits                -> Peter Szolovits @ Massachusetts Institute of Technology (rating=4.2, n=5, strong)
  [394/834] diff?   Trevor Darrell                 -> name match at University of California Berkeley (expected Massachusetts Institute of Technology)
  [398/834] ON RMP  Daniel Jackson                 -> Daniel Jackson @ Massachusetts Institute of Technology (rating=4.2, n=6, strong)
  [399/834] diff?   Robert Miller                  -> name match at Florida International University (expected Massachusetts Institute of Technology)
  [401/834] diff?   Justin Solomon                 -> name match at Prescott College (expected Massachusetts Institute of Technology)
  [402/834] ON RMP  Srini Devadas                  -> Srini Devadas @ Massachusetts Institute of Technology (rating=5, n=2, strong)
  [404/834] ON RMP  Ronald Rivest                  -> Ronald Rivest @ Massachusetts Institute of Technology (rating=4.8, n=2, strong)
  [405/834] ON RMP  Steven Leeb                    -> Steven Leeb @ Massachusetts Institute of Technology (rating=5, n=20, strong)
  [407/834] diff?   Jeffrey H. Lang                -> name match at University of Kansas (expected Massachusetts Institute of Technology)
  [408/834] diff?   Yu Gu                          -> name match at University of Delaware (expected Massachusetts Institute of Technology)
  [409/834] diff?   Jing Kong                      -> name match at Middle Tennessee State University (expected Massachusetts Institute of Technology)
  [410/834] ON RMP  Charles Sodini                 -> Charles Sodini @ Massachusetts Institute of Technology (rating=2, n=6, strong)
  [419/834] ON RMP  Hari Balakrishnan              -> Hari Balakrishnan @ Massachusetts Institute of Technology (rating=0, n=0, strong)
  [424/834] ON RMP  Albert R. Meyer                -> Albert Meyer @ Massachusetts Institute of Technology (rating=3.3, n=8, strong)
  [427/834] diff?   Scott Aaronson                 -> name match at University of Texas at Austin (expected Massachusetts Institute of Technology)
  [428/834] diff?   Nancy Lynch                    -> name match at West Virginia University (expected Massachusetts Institute of Technology)
  [429/834] ON RMP  Charles Leiserson              -> Charles Leiserson @ Massachusetts Institute of Technology (rating=5, n=2, strong)
  [430/834] diff?   Dana Moshkovitz                -> name match at University of Texas at Austin (expected Massachusetts Institute of Technology)
  [431/834] ON RMP  Bruce Tidor                    -> Bruce Tidor @ Massachusetts Institute of Technology (rating=0, n=0, strong)
  [432/834] diff?   Ian Hutchinson                 -> name match at Simon Fraser University (expected Massachusetts Institute of Technology)
  [434/834] diff?   Stephen Boyd                   -> name match at University of Texas at San Antonio (expected Massachusetts Institute of Technology)
  [435/834] ON RMP  Pablo Parrilo                  -> Pablo Parrilo @ Massachusetts Institute of Technology (rating=4, n=6, strong)
  [436/834] diff?   Daniel Weller                  -> name match at University of Michigan (expected Massachusetts Institute of Technology)
  [439/834] diff?   Jean Yang                      -> name match at SUNY College of Environmental Science and Forestry (expected Massachusetts Institute of Technology)
  [442/834] diff?   Evan Jones                     -> name match at Utah Valley University (expected Massachusetts Institute of Technology)
  [443/834] diff?   Adam Marcus                    -> name match at Tulane University (expected Massachusetts Institute of Technology)
  [446/834] ON RMP  Manolis Kellis                 -> Manolis Kellis @ Massachusetts Institute of Technology (rating=0, n=0, strong)
  [462/834] diff?   Martin Schmidt                 -> name match at College of William and Mary (expected Massachusetts Institute of Technology)
  [466/834] ON RMP  Robert Morris                  -> Robert Morris @ Massachusetts Institute of Technology (rating=3.5, n=4, strong)
  [473/834] ON RMP  Dimitris Bertsimas             -> Dimitris Bertsimas @ Massachusetts Institute of Technology (rating=1, n=1, strong)
  [474/834] ON RMP  Asuman Ozdaglar                -> Asuman Ozdaglar @ Massachusetts Institute of Technology (rating=2, n=5, strong)
  [475/834] ON RMP  Eytan Modiano                  -> Eytan Modiano @ Massachusetts Institute of Technology (rating=0, n=0, strong)
  [477/834] ON RMP  David Perreault                -> David Perreault @ Massachusetts Institute of Technology (rating=5, n=1, strong)
  [478/834] diff?   James Glass                    -> name match at University of Maryland (expected Massachusetts Institute of Technology)
  [480/834] ON RMP  Yury Polyanskiy                -> Yury Polyanskiy @ Massachusetts Institute of Technology (rating=5, n=1, strong)
  [481/834] ON RMP  Devavrat Shah                  -> Devavrat Shah @ Massachusetts Institute of Technology (rating=3, n=1, strong)
  [482/834] ON RMP  Muriel Médard                  -> Muriel Medard @ Massachusetts Institute of Technology (rating=3.1, n=8, strong)
  [483/834] ON RMP  Lizhong Zheng                  -> Lizhong Zheng @ Massachusetts Institute of Technology (rating=0, n=0, strong)
  [489/834] diff?   Michael M.J. Fischer           -> name match at Tidewater Community College (expected Massachusetts Institute of Technology)
  [490/834] ON RMP  Kenneth Stevens                -> Kenneth Stevens @ Massachusetts Institute of Technology (rating=3.8, n=2, strong)
  [495/834] diff?   Tim Kraska                     -> name match at Brown University (expected Massachusetts Institute of Technology)
  [499/834] ON RMP  Joel Voldman                   -> Joel Voldman @ Massachusetts Institute of Technology (rating=3.3, n=3, strong)
  [506/834] ON RMP  Armando Solar-Lezama           -> Armando Solar-Lezama @ Massachusetts Institute of Technology (rating=0, n=0, strong)
  [508/834] diff?   Krste Asanovic                 -> name match at University of California Berkeley (expected Massachusetts Institute of Technology)
  [518/834] ON RMP  Nickolai Zeldovich             -> Nickolai Zeldovich @ Massachusetts Institute of Technology (rating=0, n=0, strong)
  [520/834] diff?   Rohit Singh                    -> name match at University of North Carolina at Greensboro (expected Massachusetts Institute of Technology)
  [521/834] diff?   Ali Mohammad                   -> name match at Macomb Community College (all campuses) (expected Massachusetts Institute of Technology)
  [522/834] diff?   Randall Davis                  -> name match at Jacksonville State University (expected Massachusetts Institute of Technology)
  [523/834] ON RMP  Silvio Micali                  -> Silvio Micali @ Massachusetts Institute of Technology (rating=5, n=1, strong)
  [527/834] diff?   Hsu Wen Jing                   -> name match at Collin College (Central Park) (expected Massachusetts Institute of Technology)
  [528/834] diff?   Michael Bender                 -> name match at Stony Brook University (SUNY) (expected Massachusetts Institute of Technology)
  [531/834] diff?   Nanette Veilleux               -> name match at Simmons University (expected Massachusetts Institute of Technology)
  [533/834] diff?   Alejna Brugos                  -> name match at Northeastern University (expected Massachusetts Institute of Technology)
  [534/834] diff?   Vladimir Stojanovic            -> name match at University of California Berkeley (expected Massachusetts Institute of Technology)
  [537/834] diff?   Catherine D'Ignazio            -> name match at Rutgers - State University of New Jersey (expected Massachusetts Institute of Technology)
  [538/834] diff?   Crystal Lee                    -> name match at Laney College (expected Massachusetts Institute of Technology)
  [540/834] diff?   Kate Moore                     -> name match at California State University Chico (expected Massachusetts Institute of Technology)
  [544/834] diff?   Kyle Murray                    -> name match at Tennessee State University (expected Massachusetts Institute of Technology)
  [545/834] diff?   Frank Li                       -> name match at University of South Carolina Upstate (expected Massachusetts Institute of Technology)
  [546/834] diff?   Andre Kessler                  -> name match at Cornell University (expected Massachusetts Institute of Technology)
  [547/834] ON RMP  David Sontag                   -> David Sontag @ Massachusetts Institute of Technology (rating=0, n=0, strong)
  [548/834] ON RMP  Claudette Gardel               -> Claudette Gardel @ Massachusetts Institute of Technology (rating=3.5, n=5, strong)
  [549/834] ON RMP  Eric Lander                    -> Eric Lander @ Massachusetts Institute of Technology (rating=4.7, n=32, strong)
  [550/834] diff?   Robert Weinberg                -> name match at Frederick Community College (expected Massachusetts Institute of Technology)
  [552/834] ON RMP  Graham Walker                  -> Graham Walker @ Massachusetts Institute of Technology (rating=4.8, n=9, strong)
  [553/834] diff?   Julia Khodor                   -> name match at Bridgewater State University (expected Massachusetts Institute of Technology)
  [555/834] ON RMP  Tyler Jacks                    -> Tyler Jacks @ Massachusetts Institute of Technology (rating=4.7, n=3, strong)
  [556/834] ON RMP  Hazel Sive                     -> Hazel Sive @ Massachusetts Institute of Technology (rating=4.8, n=5, strong)
  [559/834] diff?   Neal Lerner                    -> name match at New York Conservatory for Dramatic Arts (expected Massachusetts Institute of Technology)
  [562/834] ON RMP  Leona Samson                   -> Leona Samson @ Massachusetts Institute of Technology (rating=0, n=0, strong)
  [566/834] diff?   Gabriella Sciolla              -> name match at Brandeis University (expected Massachusetts Institute of Technology)
  [568/834] ON RMP  Eric Hudson                    -> Eric Hudson @ Massachusetts Institute of Technology (rating=4.8, n=15, strong)
  [569/834] ON RMP  John Belcher                   -> John Belcher @ Massachusetts Institute of Technology (rating=3.2, n=12, strong)
  [571/834] diff?   Michael Feld                   -> name match at University of Manitoba (expected Massachusetts Institute of Technology)
  [572/834] ON RMP  Peter Dourmashkin              -> Peter Dourmashkin @ Massachusetts Institute of Technology (rating=4.5, n=32, strong)
  [574/834] ON RMP  Max Tegmark                    -> Max Tegmark @ Massachusetts Institute of Technology (rating=4.6, n=10, strong)
  [575/834] diff?   Scott Hughes                   -> name match at Fresno City College (expected Massachusetts Institute of Technology)
  [576/834] ON RMP  Yen-Jie Lee                    -> Yen-Jie Lee @ Massachusetts Institute of Technology (rating=4.5, n=2, strong)
  [577/834] ON RMP  Barton Zwiebach                -> Barton Zwiebach @ Massachusetts Institute of Technology (rating=5, n=13, strong)
  [578/834] diff?   Allan Adams                    -> name match at Northwest Vista College (expected Massachusetts Institute of Technology)
  [579/834] diff?   Matthew Evans                  -> name match at University of Wisconsin - Eau Claire (expected Massachusetts Institute of Technology)
  [582/834] ON RMP  Alan Guth                      -> Alan Guth @ Massachusetts Institute of Technology (rating=4.2, n=6, strong)
  [583/834] ON RMP  Min Chen                       -> Min Chen @ Massachusetts Institute of Technology (rating=3, n=2, strong)
  [584/834] ON RMP  Xiao-Gang Wen                  -> Xiao-Gang Wen @ Massachusetts Institute of Technology (rating=2.8, n=2, strong)
  [585/834] diff?   Iain Stewart                   -> name match at University of British Columbia (expected Massachusetts Institute of Technology)
  [586/834] ON RMP  Robert Jaffe                   -> Robert Jaffe @ Massachusetts Institute of Technology (rating=5, n=6, strong)
  [590/834] ON RMP  Hong Liu                       -> Hong Liu @ Massachusetts Institute of Technology (rating=4.9, n=5, strong)
  [592/834] diff?   Patrick Lee                    -> name match at University of Texas at San Antonio (expected Massachusetts Institute of Technology)
  [595/834] diff?   John McGreevy                  -> name match at University of Notre Dame (expected Massachusetts Institute of Technology)
  [599/834] ON RMP  Jeremy Wolfe                   -> Jeremy Wolfe @ Massachusetts Institute of Technology (rating=4.3, n=12, strong)
  [601/834] diff?   Matt Wilson                    -> name match at Point Loma Nazarene University (expected Massachusetts Institute of Technology)
  [604/834] diff?   M. Christian Brown             -> name match at University of California Santa Cruz (expected Massachusetts Institute of Technology)
  [607/834] ON RMP  Edward Boyden                  -> Edward Boyden @ Massachusetts Institute of Technology (rating=0, n=0, strong)
  [608/834] ON RMP  Nancy Kanwisher                -> nancy kanwisher @ Massachusetts Institute of Technology (rating=0, n=0, strong)
  [610/834] ON RMP  Gerald E. Schneider            -> Gerald Schneider @ Massachusetts Institute of Technology (rating=4, n=2, strong)
  [614/834] ON RMP  Michale Fee                    -> Michale Fee @ Massachusetts Institute of Technology (rating=0, n=0, strong)
  [617/834] diff?   Sayan Mukherjee                -> name match at Duke University (expected Massachusetts Institute of Technology)
  [621/834] diff?   Laura Schulz                   -> name match at University of Wisconsin- Parkside (expected Massachusetts Institute of Technology)
  [626/834] diff?   Li-Huei Tsai                   -> name match at University of Utah (expected Massachusetts Institute of Technology)
  [627/834] diff?   Matthew Wilson                 -> name match at University of Tampa (expected Massachusetts Institute of Technology)
  [630/834] diff?   William Green                  -> name match at Salt Lake Community College (expected Massachusetts Institute of Technology)
  [633/834] ON RMP  Charles Cooney                 -> Charles Cooney @ Massachusetts Institute of Technology (rating=0, n=0, strong)
  [634/834] diff?   Barry S. Johnston              -> name match at Indiana University Northwest (expected Massachusetts Institute of Technology)
  [639/834] ON RMP  Martin Bazant                  -> Martin Bazant @ Massachusetts Institute of Technology (rating=0, n=0, strong)
  [642/834] diff?   Frank Levy                     -> name match at Rider University (expected Massachusetts Institute of Technology)
  [645/834] diff?   Annette M. Kim                 -> name match at University of Southern California (expected Massachusetts Institute of Technology)
  [647/834] diff?   Diane Davis                    -> name match at Johnson County Community College (expected Massachusetts Institute of Technology)
  [662/834] diff?   Jeffrey Levine                 -> name match at University of Louisville (expected Massachusetts Institute of Technology)
  [663/834] diff?   Jennifer Davis                 -> name match at Campbell University (expected Massachusetts Institute of Technology)
  [669/834] diff?   Herman Karl                    -> name match at Lewis & Clark Community College (expected Massachusetts Institute of Technology)
  [675/834] diff?   Max Page                       -> name match at University of Massachusetts - Amherst (expected Massachusetts Institute of Technology)
  [679/834] diff?   David Mattson                  -> name match at Bellevue College (expected Massachusetts Institute of Technology)
  [684/834] ON RMP  Jinhua Zhao                    -> Jinhua Zhao @ Massachusetts Institute of Technology (rating=0, n=0, strong)
  [685/834] ON RMP  Taylor Perron                  -> Taylor Perron @ Massachusetts Institute of Technology (rating=0, n=0, strong)
  [687/834] diff?   Benjamin Weiss                 -> name match at Occidental College (expected Massachusetts Institute of Technology)
  [694/834] diff?   Chris Hill                     -> name match at University of Tennessee at Martin (expected Massachusetts Institute of Technology)
  [695/834] diff?   Sheri White                    -> name match at Pitt Community College (expected Massachusetts Institute of Technology)
  [699/834] diff?   Timothy Grove                  -> name match at Purdue University - Fort Wayne (expected Massachusetts Institute of Technology)
  [700/834] diff?   John Southard                  -> name match at Georgia State University (expected Massachusetts Institute of Technology)
  [701/834] diff?   David Mohrig                   -> name match at University of Texas at Austin (expected Massachusetts Institute of Technology)
  [706/834] diff?   Edward Boyle                   -> name match at California State University Fresno (expected Massachusetts Institute of Technology)
  [709/834] diff?   Julio Sepulveda                -> name match at University of Colorado - Boulder (expected Massachusetts Institute of Technology)
  [711/834] diff?   Ben Crosby                     -> name match at Brigham Young University (expected Massachusetts Institute of Technology)
  [712/834] diff?   Kelin Whipple                  -> name match at Arizona State University (expected Massachusetts Institute of Technology)
  [715/834] ON RMP  Shuhei Ono                     -> Shuhei Ono @ Massachusetts Institute of Technology (rating=1, n=1, strong)
  [718/834] diff?   Daniel Cziczo                  -> name match at Purdue University - West Lafayette (expected Massachusetts Institute of Technology)
  [719/834] diff?   David McGee                    -> name match at Central Virginia Community College (expected Massachusetts Institute of Technology)
  [720/834] diff?   James Elliot                   -> name match at University of Minnesota Morris (expected Massachusetts Institute of Technology)
  [721/834] diff?   Alison Malcolm                 -> name match at Memorial University of Newfoundland (expected Massachusetts Institute of Technology)
  [722/834] diff?   Kevin Burke                    -> name match at University of Delaware (expected Massachusetts Institute of Technology)
  [723/834] diff?   Frederick Frey                 -> name match at County College of Morris (expected Massachusetts Institute of Technology)
  [724/834] diff?   Scott Burdick                  -> name match at Wayne State University (expected Massachusetts Institute of Technology)
  [725/834] diff?   Sang-Heon Shim                 -> name match at Arizona State University (expected Massachusetts Institute of Technology)
  [726/834] diff?   Jie Zhang                      -> name match at Buffalo State University (expected Massachusetts Institute of Technology)
  [728/834] diff?   Bill Jenkins                   -> name match at Arizona State University (expected Massachusetts Institute of Technology)
  [732/834] diff?   James Hansen                   -> name match at Weber State University (expected Massachusetts Institute of Technology)
  [737/834] diff?   Allison Wing                   -> name match at Florida State University (expected Massachusetts Institute of Technology)
  [738/834] diff?   Peter Stone                    -> name match at Creighton University (expected Massachusetts Institute of Technology)
  [741/834] diff?   John Marshall                  -> name match at Toronto Metropolitan University (expected Massachusetts Institute of Technology)
  [745/834] ON RMP  David Autor                    -> David Autor @ Massachusetts Institute of Technology (rating=4, n=12, strong)
  [747/834] diff?   Ian Ball                       -> name match at University of San Diego (expected Massachusetts Institute of Technology)
  [748/834] ON RMP  Muhamet Yildiz                 -> Muhamet Yildiz @ Massachusetts Institute of Technology (rating=3, n=1, strong)
  [751/834] ON RMP  Bengt Holmstrom                -> Bengt Holmstrom @ Massachusetts Institute of Technology (rating=0, n=0, strong)
  [752/834] diff?   Mihai Manea                    -> name match at Stony Brook University (SUNY) (expected Massachusetts Institute of Technology)
  [755/834] diff?   Sara Ellison                   -> name match at University of Victoria (expected Massachusetts Institute of Technology)
  [757/834] diff?   Konrad Menzel                  -> name match at New York University (expected Massachusetts Institute of Technology)
  [759/834] ON RMP  Esther Duflo                   -> Esther Duflo @ Massachusetts Institute of Technology (rating=4.3, n=6, strong)
  [762/834] ON RMP  Whitney Newey                  -> Whitney Newey @ Massachusetts Institute of Technology (rating=0, n=0, strong)
  [763/834] ON RMP  Joshua Angrist                 -> Joshua Angrist @ Massachusetts Institute of Technology (rating=0, n=0, strong)
  [764/834] diff?   Hunt Allcott                   -> name match at New York University (expected Massachusetts Institute of Technology)
  [766/834] ON RMP  Daron Acemoglu                 -> Daron Acemoglu @ Massachusetts Institute of Technology (rating=2.9, n=5, strong)
  [768/834] diff?   Gilles Saint-Paul              -> name match at University of North Carolina at Charlotte (expected Massachusetts Institute of Technology)
  [770/834] diff?   Peter Diamond                  -> name match at New York University (expected Massachusetts Institute of Technology)
  [771/834] diff?   Heidi L Williams               -> name match at Antelope Valley College (expected Massachusetts Institute of Technology)
  [772/834] ON RMP  Abhijit Banerjee               -> Abhijit Banerjee @ Massachusetts Institute of Technology (rating=4.8, n=2, strong)
  [776/834] diff?   Joseph Doyle                   -> name match at Bridgewater State University (expected Massachusetts Institute of Technology)
  [777/834] diff?   Michael Chapman                -> name match at Northeast Lakeview College (expected Massachusetts Institute of Technology)
  [780/834] diff?   Alberto Cavallo                -> name match at McGill University (expected Massachusetts Institute of Technology)
  [781/834] ON RMP  Simon Johnson                  -> Simon Johnson @ Massachusetts Institute of Technology (rating=5, n=1, strong)
  [783/834] diff?   Henry Jacoby                   -> name match at East Carolina University (expected Massachusetts Institute of Technology)
  [784/834] diff?   Mort Webster                   -> name match at Penn State University (expected Massachusetts Institute of Technology)
  [787/834] diff?   Daniel Richards                -> name match at Tufts University (expected Massachusetts Institute of Technology)
  [790/834] diff?   David McAdams                  -> name match at Tacoma Community College (expected Massachusetts Institute of Technology)
  [791/834] ON RMP  James Orlin                    -> James Orlin @ Massachusetts Institute of Technology (rating=4.7, n=3, strong)
  [793/834] diff?   John Vande Vate                -> name match at Georgia Institute of Technology (expected Massachusetts Institute of Technology)
  [794/834] diff?   Nitin Patel                    -> name match at Hillsborough Community College (all campuses) (expected Massachusetts Institute of Technology)
  [795/834] diff?   John Carroll                   -> name match at San Diego State University (expected Massachusetts Institute of Technology)
  [796/834] diff?   Stephen Graves                 -> name match at University of Texas at Tyler (expected Massachusetts Institute of Technology)
  [798/834] diff?   Gordon Kaufman                 -> name match at Harvard Divinity School (expected Massachusetts Institute of Technology)
  [800/834] diff?   Allison Chang                  -> name match at Palomar College (expected Massachusetts Institute of Technology)
  [803/834] diff?   Robert Freund                  -> name match at Nova Southeastern University (expected Massachusetts Institute of Technology)
  [804/834] diff?   Jie Sun                        -> name match at State College of Florida Manatee-Sarasota (expected Massachusetts Institute of Technology)
  [811/834] ON RMP  Yasheng Huang                  -> Yasheng Huang @ Massachusetts Institute of Technology (rating=5, n=1, strong)
  [813/834] diff?   Taekjip Ha                     -> name match at Johns Hopkins University (expected University of Illinois)
  [814/834] ON RMP  Sanjeev Arora                  -> Sanjeev Arora @ Princeton University (rating=2.5, n=4, strong)
  [815/834] ON RMP  Elad Hazan                     -> Elad Hazan @ Princeton University (rating=0, n=0, strong)
  [818/834] ON RMP  Piyush Rai                     -> Piyush Rai @ University of Utah (rating=4.7, n=3, strong)
  [820/834] ON RMP  Rebecca Richards-Kortum        -> Rebecca Richards-Kortum @ Rice University (rating=0, n=0, strong)
  [822/834] ON RMP  Tom Murphy                     -> Tom Murphy @ Western University (rating=3.1, n=48, strong)
  [825/834] ON RMP  Mehran Sahami                  -> Mehran Sahami @ Stanford University (rating=4.9, n=94, strong)
  [826/834] diff?   Diyi Yang                      -> name match at Georgia Institute of Technology (expected Stanford University)
  [827/834] diff?   Yejin Choi                     -> name match at Stony Brook University (SUNY) (expected Stanford University)
  [829/834] diff?   Karan Singh                    -> name match at Good Samaritan College of Nursing (expected Stanford University)
  [832/834] ON RMP  Ritwik Banerjee                -> Ritwik Banerjee @ Stony Brook University (SUNY) (rating=3, n=75, strong)
  [833/834] ON RMP  Anshul Gandhi                  -> Anshul Gandhi @ Stony Brook University (SUNY) (rating=4.1, n=10, strong)
  [834/834] ON RMP  H. Andrew Schwartz             -> H. Schwartz @ Stony Brook University (SUNY) (rating=2.3, n=14, strong)

================================================================
Checked this run : 834  (on RMP 139, name-collisions 194, errors 0)
Cache verdicts   : on_rmp=139  name_collision=194  review=83  not_found=418
On RMP (school-verified): 139 / 834
Results DB       : rmp_results.db
CSV (834 rows)   : rmp_results.csv
