-- STAGE 3 — RateMyProfessors matching -------------------------------------------------
courses to process: 61   (marked no_instructor: 61)

[  1/61] CEN4010      Florida International University   -> found (1 prof)
[  2/61] CGS1100      Florida Gulf Coast University      -> not_found (0 prof)
[  3/61] CIS15        Brooklyn College                   -> found (1 prof)
[  4/61] CIS200       Kansas State University            -> found (1 prof)
[  5/61] CIS335       Eastern Michigan University        -> not_found (0 prof)
[  6/61] CIS3550      Baruch College                     -> found (1 prof)
[  7/61] CISC1115     Brooklyn College                   -> found (1 prof)
[  8/61] CISC1600     Brooklyn College                   -> found (1 prof)
[  9/61] CISC2210     Brooklyn College                   -> found (1 prof)
[ 10/61] CISC3130     Brooklyn College                   -> found (1 prof)
[ 11/61] CISC3171     Brooklyn College                   -> found (1 prof)
[ 12/61] COMP2710     Auburn University                  -> found (1 prof)
[ 13/61] COMP3220     Auburn University                  -> found (1 prof)
[ 14/61] COMP7500     Auburn University                  -> found (1 prof)
[ 15/61] COMS207      Iowa State University              -> found (1 prof)
[ 16/61] COMS4995     Columbia University                -> not_found (0 prof)
[ 17/61] CPS100       Duke University                    -> not_found (0 prof)
[ 18/61] CPSC1010     Clemson University                 -> not_found (0 prof)
[ 19/61] CS100M       Cornell University                 -> found (1 prof)
[ 20/61] CS102        Cooper Union                       -> found (1 prof)
[ 21/61] CS1301       Georgia Institute of Technology    -> found (1 prof)
[ 22/61] CS1315       Georgia Institute of Technology    -> found (1 prof)
[ 23/61] CS132        Boston University                  -> found (1 prof)
[ 24/61] CS15281      Carnegie Mellon University         -> not_found (0 prof)
[ 25/61] CS203        Duke University                    -> not_found (0 prof)
[ 26/61] CS3001       Georgia Institute of Technology    -> found (1 prof)
[ 27/61] CS310        Arizona State University           -> not_found (0 prof)
[ 28/61] CS402        Binghamton University              -> not_found (0 prof)
[ 29/61] CS4320       Cornell University                 -> found (1 prof)
[ 30/61] CS4470       Georgia Institute of Technology    -> found (1 prof)
[ 31/61] CS4780       Cornell University                 -> not_found (0 prof)
[ 32/61] CS50X        Harvard University                 -> found (1 prof)
[ 33/61] CS566        Boston University                  -> found (1 prof)
[ 34/61] CS600        East Carolina University           -> found (1 prof)
[ 35/61] CS6750       Georgia Institute of Technology    -> found (1 prof)
[ 36/61] CSC005       Hofstra University                 -> found (1 prof)
[ 37/61] CSC134       California State University, Sacra -> found (1 prof)
[ 38/61] CSC139       California State University, Sacra -> found (1 prof)
[ 39/61] CSC161       Hofstra University                 -> not_found (0 prof)
[ 40/61] CSC241       DePaul University                  -> found (1 prof)
[ 41/61] CSC243       DePaul University                  -> found (1 prof)
[ 42/61] CSCI1106     Dalhousie University               -> found (1 prof)
[ 43/61] CSCI2132     Dalhousie University               -> found (1 prof)
[ 44/61] CSCI2140     Dalhousie University               -> found (1 prof)
[ 45/61] CSCI2141     Dalhousie University               -> found (1 prof)
[ 46/61] CSCI3120     Dalhousie University               -> found (1 prof)
[ 47/61] CSCI3130     Dalhousie University               -> not_found (0 prof)
[ 48/61] CSCI3171     Dalhousie University               -> found (1 prof)
[ 49/61] CSE220       Arizona State University           -> not_found (0 prof)
[ 50/61] CSE240       Arizona State University           -> not_found (0 prof)
[ 51/61] CSE325       Arizona State University           -> found (1 prof)
[ 52/61] CSE512       Arizona State University           -> not_found (0 prof)
[ 53/61] CSE539       Arizona State University           -> found (1 prof)
[ 54/61] CSE6740      Georgia Institute of Technology    -> found (1 prof)
[ 55/61] CSI1430      Baylor University                  -> found (1 prof)
[ 56/61] ECE2020      Georgia Institute of Technology    -> not_found (0 prof)
[ 57/61] ECE7750      Georgia Institute of Technology    -> found (1 prof)
[ 58/61] ECT250       DePaul University                  -> found (1 prof)
[ 59/61] MIS1305      Baylor University                  -> found (1 prof)
[ 60/61] SE433        DePaul University                  -> found (1 prof)
[ 61/61] STAT2000     Baruch College                     -> found (1 prof)

-- SUMMARY -----------------------------------------------------------------------------
  by status   {'found': 45, 'not_found': 16}
