[2026-06-26T04:43:33+00:00] found 15 universities on CCR
[2026-06-26T04:43:36+00:00] ranked 13 universities by rated-course count
   1    529 rated  arizona      Arizona State University
   2    412 rated  penn         Penn State University
   3    409 rated  britishcolumbia University of British Columbia
   4    331 rated  floridainternati Florida International University
   5    258 rated  uw           University of Washington
   6    236 rated  cornell      Cornell University
   7    206 rated  montreal     University of Montreal
   8    167 rated  liberty      Liberty University
   9    147 rated  texasm       Texas A&M University
  10    112 rated  uot          University of Toronto
  11     60 rated  ohio         Ohio State University
  12     34 rated  centralflorida University of Central Florida
  13      2 rated  rutgers      Rutgers University

ranked 13 universities
[2026-06-26T04:43:36+00:00] == [1] Arizona State University (529 rated courses) ==
[2026-06-26T04:43:37+00:00]   529 rated courses to process
[2026-06-26T04:43:37+00:00]   [1/529] arizona-acc502: already done, skipping
[2026-06-26T04:43:37+00:00]   [2/529] arizona-acc326: already done, skipping
[2026-06-26T04:43:37+00:00]   [3/529] arizona-acc231: already done, skipping
[2026-06-26T04:43:37+00:00]   [4/529] arizona-acc354: already done, skipping
[2026-06-26T04:43:37+00:00]   [5/529] arizona-cis105: already done, skipping
[2026-06-26T04:43:37+00:00]   [6/529] arizona-acc242: already done, skipping
[2026-06-26T04:43:37+00:00]   [7/529] arizona-acc350: already done, skipping
[2026-06-26T04:43:37+00:00]   [8/529] arizona-acc232: already done, skipping
[2026-06-26T04:43:37+00:00]   [9/529] arizona-acc241: already done, skipping
[2026-06-26T04:43:37+00:00]   [10/529] arizona-acc320: already done, skipping
[2026-06-26T04:43:37+00:00]   [11/529] arizona-acc327 (acc327): fetching CCR course page
[2026-06-26T04:43:37+00:00]       CCR: ACC 327 'ACC327' (5 reviews, 0 profs named)
[2026-06-26T04:45:29+00:00]       catalog: no official match
[2026-06-26T04:45:29+00:00]       course slide search: 'Arizona State University ACC 327 ACC327 lecture slides'
[2026-06-26T04:47:46+00:00]       course search: 0 candidates, 0 decks
[2026-06-26T04:47:46+00:00]   [11/529] arizona-acc327: done
[2026-06-26T04:47:46+00:00]   [12/529] arizona-acc340 (acc340): fetching CCR course page
[2026-06-26T04:47:46+00:00]       CCR: ACC 340 'ACC340' (22 reviews, 0 profs named)
[2026-06-26T04:50:47+00:00]       catalog: no official match
[2026-06-26T04:50:47+00:00]       course slide search: 'Arizona State University ACC 340 ACC340 lecture slides'
[2026-06-26T04:53:05+00:00]       course search: 0 candidates, 0 decks
[2026-06-26T04:53:05+00:00]   [12/529] arizona-acc340: done
[2026-06-26T04:53:05+00:00]   [13/529] arizona-acc382 (acc382): fetching CCR course page
[2026-06-26T04:53:07+00:00]       CCR: ACC 382 'ACC382' (16 reviews, 0 profs named)
[2026-06-26T04:56:07+00:00]       catalog: no official match
[2026-06-26T04:56:07+00:00]       course slide search: 'Arizona State University ACC 382 ACC382 lecture slides'
[2026-06-26T04:58:24+00:00]       course search: 0 candidates, 0 decks
[2026-06-26T04:58:24+00:00]   [13/529] arizona-acc382: done
[2026-06-26T04:58:24+00:00]   [14/529] arizona-ast111 (ast111): fetching CCR course page
[2026-06-26T04:58:24+00:00]       CCR: AST 111 'AST111' (17 reviews, 0 profs named)
[2026-06-26T05:00:57+00:00]       catalog: no official match
[2026-06-26T05:00:58+00:00]       course slide search: 'Arizona State University AST 111 AST111 lecture slides'
[2026-06-26T05:02:06+00:00]       course search: 0 candidates, 0 decks
[2026-06-26T05:02:06+00:00]   [14/529] arizona-ast111: done
[2026-06-26T05:02:06+00:00]   [15/529] arizona-afr317 (afr317): fetching CCR course page
[2026-06-26T05:02:07+00:00]       CCR: AFR 317 'AFR317' (6 reviews, 0 profs named)
[2026-06-26T05:05:07+00:00]       catalog: no official match
[2026-06-26T05:05:07+00:00]       course slide search: 'Arizona State University AFR 317 AFR317 lecture slides'
[2026-06-26T05:06:16+00:00]       course search: 0 candidates, 0 decks
[2026-06-26T05:06:16+00:00]   [15/529] arizona-afr317: done
[2026-06-26T05:06:16+00:00]   [16/529] arizona-asb357 (asb357): fetching CCR course page
[2026-06-26T05:06:18+00:00]       CCR: ASB 357 'ABS357' (9 reviews, 0 profs named)
[2026-06-26T05:08:50+00:00]       catalog: no official match
[2026-06-26T05:08:50+00:00]       course slide search: 'Arizona State University ASB 357 ABS357 lecture slides'
[2026-06-26T05:11:07+00:00]       course search: 0 candidates, 0 decks
[2026-06-26T05:11:07+00:00]   [16/529] arizona-asb357: done
[2026-06-26T05:11:07+00:00]   [17/529] arizona-asb362 (asb362): fetching CCR course page
[2026-06-26T05:11:07+00:00]       CCR: ASB 362 'ASB362' (34 reviews, 0 profs named)
[2026-06-26T05:14:06+00:00]       catalog: no official match
[2026-06-26T05:14:06+00:00]       course slide search: 'Arizona State University ASB 362 ASB362 lecture slides'
[2026-06-26T05:15:15+00:00]       course search: 0 candidates, 0 decks
[2026-06-26T05:15:15+00:00]   [17/529] arizona-asb362: done
[2026-06-26T05:15:15+00:00]   [18/529] arizona-asb275 (asb275): fetching CCR course page
[2026-06-26T05:15:17+00:00]       CCR: ASB 275 'AMS275' (6 reviews, 0 profs named)
[2026-06-26T05:17:51+00:00]       catalog: no official match
[2026-06-26T05:17:51+00:00]       course slide search: 'Arizona State University ASB 275 AMS275 lecture slides'
[2026-06-26T05:19:00+00:00]       course search: 0 candidates, 0 decks
[2026-06-26T05:19:00+00:00]   [18/529] arizona-asb275: done
[2026-06-26T05:19:00+00:00]   [19/529] arizona-asb222 (asb222): fetching CCR course page
[2026-06-26T05:19:00+00:00]       CCR: ASB 222 'ASB222' (3 reviews, 0 profs named)
[2026-06-26T05:21:33+00:00]       catalog: no official match
[2026-06-26T05:21:33+00:00]       course slide search: 'Arizona State University ASB 222 ASB222 lecture slides'
[2026-06-26T05:23:51+00:00]       course search: 0 candidates, 0 decks
[2026-06-26T05:23:51+00:00]   [19/529] arizona-asb222: done
[2026-06-26T05:23:51+00:00]   [20/529] arizona-abs357 (abs357): fetching CCR course page
[2026-06-26T05:23:51+00:00]       CCR: ABS 357 'ASB357' (6 reviews, 0 profs named)
[2026-06-26T05:25:42+00:00]       catalog: no official match
[2026-06-26T05:25:42+00:00]       course slide search: 'Arizona State University ABS 357 ASB357 lecture slides'
[2026-06-26T05:26:51+00:00]       course search: 0 candidates, 0 decks
[2026-06-26T05:26:51+00:00]   [20/529] arizona-abs357: done
[2026-06-26T05:26:51+00:00]   [21/529] arizona-asb300 (asb300): fetching CCR course page
[2026-06-26T05:26:51+00:00]       CCR: ASB 300 'ASB300' (25 reviews, 0 profs named)
[2026-06-26T05:29:52+00:00]       catalog: no official match
[2026-06-26T05:29:52+00:00]       course slide search: 'Arizona State University ASB 300 ASB300 lecture slides'
[2026-06-26T05:32:10+00:00]       course search: 0 candidates, 0 decks
[2026-06-26T05:32:10+00:00]   [21/529] arizona-asb300: done
[2026-06-26T05:32:10+00:00]   [22/529] arizona-asm294 (asm294): fetching CCR course page
[2026-06-26T05:32:10+00:00]       CCR: ASM 294 'ASM294' (8 reviews, 0 profs named)
[2026-06-26T05:35:37+00:00]       catalog: no official match
[2026-06-26T05:35:37+00:00]       course slide search: 'Arizona State University ASM 294 ASM294 lecture slides'
[2026-06-26T05:36:46+00:00]       course search: 0 candidates, 0 decks
[2026-06-26T05:36:46+00:00]   [22/529] arizona-asm294: done
[2026-06-26T05:36:46+00:00]   [23/529] arizona-asb337 (asb337): fetching CCR course page
[2026-06-26T05:36:47+00:00]       CCR: ASB 337 'ASB337' (10 reviews, 0 profs named)
[2026-06-26T05:39:46+00:00]       catalog: no official match
[2026-06-26T05:39:46+00:00]       course slide search: 'Arizona State University ASB 337 ASB337 lecture slides'
[2026-06-26T05:40:55+00:00]       course search: 0 candidates, 0 decks
[2026-06-26T05:40:55+00:00]   [23/529] arizona-asb337: done
[2026-06-26T05:40:55+00:00]   [24/529] arizona-ams275 (ams275): fetching CCR course page
[2026-06-26T05:40:55+00:00]       CCR: AMS 275 'ASB275' (18 reviews, 0 profs named)
[2026-06-26T05:43:55+00:00]       catalog: no official match
[2026-06-26T05:43:55+00:00]       course slide search: 'Arizona State University AMS 275 ASB275 lecture slides'
[2026-06-26T05:46:13+00:00]       course search: 0 candidates, 0 decks
[2026-06-26T05:46:13+00:00]   [24/529] arizona-ams275: done
[2026-06-26T05:46:13+00:00]   [25/529] arizona-asb100 (asb100): fetching CCR course page
[2026-06-26T05:46:14+00:00]       CCR: ASB 100 'ASB100' (7 reviews, 0 profs named)
[2026-06-26T05:49:14+00:00]       catalog: no official match
[2026-06-26T05:49:14+00:00]       course slide search: 'Arizona State University ASB 100 ASB100 lecture slides'
[2026-06-26T05:50:23+00:00]       course search: 0 candidates, 0 decks
[2026-06-26T05:50:23+00:00]   [25/529] arizona-asb100: done
[2026-06-26T05:50:23+00:00]   [26/529] arizona-asb223 (asb223): fetching CCR course page
[2026-06-26T05:50:23+00:00]       CCR: ASB 223 'ASB223' (28 reviews, 0 profs named)
[2026-06-26T05:53:24+00:00]       catalog: no official match
[2026-06-26T05:53:24+00:00]       course slide search: 'Arizona State University ASB 223 ASB223 lecture slides'
[2026-06-26T05:55:41+00:00]       course search: 0 candidates, 0 decks
[2026-06-26T05:55:41+00:00]   [26/529] arizona-asb223: done
[2026-06-26T05:55:41+00:00]   [27/529] arizona-asb333 (asb333): fetching CCR course page
[2026-06-26T05:55:42+00:00]       CCR: ASB 333 'ASB333' (11 reviews, 0 profs named)
[2026-06-26T05:58:15+00:00]       catalog: no official match
[2026-06-26T05:58:15+00:00]       course slide search: 'Arizona State University ASB 333 ASB333 lecture slides'
[2026-06-26T06:00:33+00:00]       course search: 0 candidates, 0 decks
[2026-06-26T06:00:33+00:00]   [27/529] arizona-asb333: done
[2026-06-26T06:00:33+00:00]   [28/529] arizona-asb350 (asb350): fetching CCR course page
[2026-06-26T06:00:34+00:00]       CCR: ASB 350 'ASB350' (6 reviews, 0 profs named)
[2026-06-26T06:03:34+00:00]       catalog: no official match
[2026-06-26T06:03:34+00:00]       course slide search: 'Arizona State University ASB 350 ASB350 lecture slides'
[2026-06-26T06:05:52+00:00]       course search: 0 candidates, 0 decks
[2026-06-26T06:05:52+00:00]   [28/529] arizona-asb350: done
[2026-06-26T06:05:52+00:00]   [29/529] arizona-asb462 (asb462): fetching CCR course page
[2026-06-26T06:05:52+00:00]       CCR: ASB 462 'ASB462' (42 reviews, 0 profs named)
[2026-06-26T06:08:26+00:00]       catalog: no official match
[2026-06-26T06:08:26+00:00]       course slide search: 'Arizona State University ASB 462 ASB462 lecture slides'
[2026-06-26T06:10:44+00:00]       course search: 0 candidates, 0 decks
[2026-06-26T06:10:44+00:00]   [29/529] arizona-asb462: done
[2026-06-26T06:10:44+00:00]   [30/529] arizona-asm104 (asm104): fetching CCR course page
[2026-06-26T06:10:46+00:00]       CCR: ASM 104 'ASB104' (36 reviews, 0 profs named)
[2026-06-26T06:13:46+00:00]       catalog: no official match
[2026-06-26T06:13:46+00:00]       course slide search: 'Arizona State University ASM 104 ASB104 lecture slides'
[2026-06-26T06:16:02+00:00]       course search: 0 candidates, 0 decks
[2026-06-26T06:16:02+00:00]   [30/529] arizona-asm104: done
[2026-06-26T06:16:02+00:00]   [31/529] arizona-asm275 (asm275): fetching CCR course page
[2026-06-26T06:16:03+00:00]       CCR: ASM 275 'AMS275' (122 reviews, 0 profs named)
[2026-06-26T06:17:53+00:00]       catalog: no official match
[2026-06-26T06:17:53+00:00]       course slide search: 'Arizona State University ASM 275 AMS275 lecture slides'
[2026-06-26T06:20:11+00:00]       course search: 0 candidates, 0 decks
[2026-06-26T06:20:11+00:00]   [31/529] arizona-asm275: done
[2026-06-26T06:20:11+00:00]   [32/529] arizona-arb201 (arb201): fetching CCR course page
[2026-06-26T06:20:12+00:00]       CCR: ARB 201 'SLC201' (6 reviews, 0 profs named)
[2026-06-26T06:22:45+00:00]       catalog: no official match
[2026-06-26T06:22:45+00:00]       course slide search: 'Arizona State University ARB 201 SLC201 lecture slides'
[2026-06-26T06:23:54+00:00]       course search: 0 candidates, 0 decks
[2026-06-26T06:23:54+00:00]   [32/529] arizona-arb201: done
[2026-06-26T06:23:54+00:00]   [33/529] arizona-arb101 (arb101): fetching CCR course page
[2026-06-26T06:23:55+00:00]       CCR: ARB 101 'ARB101' (13 reviews, 0 profs named)
[2026-06-26T06:26:28+00:00]       catalog: no official match
[2026-06-26T06:26:28+00:00]       course slide search: 'Arizona State University ARB 101 ARB101 lecture slides'
[2026-06-26T06:28:46+00:00]       course search: 0 candidates, 0 decks
[2026-06-26T06:28:46+00:00]   [33/529] arizona-arb101: done
[2026-06-26T06:28:46+00:00]   [34/529] arizona-arb102 (arb102): fetching CCR course page
[2026-06-26T06:28:46+00:00]       CCR: ARB 102 'ARB102' (4 reviews, 0 profs named)
[2026-06-26T06:31:20+00:00]       catalog: no official match
[2026-06-26T06:31:20+00:00]       course slide search: 'Arizona State University ARB 102 ARB102 lecture slides'
[2026-06-26T06:33:38+00:00]       course search: 0 candidates, 0 decks
[2026-06-26T06:33:38+00:00]   [34/529] arizona-arb102: done
[2026-06-26T06:33:38+00:00]   [35/529] arizona-arc111 (arc111): fetching CCR course page
[2026-06-26T06:33:38+00:00]       CCR: ARC 111 'ARC111' (9 reviews, 0 profs named)
[2026-06-26T06:33:43+00:00]       catalog: no official match
[2026-06-26T06:33:43+00:00]       course slide search: 'Arizona State University ARC 111 ARC111 lecture slides'
[2026-06-26T06:34:01+00:00]       course search: 0 candidates, 0 decks
[2026-06-26T06:34:01+00:00]   [35/529] arizona-arc111: done
[2026-06-26T06:34:01+00:00]   [36/529] arizona-aph414 (aph414): fetching CCR course page
[2026-06-26T06:34:02+00:00]       CCR: APH 414 'APH414' (3 reviews, 0 profs named)
[2026-06-26T06:34:36+00:00]       catalog: no official match
[2026-06-26T06:34:36+00:00]       course slide search: 'Arizona State University APH 414 APH414 lecture slides'
[2026-06-26T06:34:54+00:00]       course search: 0 candidates, 0 decks
[2026-06-26T06:34:54+00:00]   [36/529] arizona-aph414: done
[2026-06-26T06:34:54+00:00]   [37/529] arizona-ala121 (ala121): fetching CCR course page
[2026-06-26T06:34:54+00:00]       CCR: ALA 121 'ALA121' (9 reviews, 0 profs named)
[2026-06-26T06:35:01+00:00]       catalog: no official match
[2026-06-26T06:35:01+00:00]       course slide search: 'Arizona State University ALA 121 ALA121 lecture slides'
[2026-06-26T06:36:39+00:00]       course search: 0 candidates, 0 decks
[2026-06-26T06:36:39+00:00]   [37/529] arizona-ala121: done
[2026-06-26T06:36:39+00:00]   [38/529] arizona-aph405 (aph405): fetching CCR course page
[2026-06-26T06:36:39+00:00]       CCR: APH 405 'APH405' (3 reviews, 0 profs named)
[2026-06-26T06:37:01+00:00]       catalog: no official match
[2026-06-26T06:37:01+00:00]       course slide search: 'Arizona State University APH 405 APH405 lecture slides'
[2026-06-26T06:38:40+00:00]       course search: 0 candidates, 0 decks
[2026-06-26T06:38:40+00:00]   [38/529] arizona-aph405: done
[2026-06-26T06:38:40+00:00]   [39/529] arizona-aph494 (aph494): fetching CCR course page
[2026-06-26T06:38:40+00:00]       CCR: APH 494 'APH494' (3 reviews, 0 profs named)
[2026-06-26T06:39:34+00:00]       catalog: no official match
[2026-06-26T06:39:34+00:00]       course slide search: 'Arizona State University APH 494 APH494 lecture slides'
[2026-06-26T06:41:12+00:00]       course search: 0 candidates, 0 decks
[2026-06-26T06:41:12+00:00]   [39/529] arizona-aph494: done
[2026-06-26T06:41:12+00:00]   [40/529] arizona-arc112 (arc112): fetching CCR course page
[2026-06-26T06:41:12+00:00]       CCR: ARC 112 'ARC112' (5 reviews, 0 profs named)
[2026-06-26T06:41:35+00:00]       catalog: no official match
[2026-06-26T06:41:35+00:00]       course slide search: 'Arizona State University ARC 112 ARC112 lecture slides'
[2026-06-26T06:41:53+00:00]       course search: 0 candidates, 0 decks
[2026-06-26T06:41:53+00:00]   [40/529] arizona-arc112: done
[2026-06-26T06:41:53+00:00]   [41/529] arizona-arc101 (arc101): fetching CCR course page
[2026-06-26T06:41:55+00:00]       CCR: ARC 101 'ALA101' (7 reviews, 0 profs named)
[2026-06-26T06:42:15+00:00]       catalog: no official match
[2026-06-26T06:42:15+00:00]       course slide search: 'Arizona State University ARC 101 ALA101 lecture slides'
[2026-06-26T06:43:53+00:00]       course search: 0 candidates, 0 decks
[2026-06-26T06:43:53+00:00]   [41/529] arizona-arc101: done
[2026-06-26T06:43:53+00:00]   [42/529] arizona-ala100 (ala100): fetching CCR course page
[2026-06-26T06:43:54+00:00]       CCR: ALA 100 'APH100' (84 reviews, 0 profs named)
[2026-06-26T06:44:16+00:00]       catalog: no official match
[2026-06-26T06:44:16+00:00]       course slide search: 'Arizona State University ALA 100 APH100 lecture slides'
[2026-06-26T06:44:35+00:00]       course search: 0 candidates, 0 decks
[2026-06-26T06:44:35+00:00]   [42/529] arizona-ala100: done
[2026-06-26T06:44:35+00:00]   [43/529] arizona-aph100 (aph100): fetching CCR course page
[2026-06-26T06:44:35+00:00]       CCR: APH 100 'ALA100' (16 reviews, 0 profs named)
[2026-06-26T06:44:41+00:00]       catalog: no official match
[2026-06-26T06:44:41+00:00]       course slide search: 'Arizona State University APH 100 ALA100 lecture slides'
[2026-06-26T06:44:52+00:00]       course search: 0 candidates, 0 decks
[2026-06-26T06:44:52+00:00]   [43/529] arizona-aph100: done
[2026-06-26T06:44:52+00:00]   [44/529] arizona-pup100 (pup100): fetching CCR course page
[2026-06-26T06:44:52+00:00]       CCR: PUP 100 'ALA100' (4 reviews, 0 profs named)
[2026-06-26T06:46:43+00:00]       catalog: no official match
[2026-06-26T06:46:43+00:00]       course slide search: 'Arizona State University PUP 100 ALA100 lecture slides'
[2026-06-26T06:47:52+00:00]       course search: 0 candidates, 0 decks
[2026-06-26T06:47:52+00:00]   [44/529] arizona-pup100: done
[2026-06-26T06:47:52+00:00]   [45/529] arizona-art462 (art462): fetching CCR course page
[2026-06-26T06:47:52+00:00]       CCR: ART 462 'ART462' (5 reviews, 0 profs named)
[2026-06-26T06:49:42+00:00]       catalog: no official match
[2026-06-26T06:49:42+00:00]       course slide search: 'Arizona State University ART 462 ART462 lecture slides'
[2026-06-26T06:51:59+00:00]       course search: 0 candidates, 0 decks
[2026-06-26T06:51:59+00:00]   [45/529] arizona-art462: done
[2026-06-26T06:51:59+00:00]   [46/529] arizona-art294 (art294): fetching CCR course page
[2026-06-26T06:51:59+00:00]       CCR: ART 294 'ART294' (3 reviews, 0 profs named)
[2026-06-26T06:54:32+00:00]       catalog: no official match
[2026-06-26T06:54:32+00:00]       course slide search: 'Arizona State University ART 294 ART294 lecture slides'
[2026-06-26T06:55:41+00:00]       course search: 0 candidates, 0 decks
[2026-06-26T06:55:41+00:00]   [46/529] arizona-art294: done
[2026-06-26T06:55:41+00:00]   [47/529] arizona-wst276 (wst276): fetching CCR course page
[2026-06-26T06:55:42+00:00]       CCR: WST 276 'WST276' (6 reviews, 0 profs named)
[2026-06-26T06:58:15+00:00]       catalog: no official match
[2026-06-26T06:58:15+00:00]       course slide search: 'Arizona State University WST 276 WST276 lecture slides'
[2026-06-26T07:00:33+00:00]       course search: 0 candidates, 0 decks
[2026-06-26T07:00:33+00:00]   [47/529] arizona-wst276: done
[2026-06-26T07:00:33+00:00]   [48/529] arizona-ars394 (ars394): fetching CCR course page
[2026-06-26T07:00:33+00:00]       CCR: ARS 394 'ARS394' (4 reviews, 0 profs named)
[2026-06-26T07:03:07+00:00]       catalog: no official match
[2026-06-26T07:03:07+00:00]       course slide search: 'Arizona State University ARS 394 ARS394 lecture slides'
[2026-06-26T07:04:16+00:00]       course search: 0 candidates, 0 decks
[2026-06-26T07:04:16+00:00]   [48/529] arizona-ars394: done
[2026-06-26T07:04:16+00:00]   [49/529] arizona-ars201 (ars201): fetching CCR course page
[2026-06-26T07:04:16+00:00]       CCR: ARS 201 'ARS201' (20 reviews, 0 profs named)
[2026-06-26T07:06:08+00:00]       catalog: no official match
[2026-06-26T07:06:08+00:00]       course slide search: 'Arizona State University ARS 201 ARS201 lecture slides'
[2026-06-26T07:08:26+00:00]       course search: 0 candidates, 0 decks
[2026-06-26T07:08:26+00:00]   [49/529] arizona-ars201: done
[2026-06-26T07:08:26+00:00]   [50/529] arizona-abs302 (abs302): fetching CCR course page
[2026-06-26T07:08:26+00:00]       CCR: ABS 302 'ABS302' (7 reviews, 0 profs named)
[2026-06-26T07:11:26+00:00]       catalog: no official match
[2026-06-26T07:11:26+00:00]       course slide search: 'Arizona State University ABS 302 ABS302 lecture slides'
[2026-06-26T07:12:14+00:00]       course search: 0 candidates, 0 decks
[2026-06-26T07:12:14+00:00]   [50/529] arizona-abs302: done
[2026-06-26T07:12:14+00:00]   [51/529] arizona-abs372 (abs372): fetching CCR course page
[2026-06-26T07:12:14+00:00]       CCR: ABS 372 'ABS372' (6 reviews, 0 profs named)
[2026-06-26T07:14:48+00:00]       catalog: no official match
[2026-06-26T07:14:48+00:00]       course slide search: 'Arizona State University ABS 372 ABS372 lecture slides'
[2026-06-26T07:15:31+00:00]       course search: 0 candidates, 0 decks
[2026-06-26T07:15:31+00:00]   [51/529] arizona-abs372: done
[2026-06-26T07:15:31+00:00]   [52/529] arizona-bio345 (bio345): fetching CCR course page
[2026-06-26T07:15:31+00:00]       CCR: BIO 345 'BIO345' (3 reviews, 0 profs named)
[2026-06-26T07:18:05+00:00]       catalog: no official match
[2026-06-26T07:18:05+00:00]       course slide search: 'Arizona State University BIO 345 BIO345 lecture slides'
[2026-06-26T07:18:47+00:00]       course search: 0 candidates, 0 decks
[2026-06-26T07:18:47+00:00]   [52/529] arizona-bio345: done
[2026-06-26T07:18:47+00:00]   [53/529] arizona-bio112 (bio112): fetching CCR course page
[2026-06-26T07:18:47+00:00]       CCR: BIO 112 'BIO112' (5 reviews, 0 profs named)
[2026-06-26T07:20:40+00:00]       catalog: no official match
[2026-06-26T07:20:40+00:00]       course slide search: 'Arizona State University BIO 112 BIO112 lecture slides'
[2026-06-26T07:21:24+00:00]       course search: 0 candidates, 0 decks
[2026-06-26T07:21:24+00:00]   [53/529] arizona-bio112: done
[2026-06-26T07:21:24+00:00]   [54/529] arizona-bio320 (bio320): fetching CCR course page
[2026-06-26T07:21:24+00:00]       CCR: BIO 320 'BIO320' (12 reviews, 0 profs named)
[2026-06-26T07:23:15+00:00]       catalog: no official match
[2026-06-26T07:23:15+00:00]       course slide search: 'Arizona State University BIO 320 BIO320 lecture slides'
[2026-06-26T07:24:24+00:00]       course search: 0 candidates, 0 decks
[2026-06-26T07:24:24+00:00]   [54/529] arizona-bio320: done
[2026-06-26T07:24:24+00:00]   [55/529] arizona-mic206 (mic206): fetching CCR course page
[2026-06-26T07:24:25+00:00]       CCR: MIC 206 'MIC206' (3 reviews, 0 profs named)
[2026-06-26T07:27:52+00:00]       catalog: no official match
[2026-06-26T07:27:52+00:00]       course slide search: 'Arizona State University MIC 206 MIC206 lecture slides'
[2026-06-26T07:28:36+00:00]       course search: 0 candidates, 0 decks
[2026-06-26T07:28:36+00:00]   [55/529] arizona-mic206: done
[2026-06-26T07:28:36+00:00]   [56/529] arizona-bio202 (bio202): fetching CCR course page
[2026-06-26T07:28:36+00:00]       CCR: BIO 202 'BIO202' (8 reviews, 0 profs named)
[2026-06-26T07:31:36+00:00]       catalog: no official match
[2026-06-26T07:31:36+00:00]       course slide search: 'Arizona State University BIO 202 BIO202 lecture slides'
[2026-06-26T07:32:45+00:00]       course search: 0 candidates, 0 decks
[2026-06-26T07:32:45+00:00]   [56/529] arizona-bio202: done
[2026-06-26T07:32:45+00:00]   [57/529] arizona-bio201 (bio201): fetching CCR course page
[2026-06-26T07:32:45+00:00]       CCR: BIO 201 'BIO201' (19 reviews, 0 profs named)
[2026-06-26T07:34:36+00:00]       catalog: no official match
[2026-06-26T07:34:36+00:00]       course slide search: 'Arizona State University BIO 201 BIO201 lecture slides'
[2026-06-26T07:35:45+00:00]       course search: 0 candidates, 0 decks
[2026-06-26T07:35:45+00:00]   [57/529] arizona-bio201: done
[2026-06-26T07:35:45+00:00]   [58/529] arizona-mic205 (mic205): fetching CCR course page
[2026-06-26T07:35:46+00:00]       CCR: MIC 205 'MIC205' (33 reviews, 0 profs named)
[2026-06-26T07:38:46+00:00]       catalog: no official match
[2026-06-26T07:38:46+00:00]       course slide search: 'Arizona State University MIC 205 MIC205 lecture slides'
[2026-06-26T07:39:55+00:00]       course search: 0 candidates, 0 decks
[2026-06-26T07:39:55+00:00]   [58/529] arizona-mic205: done
[2026-06-26T07:39:55+00:00]   [59/529] arizona-bio100 (bio100): fetching CCR course page
[2026-06-26T07:39:55+00:00]       CCR: BIO 100 'BIO100' (13 reviews, 0 profs named)
[2026-06-26T07:41:46+00:00]       catalog: no official match
[2026-06-26T07:41:46+00:00]       course slide search: 'Arizona State University BIO 100 BIO100 lecture slides'
[2026-06-26T07:42:55+00:00]       course search: 0 candidates, 0 decks
[2026-06-26T07:42:55+00:00]   [59/529] arizona-bio100: done
[2026-06-26T07:42:55+00:00]   [60/529] arizona-bio181 (bio181): fetching CCR course page
[2026-06-26T07:42:56+00:00]       CCR: BIO 181 'BIO181' (443 reviews, 0 profs named)
[2026-06-26T07:45:56+00:00]       catalog: no official match
[2026-06-26T07:45:56+00:00]       course slide search: 'Arizona State University BIO 181 BIO181 lecture slides'
[2026-06-26T07:46:39+00:00]       course search: 0 candidates, 0 decks
[2026-06-26T07:46:39+00:00]   [60/529] arizona-bio181: done
[2026-06-26T07:46:39+00:00]   [61/529] arizona-bio182 (bio182): fetching CCR course page
[2026-06-26T07:46:40+00:00]       CCR: BIO 182 'BIO182' (141 reviews, 0 profs named)
[2026-06-26T07:49:12+00:00]       catalog: no official match
[2026-06-26T07:49:12+00:00]       course slide search: 'Arizona State University BIO 182 BIO182 lecture slides'
[2026-06-26T07:50:21+00:00]       course search: 0 candidates, 0 decks
[2026-06-26T07:50:21+00:00]   [61/529] arizona-bio182: done
[2026-06-26T07:50:21+00:00]   [62/529] arizona-bio331 (bio331): fetching CCR course page
[2026-06-26T07:50:21+00:00]       CCR: BIO 331 'BIO331' (50 reviews, 0 profs named)
[2026-06-26T07:52:53+00:00]       catalog: no official match
[2026-06-26T07:52:53+00:00]       course slide search: 'Arizona State University BIO 331 BIO331 lecture slides'
[2026-06-26T07:53:37+00:00]       course search: 0 candidates, 0 decks
[2026-06-26T07:53:37+00:00]   [62/529] arizona-bio331: done
[2026-06-26T07:53:37+00:00]   [63/529] arizona-bio353 (bio353): fetching CCR course page
[2026-06-26T07:53:37+00:00]       CCR: BIO 353 'BIO353' (53 reviews, 0 profs named)
[2026-06-26T07:56:38+00:00]       catalog: no official match
[2026-06-26T07:56:38+00:00]       course slide search: 'Arizona State University BIO 353 BIO353 lecture slides'
[2026-06-26T07:57:21+00:00]       course search: 0 candidates, 0 decks
[2026-06-26T07:57:21+00:00]   [63/529] arizona-bio353: done
[2026-06-26T07:57:21+00:00]   [64/529] arizona-bio355 (bio355): fetching CCR course page
[2026-06-26T07:57:21+00:00]       CCR: BIO 355 'BIO355' (6 reviews, 0 profs named)
[2026-06-26T08:00:22+00:00]       catalog: no official match
[2026-06-26T08:00:22+00:00]       course slide search: 'Arizona State University BIO 355 BIO355 lecture slides'
[2026-06-26T08:01:05+00:00]       course search: 0 candidates, 0 decks
[2026-06-26T08:01:05+00:00]   [64/529] arizona-bio355: done
[2026-06-26T08:01:05+00:00]   [65/529] arizona-bio357 (bio357): fetching CCR course page
[2026-06-26T08:01:06+00:00]       CCR: BIO 357 'BIO357' (3 reviews, 0 profs named)
[2026-06-26T08:02:57+00:00]       catalog: no official match
[2026-06-26T08:02:57+00:00]       course slide search: 'Arizona State University BIO 357 BIO357 lecture slides'
[2026-06-26T08:03:40+00:00]       course search: 0 candidates, 0 decks
[2026-06-26T08:03:40+00:00]   [65/529] arizona-bio357: done
[2026-06-26T08:03:40+00:00]   [66/529] arizona-bme350 (bme350): fetching CCR course page
[2026-06-26T08:03:41+00:00]       CCR: BME 350 'BME350' (14 reviews, 0 profs named)
[2026-06-26T08:06:14+00:00]       catalog: no official match
[2026-06-26T08:06:14+00:00]       course slide search: 'Arizona State University BME 350 BME350 lecture slides'
[2026-06-26T08:06:57+00:00]       course search: 0 candidates, 0 decks
[2026-06-26T08:06:57+00:00]   [66/529] arizona-bme350: done
[2026-06-26T08:06:57+00:00]   [67/529] arizona-bme394 (bme394): fetching CCR course page
[2026-06-26T08:06:58+00:00]       CCR: BME 394 'BME394' (3 reviews, 0 profs named)
[2026-06-26T08:08:22+00:00]       catalog: no official match
[2026-06-26T08:08:22+00:00]       course slide search: 'Arizona State University BME 394 BME394 lecture slides'
[2026-06-26T08:09:31+00:00]       course search: 0 candidates, 0 decks
[2026-06-26T08:09:31+00:00]   [67/529] arizona-bme394: done
[2026-06-26T08:09:31+00:00]   [68/529] arizona-rea494 (rea494): fetching CCR course page
[2026-06-26T08:09:31+00:00]       CCR: REA 494 'REA494' (4 reviews, 0 profs named)
[2026-06-26T08:11:38+00:00]       catalog: no official match
[2026-06-26T08:11:39+00:00]       course slide search: 'Arizona State University REA 494 REA494 lecture slides'
[2026-06-26T08:12:21+00:00]       course search: 0 candidates, 0 decks
[2026-06-26T08:12:21+00:00]   [68/529] arizona-rea494: done
[2026-06-26T08:12:21+00:00]   [69/529] arizona-wpc148 (wpc148): fetching CCR course page
[2026-06-26T08:12:22+00:00]       CCR: WPC 148 'WPC148' (5 reviews, 0 profs named)
[2026-06-26T08:14:55+00:00]       catalog: no official match
[2026-06-26T08:14:55+00:00]       course slide search: 'Arizona State University WPC 148 WPC148 lecture slides'
[2026-06-26T08:16:04+00:00]       course search: 0 candidates, 0 decks
[2026-06-26T08:16:04+00:00]   [69/529] arizona-wpc148: done
[2026-06-26T08:16:04+00:00]   [70/529] arizona-rea380 (rea380): fetching CCR course page
[2026-06-26T08:16:06+00:00]       CCR: REA 380 'MGT380' (65 reviews, 0 profs named)
[2026-06-26T08:18:12+00:00]       catalog: no official match
[2026-06-26T08:18:12+00:00]       course slide search: 'Arizona State University REA 380 MGT380 lecture slides'
[2026-06-26T08:18:56+00:00]       course search: 0 candidates, 0 decks
[2026-06-26T08:18:56+00:00]   [70/529] arizona-rea380: done
[2026-06-26T08:18:56+00:00]   [71/529] arizona-acc360 (acc360): fetching CCR course page
[2026-06-26T08:18:56+00:00]       CCR: ACC 360 'ACC360' (5 reviews, 0 profs named)
[2026-06-26T08:21:03+00:00]       catalog: no official match
[2026-06-26T08:21:03+00:00]       course slide search: 'Arizona State University ACC 360 ACC360 lecture slides'
[2026-06-26T08:22:12+00:00]       course search: 0 candidates, 0 decks
[2026-06-26T08:22:12+00:00]   [71/529] arizona-acc360: done
[2026-06-26T08:22:12+00:00]   [72/529] arizona-acc503 (acc503): fetching CCR course page
[2026-06-26T08:22:13+00:00]       CCR: ACC 503 'ACC503' (13 reviews, 0 profs named)
[2026-06-26T08:25:40+00:00]       catalog: no official match
[2026-06-26T08:25:40+00:00]       course slide search: 'Arizona State University ACC 503 ACC503 lecture slides'
[2026-06-26T08:26:23+00:00]       course search: 0 candidates, 0 decks
[2026-06-26T08:26:23+00:00]   [72/529] arizona-acc503: done
[2026-06-26T08:26:23+00:00]   [73/529] arizona-fin385 (fin385): fetching CCR course page
[2026-06-26T08:26:24+00:00]       CCR: FIN 385 'FIN385' (7 reviews, 0 profs named)
[2026-06-26T08:28:28+00:00]       catalog: no official match
[2026-06-26T08:28:28+00:00]       course slide search: 'Arizona State University FIN 385 FIN385 lecture slides'
[2026-06-26T08:29:37+00:00]       course search: 0 candidates, 0 decks
[2026-06-26T08:29:37+00:00]   [73/529] arizona-fin385: done
[2026-06-26T08:29:37+00:00]   [74/529] arizona-scm355 (scm355): fetching CCR course page
[2026-06-26T08:29:38+00:00]       CCR: SCM 355 'SCM355' (6 reviews, 0 profs named)
[2026-06-26T08:32:37+00:00]       catalog: no official match
[2026-06-26T08:32:37+00:00]       course slide search: 'Arizona State University SCM 355 SCM355 lecture slides'
[2026-06-26T08:33:46+00:00]       course search: 0 candidates, 0 decks
[2026-06-26T08:33:46+00:00]   [74/529] arizona-scm355: done
[2026-06-26T08:33:46+00:00]   [75/529] arizona-mgt380 (mgt380): fetching CCR course page
[2026-06-26T08:33:46+00:00]       CCR: MGT 380 'REA380' (65 reviews, 0 profs named)
[2026-06-26T08:35:10+00:00]       catalog: no official match
[2026-06-26T08:35:10+00:00]       course slide search: 'Arizona State University MGT 380 REA380 lecture slides'
[2026-06-26T08:35:54+00:00]       course search: 0 candidates, 0 decks
[2026-06-26T08:35:54+00:00]   [75/529] arizona-mgt380: done
[2026-06-26T08:35:54+00:00]   [76/529] arizona-acc261 (acc261): fetching CCR course page
[2026-06-26T08:35:54+00:00]       CCR: ACC 261 'ACC261' (9 reviews, 0 profs named)
[2026-06-26T08:38:54+00:00]       catalog: no official match
[2026-06-26T08:38:54+00:00]       course slide search: 'Arizona State University ACC 261 ACC261 lecture slides'
[2026-06-26T08:40:03+00:00]       course search: 0 candidates, 0 decks
[2026-06-26T08:40:03+00:00]   [76/529] arizona-acc261: done
[2026-06-26T08:40:03+00:00]   [77/529] arizona-fsh280 (fsh280): fetching CCR course page
[2026-06-26T08:40:05+00:00]       CCR: FSH 280 'MKT280' (5 reviews, 0 profs named)
[2026-06-26T08:42:38+00:00]       catalog: no official match
[2026-06-26T08:42:38+00:00]       course slide search: 'Arizona State University FSH 280 MKT280 lecture slides'
[2026-06-26T08:43:22+00:00]       course search: 0 candidates, 0 decks
[2026-06-26T08:43:22+00:00]   [77/529] arizona-fsh280: done
[2026-06-26T08:43:22+00:00]   [78/529] arizona-che334 (che334): fetching CCR course page
[2026-06-26T08:43:22+00:00]       CCR: CHE 334 'CHE334' (7 reviews, 0 profs named)
[2026-06-26T08:45:20+00:00]       catalog: no official match
[2026-06-26T08:45:20+00:00]       course slide search: 'Arizona State University CHE 334 CHE334 lecture slides'
[2026-06-26T08:45:32+00:00]       course search: 0 candidates, 0 decks
[2026-06-26T08:45:32+00:00]   [78/529] arizona-che334: done
[2026-06-26T08:45:32+00:00]   [79/529] arizona-che384 (che384): fetching CCR course page
[2026-06-26T08:45:32+00:00]       CCR: CHE 384 'CHE384' (8 reviews, 0 profs named)
[2026-06-26T08:45:34+00:00]       catalog: matched https://cbc.arizona.edu/sites/default/files/2025-08/FA25BIOC384MIESFELD-ONLINE.pdf
[2026-06-26T08:45:34+00:00]       course slide search: 'Arizona State University CHE 384 CHE384 lecture slides'
[2026-06-26T08:45:37+00:00]       course search: 0 candidates, 0 decks
[2026-06-26T08:45:37+00:00]   [79/529] arizona-che384: done
[2026-06-26T08:45:37+00:00]   [80/529] arizona-chem113 (chem113): fetching CCR course page
[2026-06-26T08:45:39+00:00]       CCR: CHEM 113 'CHM113' (107 reviews, 0 profs named)
[2026-06-26T08:46:17+00:00]       catalog: no official match
[2026-06-26T08:46:17+00:00]       course slide search: 'Arizona State University CHEM 113 CHM113 lecture slides'
[2026-06-26T08:46:34+00:00]       course search: 0 candidates, 0 decks
[2026-06-26T08:46:34+00:00]   [80/529] arizona-chem113: done
[2026-06-26T08:46:34+00:00]   [81/529] arizona-chm116 (chm116): fetching CCR course page
[2026-06-26T08:46:35+00:00]       CCR: CHM 116 'CHM116' (79 reviews, 0 profs named)
[2026-06-26T08:47:28+00:00]       catalog: no official match
[2026-06-26T08:47:28+00:00]       course slide search: 'Arizona State University CHM 116 CHM116 lecture slides'
[2026-06-26T08:47:32+00:00]       course search: 0 candidates, 0 decks
[2026-06-26T08:47:32+00:00]   [81/529] arizona-chm116: done
[2026-06-26T08:47:32+00:00]   [82/529] arizona-chm113 (chm113): fetching CCR course page
[2026-06-26T08:47:32+00:00]       CCR: CHM 113 'CHEM113' (332 reviews, 0 profs named)
[2026-06-26T08:47:36+00:00]       catalog: no official match
[2026-06-26T08:47:36+00:00]       course slide search: 'Arizona State University CHM 113 CHEM113 lecture slides'
[2026-06-26T08:47:54+00:00]       course search: 0 candidates, 0 decks
[2026-06-26T08:47:54+00:00]   [82/529] arizona-chm113: done
[2026-06-26T08:47:54+00:00]   [83/529] arizona-chm433 (chm433): fetching CCR course page
[2026-06-26T08:47:54+00:00]       CCR: CHM 433 'CHM433' (5 reviews, 0 profs named)
[2026-06-26T08:48:17+00:00]       catalog: no official match
[2026-06-26T08:48:17+00:00]       course slide search: 'Arizona State University CHM 433 CHM433 lecture slides'
[2026-06-26T08:48:35+00:00]       course search: 0 candidates, 0 decks
[2026-06-26T08:48:35+00:00]   [83/529] arizona-chm433: done
[2026-06-26T08:48:35+00:00]   [84/529] arizona-chm101 (chm101): fetching CCR course page
[2026-06-26T08:48:36+00:00]       CCR: CHM 101 'CHEM101' (10 reviews, 0 profs named)
[2026-06-26T08:48:42+00:00]       catalog: no official match
[2026-06-26T08:48:42+00:00]       course slide search: 'Arizona State University CHM 101 CHEM101 lecture slides'
[2026-06-26T08:48:47+00:00]       course search: 0 candidates, 0 decks
[2026-06-26T08:48:47+00:00]   [84/529] arizona-chm101: done
[2026-06-26T08:48:47+00:00]   [85/529] arizona-for286 (for286): fetching CCR course page
[2026-06-26T08:48:48+00:00]       CCR: FOR 286 'FOR286' (4 reviews, 0 profs named)
[2026-06-26T08:49:13+00:00]       catalog: no official match
[2026-06-26T08:49:13+00:00]       course slide search: 'Arizona State University FOR 286 FOR286 lecture slides'
[2026-06-26T08:49:18+00:00]       course search: 0 candidates, 0 decks
[2026-06-26T08:49:18+00:00]   [85/529] arizona-for286: done
[2026-06-26T08:49:18+00:00]   [86/529] arizona-chm234 (chm234): fetching CCR course page
[2026-06-26T08:49:19+00:00]       CCR: CHM 234 'CHM234' (68 reviews, 0 profs named)
[2026-06-26T08:51:20+00:00]       catalog: no official match
[2026-06-26T08:51:20+00:00]       course slide search: 'Arizona State University CHM 234 CHM234 lecture slides'
[2026-06-26T08:52:04+00:00]       course search: 0 candidates, 0 decks
[2026-06-26T08:52:04+00:00]   [86/529] arizona-chm234: done
[2026-06-26T08:52:04+00:00]   [87/529] arizona-chm231 (chm231): fetching CCR course page
[2026-06-26T08:52:04+00:00]       CCR: CHM 231 'CHM231' (45 reviews, 0 profs named)
[2026-06-26T08:53:56+00:00]       catalog: no official match
[2026-06-26T08:53:56+00:00]       course slide search: 'Arizona State University CHM 231 CHM231 lecture slides'
[2026-06-26T08:55:05+00:00]       course search: 0 candidates, 0 decks
[2026-06-26T08:55:05+00:00]   [87/529] arizona-chm231: done
[2026-06-26T08:55:05+00:00]   [88/529] arizona-chem101 (chem101): fetching CCR course page
[2026-06-26T08:55:05+00:00]       CCR: CHEM 101 'CHM101' (7 reviews, 0 profs named)
[2026-06-26T08:56:55+00:00]       catalog: no official match
[2026-06-26T08:56:55+00:00]       course slide search: 'Arizona State University CHEM 101 CHM101 lecture slides'
[2026-06-26T08:58:04+00:00]       course search: 0 candidates, 0 decks
[2026-06-26T08:58:04+00:00]   [88/529] arizona-chem101: done
[2026-06-26T08:58:04+00:00]   [89/529] arizona-chm1113 (chm1113): fetching CCR course page
[2026-06-26T08:58:05+00:00]       CCR: CHM 1113 'CHM1113' (4 reviews, 0 profs named)
[2026-06-26T09:01:05+00:00]       catalog: no official match
[2026-06-26T09:01:05+00:00]       course slide search: 'Arizona State University CHM 1113 CHM1113 lecture slides'
[2026-06-26T09:01:49+00:00]       course search: 0 candidates, 0 decks
[2026-06-26T09:01:49+00:00]   [89/529] arizona-chm1113: done
[2026-06-26T09:01:49+00:00]   [90/529] arizona-chm233 (chm233): fetching CCR course page
[2026-06-26T09:01:49+00:00]       CCR: CHM 233 'CHM233' (88 reviews, 0 profs named)
[2026-06-26T09:04:22+00:00]       catalog: no official match
[2026-06-26T09:04:22+00:00]       course slide search: 'Arizona State University CHM 233 CHM233 lecture slides'
[2026-06-26T09:05:31+00:00]       course search: 0 candidates, 0 decks
[2026-06-26T09:05:31+00:00]   [90/529] arizona-chm233: done
[2026-06-26T09:05:31+00:00]   [91/529] arizona-chm341 (chm341): fetching CCR course page
[2026-06-26T09:05:32+00:00]       CCR: CHM 341 'CHM341' (8 reviews, 0 profs named)
[2026-06-26T09:07:36+00:00]       catalog: no official match
[2026-06-26T09:07:36+00:00]       course slide search: 'Arizona State University CHM 341 CHM341 lecture slides'
[2026-06-26T09:08:45+00:00]       course search: 0 candidates, 0 decks
[2026-06-26T09:08:45+00:00]   [91/529] arizona-chm341: done
[2026-06-26T09:08:45+00:00]   [92/529] arizona-hst332 (hst332): fetching CCR course page
[2026-06-26T09:08:47+00:00]       CCR: HST 332 'TCL332' (3 reviews, 0 profs named)
[2026-06-26T09:11:20+00:00]       catalog: no official match
[2026-06-26T09:11:20+00:00]       course slide search: 'Arizona State University HST 332 TCL332 lecture slides'
[2026-06-26T09:12:03+00:00]       course search: 0 candidates, 0 decks
[2026-06-26T09:12:03+00:00]   [92/529] arizona-hst332: done
[2026-06-26T09:12:03+00:00]   [93/529] arizona-tcl332 (tcl332): fetching CCR course page
[2026-06-26T09:12:04+00:00]       CCR: TCL 332 'HST332' (5 reviews, 0 profs named)
[2026-06-26T09:15:04+00:00]       catalog: no official match
[2026-06-26T09:15:04+00:00]       course slide search: 'Arizona State University TCL 332 HST332 lecture slides'
[2026-06-26T09:15:47+00:00]       course search: 0 candidates, 0 decks
[2026-06-26T09:15:47+00:00]   [93/529] arizona-tcl332: done
[2026-06-26T09:15:47+00:00]   [94/529] arizona-tcl101 (tcl101): fetching CCR course page
[2026-06-26T09:15:48+00:00]       CCR: TCL 101 'TCL101' (13 reviews, 0 profs named)
[2026-06-26T09:17:39+00:00]       catalog: no official match
[2026-06-26T09:17:39+00:00]       course slide search: 'Arizona State University TCL 101 TCL101 lecture slides'
[2026-06-26T09:18:23+00:00]       course search: 0 candidates, 0 decks
[2026-06-26T09:18:23+00:00]   [94/529] arizona-tcl101: done
[2026-06-26T09:18:23+00:00]   [95/529] arizona-cee213 (cee213): fetching CCR course page
[2026-06-26T09:18:23+00:00]       CCR: CEE 213 'CEE213' (3 reviews, 0 profs named)
[2026-06-26T09:21:23+00:00]       catalog: no official match
[2026-06-26T09:21:23+00:00]       course slide search: 'Arizona State University CEE 213 CEE213 lecture slides'
[2026-06-26T09:22:06+00:00]       course search: 0 candidates, 0 decks
[2026-06-26T09:22:06+00:00]   [95/529] arizona-cee213: done
[2026-06-26T09:22:06+00:00]   [96/529] arizona-cee212 (cee212): fetching CCR course page
[2026-06-26T09:22:07+00:00]       CCR: CEE 212 'CEE212' (10 reviews, 0 profs named)
[2026-06-26T09:24:40+00:00]       catalog: no official match
[2026-06-26T09:24:40+00:00]       course slide search: 'Arizona State University CEE 212 CEE212 lecture slides'
[2026-06-26T09:25:24+00:00]       course search: 0 candidates, 0 decks
[2026-06-26T09:25:24+00:00]   [96/529] arizona-cee212: done
[2026-06-26T09:25:24+00:00]   [97/529] arizona-eve261 (eve261): fetching CCR course page
[2026-06-26T09:25:24+00:00]       CCR: EVE 261 'EVE261' (8 reviews, 0 profs named)
[2026-06-26T09:27:14+00:00]       catalog: no official match
[2026-06-26T09:27:14+00:00]       course slide search: 'Arizona State University EVE 261 EVE261 lecture slides'
[2026-06-26T09:27:58+00:00]       course search: 0 candidates, 0 decks
[2026-06-26T09:27:58+00:00]   [97/529] arizona-eve261: done
[2026-06-26T09:27:58+00:00]   [98/529] arizona-com323 (com323): fetching CCR course page
[2026-06-26T09:27:58+00:00]       CCR: COM 323 'COM323' (3 reviews, 0 profs named)
[2026-06-26T09:31:25+00:00]       catalog: no official match
[2026-06-26T09:31:25+00:00]       course slide search: 'Arizona State University COM 323 COM323 lecture slides'
[2026-06-26T09:32:34+00:00]       course search: 0 candidates, 0 decks
[2026-06-26T09:32:34+00:00]   [98/529] arizona-com323: done
[2026-06-26T09:32:34+00:00]   [99/529] arizona-mco120 (mco120): fetching CCR course page
[2026-06-26T09:32:34+00:00]       CCR: MCO 120 'MCO120' (95 reviews, 0 profs named)
[2026-06-26T09:35:34+00:00]       catalog: no official match
[2026-06-26T09:35:34+00:00]       course slide search: 'Arizona State University MCO 120 MCO120 lecture slides'
[2026-06-26T09:36:18+00:00]       course search: 0 candidates, 0 decks
[2026-06-26T09:36:18+00:00]   [99/529] arizona-mco120: done
[2026-06-26T09:36:18+00:00]   [100/529] arizona-com100 (com100): fetching CCR course page
[2026-06-26T09:36:18+00:00]       CCR: COM 100 'COM100' (16 reviews, 0 profs named)
[2026-06-26T09:37:42+00:00]       catalog: no official match
[2026-06-26T09:37:42+00:00]       course slide search: 'Arizona State University COM 100 COM100 lecture slides'
[2026-06-26T09:38:26+00:00]       course search: 0 candidates, 0 decks
[2026-06-26T09:38:26+00:00]   [100/529] arizona-com100: done
[2026-06-26T09:38:26+00:00]   [101/529] arizona-com494 (com494): fetching CCR course page
[2026-06-26T09:38:26+00:00]       CCR: COM 494 'COM494' (3 reviews, 0 profs named)
[2026-06-26T09:39:51+00:00]       catalog: no official match
[2026-06-26T09:39:51+00:00]       course slide search: 'Arizona State University COM 494 COM494 lecture slides'
[2026-06-26T09:40:34+00:00]       course search: 0 candidates, 0 decks
[2026-06-26T09:40:34+00:00]   [101/529] arizona-com494: done
[2026-06-26T09:40:34+00:00]   [102/529] arizona-com263 (com263): fetching CCR course page
[2026-06-26T09:40:35+00:00]       CCR: COM 263 'COM263' (17 reviews, 0 profs named)
[2026-06-26T09:43:07+00:00]       catalog: no official match
[2026-06-26T09:43:07+00:00]       course slide search: 'Arizona State University COM 263 COM263 lecture slides'
[2026-06-26T09:44:16+00:00]       course search: 0 candidates, 0 decks
[2026-06-26T09:44:16+00:00]   [102/529] arizona-com263: done
[2026-06-26T09:44:16+00:00]   [103/529] arizona-com450 (com450): fetching CCR course page
[2026-06-26T09:44:17+00:00]       CCR: COM 450 'COM450' (5 reviews, 0 profs named)
[2026-06-26T09:46:23+00:00]       catalog: no official match
[2026-06-26T09:46:23+00:00]       course slide search: 'Arizona State University COM 450 COM450 lecture slides'
[2026-06-26T09:47:05+00:00]       course search: 0 candidates, 0 decks
[2026-06-26T09:47:06+00:00]   [103/529] arizona-com450: done
[2026-06-26T09:47:06+00:00]   [104/529] arizona-com308 (com308): fetching CCR course page
[2026-06-26T09:47:06+00:00]       CCR: COM 308 'COM308' (23 reviews, 0 profs named)
[2026-06-26T09:49:12+00:00]       catalog: no official match
[2026-06-26T09:49:12+00:00]       course slide search: 'Arizona State University COM 308 COM308 lecture slides'
[2026-06-26T09:49:55+00:00]       course search: 0 candidates, 0 decks
[2026-06-26T09:49:55+00:00]   [104/529] arizona-com308: done
[2026-06-26T09:49:55+00:00]   [105/529] arizona-com207 (com207): fetching CCR course page
[2026-06-26T09:49:55+00:00]       CCR: COM 207 'COM207' (16 reviews, 0 profs named)
[2026-06-26T09:52:02+00:00]       catalog: no official match
[2026-06-26T09:52:02+00:00]       course slide search: 'Arizona State University COM 207 COM207 lecture slides'
[2026-06-26T09:58:38+00:00]       course search: 0 candidates, 0 decks
[2026-06-26T09:58:38+00:00]   [105/529] arizona-com207: done
[2026-06-26T09:58:38+00:00]   [106/529] arizona-com225 (com225): fetching CCR course page
[2026-06-26T09:58:38+00:00]       CCR: COM 225 'COM225' (27 reviews, 0 profs named)
[2026-06-26T10:01:11+00:00]       catalog: no official match
[2026-06-26T10:01:11+00:00]       course slide search: 'Arizona State University COM 225 COM225 lecture slides'
[2026-06-26T10:02:20+00:00]       course search: 0 candidates, 0 decks
[2026-06-26T10:02:20+00:00]   [106/529] arizona-com225: done
[2026-06-26T10:02:20+00:00]   [107/529] arizona-com230 (com230): fetching CCR course page
[2026-06-26T10:02:21+00:00]       CCR: COM 230 'COM230' (45 reviews, 0 profs named)
[2026-06-26T10:04:27+00:00]       catalog: no official match
[2026-06-26T10:04:27+00:00]       course slide search: 'Arizona State University COM 230 COM230 lecture slides'
[2026-06-26T10:05:10+00:00]       course search: 0 candidates, 0 decks
[2026-06-26T10:05:10+00:00]   [107/529] arizona-com230: done
[2026-06-26T10:05:10+00:00]   [108/529] arizona-com250 (com250): fetching CCR course page
[2026-06-26T10:05:11+00:00]       CCR: COM 250 'COM250' (16 reviews, 0 profs named)
[2026-06-26T10:07:17+00:00]       catalog: no official match
[2026-06-26T10:07:17+00:00]       course slide search: 'Arizona State University COM 250 COM250 lecture slides'
[2026-06-26T10:08:01+00:00]       course search: 0 candidates, 0 decks
[2026-06-26T10:08:01+00:00]   [108/529] arizona-com250: done
[2026-06-26T10:08:01+00:00]   [109/529] arizona-com259 (com259): fetching CCR course page
[2026-06-26T10:08:01+00:00]       CCR: COM 259 'COM259' (50 reviews, 0 profs named)
[2026-06-26T10:10:07+00:00]       catalog: no official match
[2026-06-26T10:10:07+00:00]       course slide search: 'Arizona State University COM 259 COM259 lecture slides'
[2026-06-26T10:10:50+00:00]       course search: 0 candidates, 0 decks
[2026-06-26T10:10:50+00:00]   [109/529] arizona-com259: done
[2026-06-26T10:10:50+00:00]   [110/529] arizona-com310 (com310): fetching CCR course page
[2026-06-26T10:10:51+00:00]       CCR: COM 310 'COM310' (13 reviews, 0 profs named)
[2026-06-26T10:12:58+00:00]       catalog: no official match
[2026-06-26T10:12:58+00:00]       course slide search: 'Arizona State University COM 310 COM310 lecture slides'
[2026-06-26T10:13:42+00:00]       course search: 0 candidates, 0 decks
[2026-06-26T10:13:42+00:00]   [110/529] arizona-com310: done
[2026-06-26T10:13:42+00:00]   [111/529] arizona-com312 (com312): fetching CCR course page
[2026-06-26T10:13:42+00:00]       CCR: COM 312 'COM312' (20 reviews, 0 profs named)
[2026-06-26T10:15:46+00:00]       catalog: no official match
[2026-06-26T10:15:46+00:00]       course slide search: 'Arizona State University COM 312 COM312 lecture slides'
[2026-06-26T10:16:30+00:00]       course search: 0 candidates, 0 decks
[2026-06-26T10:16:30+00:00]   [111/529] arizona-com312: done
[2026-06-26T10:16:30+00:00]   [112/529] arizona-com316 (com316): fetching CCR course page
[2026-06-26T10:16:31+00:00]       CCR: COM 316 'COM316' (9 reviews, 0 profs named)
[2026-06-26T10:19:04+00:00]       catalog: no official match
[2026-06-26T10:19:04+00:00]       course slide search: 'Arizona State University COM 316 COM316 lecture slides'
[2026-06-26T10:20:13+00:00]       course search: 0 candidates, 0 decks
[2026-06-26T10:20:13+00:00]   [112/529] arizona-com316: done
[2026-06-26T10:20:13+00:00]   [113/529] arizona-com400 (com400): fetching CCR course page
[2026-06-26T10:20:13+00:00]       CCR: COM 400 'COM400' (3 reviews, 0 profs named)
[2026-06-26T10:22:20+00:00]       catalog: no official match
[2026-06-26T10:22:20+00:00]       course slide search: 'Arizona State University COM 400 COM400 lecture slides'
[2026-06-26T10:23:04+00:00]       course search: 0 candidates, 0 decks
[2026-06-26T10:23:04+00:00]   [113/529] arizona-com400: done
[2026-06-26T10:23:04+00:00]   [114/529] arizona-nlm410 (nlm410): fetching CCR course page
[2026-06-26T10:23:04+00:00]       CCR: NLM 410 'NLM410' (8 reviews, 0 profs named)
[2026-06-26T10:25:10+00:00]       catalog: no official match
[2026-06-26T10:25:10+00:00]       course slide search: 'Arizona State University NLM 410 NLM410 lecture slides'
[2026-06-26T10:25:53+00:00]       course search: 0 candidates, 0 decks
[2026-06-26T10:25:53+00:00]   [114/529] arizona-nlm410: done
[2026-06-26T10:25:53+00:00]   [115/529] arizona-cse325 (cse325): fetching CCR course page
[2026-06-26T10:25:54+00:00]       CCR: CSE 325 'CSE325' (15 reviews, 0 profs named)
[2026-06-26T10:28:00+00:00]       catalog: no official match
[2026-06-26T10:28:00+00:00]       course slide search: 'Arizona State University CSE 325 CSE325 lecture slides'
[2026-06-26T10:29:09+00:00]       course search: 0 candidates, 0 decks
[2026-06-26T10:29:09+00:00]   [115/529] arizona-cse325: done
[2026-06-26T10:29:09+00:00]   [116/529] arizona-eee120 (eee120): fetching CCR course page
[2026-06-26T10:29:09+00:00]       CCR: EEE 120 'EEE120' (116 reviews, 0 profs named)
[2026-06-26T10:30:34+00:00]       catalog: no official match
[2026-06-26T10:30:34+00:00]       course slide search: 'Arizona State University EEE 120 EEE120 lecture slides'
[2026-06-26T10:31:17+00:00]       course search: 0 candidates, 0 decks
[2026-06-26T10:31:17+00:00]   [116/529] arizona-eee120: done
[2026-06-26T10:31:17+00:00]   [117/529] arizona-eee419 (eee419): fetching CCR course page
[2026-06-26T10:31:18+00:00]       CCR: EEE 419 'EEE419' (6 reviews, 0 profs named)
[2026-06-26T10:34:18+00:00]       catalog: no official match
[2026-06-26T10:34:18+00:00]       course slide search: 'Arizona State University EEE 419 EEE419 lecture slides'
[2026-06-26T10:35:02+00:00]       course search: 0 candidates, 0 decks
[2026-06-26T10:35:02+00:00]   [117/529] arizona-eee419: done
[2026-06-26T10:35:02+00:00]   [118/529] arizona-c105 (c105): fetching CCR course page
[2026-06-26T10:35:02+00:00]       CCR: C 105 'C105' (33 reviews, 0 profs named)
[2026-06-26T10:36:25+00:00]       catalog: no official match
[2026-06-26T10:36:25+00:00]       course slide search: 'Arizona State University C 105 C105 lecture slides'
[2026-06-26T10:37:08+00:00]       course search: 0 candidates, 0 decks
[2026-06-26T10:37:08+00:00]   [118/529] arizona-c105: done
[2026-06-26T10:37:08+00:00]   [119/529] arizona-cis300 (cis300): fetching CCR course page
[2026-06-26T10:37:09+00:00]       CCR: CIS 300 'CIS300' (5 reviews, 0 profs named)
[2026-06-26T10:39:42+00:00]       catalog: no official match
[2026-06-26T10:39:42+00:00]       course slide search: 'Arizona State University CIS 300 CIS300 lecture slides'
[2026-06-26T10:40:51+00:00]       course search: 0 candidates, 0 decks
[2026-06-26T10:40:51+00:00]   [119/529] arizona-cis300: done
[2026-06-26T10:40:51+00:00]   [120/529] arizona-cis235 (cis235): fetching CCR course page
[2026-06-26T10:40:51+00:00]       CCR: CIS 235 'CIS235' (33 reviews, 0 profs named)
[2026-06-26T10:43:52+00:00]       catalog: no official match
[2026-06-26T10:43:52+00:00]       course slide search: 'Arizona State University CIS 235 CIS235 lecture slides'
[2026-06-26T10:44:35+00:00]       course search: 0 candidates, 0 decks
[2026-06-26T10:44:35+00:00]   [120/529] arizona-cis235: done
[2026-06-26T10:44:35+00:00]   [121/529] arizona-cis425 (cis425): fetching CCR course page
[2026-06-26T10:44:35+00:00]       CCR: CIS 425 'CIS425' (18 reviews, 0 profs named)
[2026-06-26T10:47:36+00:00]       catalog: no official match
[2026-06-26T10:47:36+00:00]       course slide search: 'Arizona State University CIS 425 CIS425 lecture slides'
[2026-06-26T10:48:19+00:00]       course search: 0 candidates, 0 decks
[2026-06-26T10:48:19+00:00]   [121/529] arizona-cis425: done
[2026-06-26T10:48:19+00:00]   [122/529] arizona-cis309 (cis309): fetching CCR course page
[2026-06-26T10:48:20+00:00]       CCR: CIS 309 'CIS309' (10 reviews, 0 profs named)
[2026-06-26T10:50:12+00:00]       catalog: no official match
[2026-06-26T10:50:12+00:00]       course slide search: 'Arizona State University CIS 309 CIS309 lecture slides'
[2026-06-26T10:50:36+00:00]       course search: 0 candidates, 0 decks
[2026-06-26T10:50:36+00:00]   [122/529] arizona-cis309: done
[2026-06-26T10:50:36+00:00]   [123/529] arizona-cis340 (cis340): fetching CCR course page
[2026-06-26T10:50:36+00:00]       CCR: CIS 340 'CIS340' (18 reviews, 0 profs named)
[2026-06-26T10:51:12+00:00]       catalog: no official match
[2026-06-26T10:51:12+00:00]       course slide search: 'Arizona State University CIS 340 CIS340 lecture slides'
[2026-06-26T10:51:30+00:00]       course search: 0 candidates, 0 decks
[2026-06-26T10:51:30+00:00]   [123/529] arizona-cis340: done
[2026-06-26T10:51:30+00:00]   [124/529] arizona-cis541 (cis541): fetching CCR course page
[2026-06-26T10:51:31+00:00]       CCR: CIS 541 'CIS541' (8 reviews, 0 profs named)
[2026-06-26T10:52:24+00:00]       catalog: no official match
[2026-06-26T10:52:24+00:00]       course slide search: 'Arizona State University CIS 541 CIS541 lecture slides'
[2026-06-26T10:52:42+00:00]       course search: 0 candidates, 0 decks
[2026-06-26T10:52:42+00:00]   [124/529] arizona-cis541: done
[2026-06-26T10:52:42+00:00]   [125/529] arizona-cse466 (cse466): fetching CCR course page
[2026-06-26T10:52:42+00:00]       CCR: CSE 466 'CSE466' (28 reviews, 0 profs named)
[2026-06-26T10:53:21+00:00]       catalog: no official match
[2026-06-26T10:53:21+00:00]       course slide search: 'Arizona State University CSE 466 CSE466 lecture slides'
[2026-06-26T10:53:35+00:00]       course search: 0 candidates, 0 decks
[2026-06-26T10:53:35+00:00]   [125/529] arizona-cse466: done
[2026-06-26T10:53:35+00:00]   [126/529] arizona-cse579 (cse579): fetching CCR course page
[2026-06-26T10:53:35+00:00]       CCR: CSE 579 'CSE579' (24 reviews, 0 profs named)
[2026-06-26T10:53:58+00:00]       catalog: no official match
[2026-06-26T10:53:58+00:00]       course slide search: 'Arizona State University CSE 579 CSE579 lecture slides'
[2026-06-26T10:54:03+00:00]       course search: 0 candidates, 0 decks
[2026-06-26T10:54:03+00:00]   [126/529] arizona-cse579: done
[2026-06-26T10:54:03+00:00]   [127/529] arizona-cse464 (cse464): fetching CCR course page
[2026-06-26T10:54:03+00:00]       CCR: CSE 464 'CSE464' (4 reviews, 0 profs named)
[2026-06-26T10:54:12+00:00]       catalog: no official match
[2026-06-26T10:54:12+00:00]       course slide search: 'Arizona State University CSE 464 CSE464 lecture slides'
[2026-06-26T10:54:22+00:00]       course search: 0 candidates, 0 decks
[2026-06-26T10:54:22+00:00]   [127/529] arizona-cse464: done
[2026-06-26T10:54:22+00:00]   [128/529] arizona-cse565 (cse565): fetching CCR course page
[2026-06-26T10:54:22+00:00]       CCR: CSE 565 'CSE565' (9 reviews, 0 profs named)
[2026-06-26T10:56:55+00:00]       catalog: no official match
[2026-06-26T10:56:55+00:00]       course slide search: 'Arizona State University CSE 565 CSE565 lecture slides'
[2026-06-26T10:58:04+00:00]       course search: 0 candidates, 0 decks
[2026-06-26T10:58:04+00:00]   [128/529] arizona-cse565: done
[2026-06-26T10:58:04+00:00]   [129/529] arizona-cse564 (cse564): fetching CCR course page
[2026-06-26T10:58:05+00:00]       CCR: CSE 564 'CSE564' (5 reviews, 0 profs named)
[2026-06-26T11:01:05+00:00]       catalog: no official match
[2026-06-26T11:01:05+00:00]       course slide search: 'Arizona State University CSE 564 CSE564 lecture slides'
[2026-06-26T11:02:14+00:00]       course search: 0 candidates, 0 decks
[2026-06-26T11:02:14+00:00]   [129/529] arizona-cse564: done
[2026-06-26T11:02:14+00:00]   [130/529] arizona-cse230 (cse230): fetching CCR course page
[2026-06-26T11:02:15+00:00]       CCR: CSE 230 'CSE230' (44 reviews, 0 profs named)
[2026-06-26T11:04:06+00:00]       catalog: no official match
[2026-06-26T11:04:06+00:00]       course slide search: 'Arizona State University CSE 230 CSE230 lecture slides'
[2026-06-26T11:05:15+00:00]       course search: 0 candidates, 0 decks
[2026-06-26T11:05:15+00:00]   [130/529] arizona-cse230: done
[2026-06-26T11:05:15+00:00]   [131/529] arizona-cse240 (cse240): fetching CCR course page
[2026-06-26T11:05:15+00:00]       CCR: CSE 240 'CSE240' (44 reviews, 0 profs named)
[2026-06-26T11:07:22+00:00]       catalog: no official match
[2026-06-26T11:07:22+00:00]       course slide search: 'Arizona State University CSE 240 CSE240 lecture slides'
[2026-06-26T11:08:06+00:00]       course search: 0 candidates, 0 decks
[2026-06-26T11:08:06+00:00]   [131/529] arizona-cse240: done
[2026-06-26T11:08:06+00:00]   [132/529] arizona-cse120 (cse120): fetching CCR course page
[2026-06-26T11:08:07+00:00]       CCR: CSE 120 'CSE120' (15 reviews, 0 profs named)
[2026-06-26T11:09:30+00:00]       catalog: no official match
[2026-06-26T11:09:30+00:00]       course slide search: 'Arizona State University CSE 120 CSE120 lecture slides'
[2026-06-26T11:10:14+00:00]       course search: 0 candidates, 0 decks
[2026-06-26T11:10:14+00:00]   [132/529] arizona-cse120: done
[2026-06-26T11:10:14+00:00]   [133/529] arizona-cpi111 (cpi111): fetching CCR course page
[2026-06-26T11:10:14+00:00]       CCR: CPI 111 'CPI111' (10 reviews, 0 profs named)
[2026-06-26T11:12:04+00:00]       catalog: no official match
[2026-06-26T11:12:05+00:00]       course slide search: 'Arizona State University CPI 111 CPI111 lecture slides'
[2026-06-26T11:14:23+00:00]       course search: 0 candidates, 0 decks
[2026-06-26T11:14:23+00:00]   [133/529] arizona-cpi111: done
[2026-06-26T11:14:23+00:00]   [134/529] arizona-cpi421 (cpi421): fetching CCR course page
[2026-06-26T11:14:23+00:00]       CCR: CPI 421 'CPI421' (3 reviews, 0 profs named)
[2026-06-26T11:16:56+00:00]       catalog: no official match
[2026-06-26T11:16:56+00:00]       course slide search: 'Arizona State University CPI 421 CPI421 lecture slides'
[2026-06-26T11:18:05+00:00]       course search: 0 candidates, 0 decks
[2026-06-26T11:18:05+00:00]   [134/529] arizona-cpi421: done
[2026-06-26T11:18:05+00:00]   [135/529] arizona-cs310 (cs310): fetching CCR course page
[2026-06-26T11:18:06+00:00]       CCR: CS 310 'CS310' (6 reviews, 0 profs named)
[2026-06-26T11:19:30+00:00]       catalog: no official match
[2026-06-26T11:19:30+00:00]       course slide search: 'Arizona State University CS 310 CS310 lecture slides'
[2026-06-26T11:21:48+00:00]       course search: 0 candidates, 0 decks
[2026-06-26T11:21:48+00:00]   [135/529] arizona-cs310: done
[2026-06-26T11:21:48+00:00]   [136/529] arizona-cse100 (cse100): fetching CCR course page
[2026-06-26T11:21:48+00:00]       CCR: CSE 100 'CSE100' (15 reviews, 0 profs named)
[2026-06-26T11:23:12+00:00]       catalog: no official match
[2026-06-26T11:23:12+00:00]       course slide search: 'Arizona State University CSE 100 CSE100 lecture slides'
[2026-06-26T11:25:29+00:00]       course search: 0 candidates, 0 decks
[2026-06-26T11:25:29+00:00]   [136/529] arizona-cse100: done
[2026-06-26T11:25:29+00:00]   [137/529] arizona-cse180 (cse180): fetching CCR course page
[2026-06-26T11:25:29+00:00]       CCR: CSE 180 'CSE180' (57 reviews, 0 profs named)
[2026-06-26T11:28:01+00:00]       catalog: no official match
[2026-06-26T11:28:01+00:00]       course slide search: 'Arizona State University CSE 180 CSE180 lecture slides'
[2026-06-26T11:29:10+00:00]       course search: 0 candidates, 0 decks
[2026-06-26T11:29:10+00:00]   [137/529] arizona-cse180: done
[2026-06-26T11:29:10+00:00]   [138/529] arizona-cse205 (cse205): fetching CCR course page
[2026-06-26T11:29:10+00:00]       CCR: CSE 205 'CSE205' (63 reviews, 0 profs named)
[2026-06-26T11:31:01+00:00]       catalog: no official match
[2026-06-26T11:31:01+00:00]       course slide search: 'Arizona State University CSE 205 CSE205 lecture slides'
[2026-06-26T11:32:10+00:00]       course search: 0 candidates, 0 decks
[2026-06-26T11:32:10+00:00]   [138/529] arizona-cse205: done
[2026-06-26T11:32:10+00:00]   [139/529] arizona-cse220 (cse220): fetching CCR course page
[2026-06-26T11:32:11+00:00]       CCR: CSE 220 'CSE220' (4 reviews, 0 profs named)
[2026-06-26T11:35:38+00:00]       catalog: no official match
[2026-06-26T11:35:38+00:00]       course slide search: 'Arizona State University CSE 220 CSE220 lecture slides'
[2026-06-26T11:36:47+00:00]       course search: 0 candidates, 0 decks
[2026-06-26T11:36:47+00:00]   [139/529] arizona-cse220: done
[2026-06-26T11:36:47+00:00]   [140/529] arizona-cse259 (cse259): fetching CCR course page
[2026-06-26T11:36:47+00:00]       CCR: CSE 259 'CSE259' (20 reviews, 0 profs named)
[2026-06-26T11:38:38+00:00]       catalog: no official match
[2026-06-26T11:38:38+00:00]       course slide search: 'Arizona State University CSE 259 CSE259 lecture slides'
[2026-06-26T11:40:56+00:00]       course search: 0 candidates, 0 decks
[2026-06-26T11:40:56+00:00]   [140/529] arizona-cse259: done
[2026-06-26T11:40:56+00:00]   [141/529] arizona-cse310 (cse310): fetching CCR course page
[2026-06-26T11:40:57+00:00]       CCR: CSE 310 'CS310' (186 reviews, 0 profs named)
[2026-06-26T11:42:21+00:00]       catalog: no official match
[2026-06-26T11:42:21+00:00]       course slide search: 'Arizona State University CSE 310 CS310 lecture slides'
[2026-06-26T11:44:38+00:00]       course search: 0 candidates, 0 decks
[2026-06-26T11:44:38+00:00]   [141/529] arizona-cse310: done
[2026-06-26T11:44:38+00:00]   [142/529] arizona-cse330 (cse330): fetching CCR course page
[2026-06-26T11:44:39+00:00]       CCR: CSE 330 'CSE330' (87 reviews, 0 profs named)
[2026-06-26T11:47:12+00:00]       catalog: no official match
[2026-06-26T11:47:12+00:00]       course slide search: 'Arizona State University CSE 330 CSE330 lecture slides'
[2026-06-26T11:48:21+00:00]       course search: 0 candidates, 0 decks
[2026-06-26T11:48:21+00:00]   [142/529] arizona-cse330: done
[2026-06-26T11:48:21+00:00]   [143/529] arizona-cse340 (cse340): fetching CCR course page
[2026-06-26T11:48:22+00:00]       CCR: CSE 340 'CSE340' (177 reviews, 0 profs named)
[2026-06-26T11:50:12+00:00]       catalog: no official match
[2026-06-26T11:50:12+00:00]       course slide search: 'Arizona State University CSE 340 CSE340 lecture slides'
[2026-06-26T11:52:29+00:00]       course search: 0 candidates, 0 decks
[2026-06-26T11:52:29+00:00]   [143/529] arizona-cse340: done
[2026-06-26T11:52:29+00:00]   [144/529] arizona-cse355 (cse355): fetching CCR course page
[2026-06-26T11:52:30+00:00]       CCR: CSE 355 'CSE355' (65 reviews, 0 profs named)
[2026-06-26T11:54:35+00:00]       catalog: no official match
[2026-06-26T11:54:35+00:00]       course slide search: 'Arizona State University CSE 355 CSE355 lecture slides'
[2026-06-26T11:56:53+00:00]       course search: 0 candidates, 0 decks
[2026-06-26T11:56:53+00:00]   [144/529] arizona-cse355: done
[2026-06-26T11:56:53+00:00]   [145/529] arizona-cse360 (cse360): fetching CCR course page
[2026-06-26T11:56:53+00:00]       CCR: CSE 360 'CSE360' (38 reviews, 0 profs named)
[2026-06-26T11:59:11+00:00]       catalog: no official match
[2026-06-26T11:59:11+00:00]       course slide search: 'Arizona State University CSE 360 CSE360 lecture slides'
[2026-06-26T12:00:20+00:00]       course search: 0 candidates, 0 decks
[2026-06-26T12:00:20+00:00]   [145/529] arizona-cse360: done
[2026-06-26T12:00:20+00:00]   [146/529] arizona-cse365 (cse365): fetching CCR course page
[2026-06-26T12:00:21+00:00]       CCR: CSE 365 'CSE365' (18 reviews, 0 profs named)
[2026-06-26T12:03:21+00:00]       catalog: no official match
[2026-06-26T12:03:21+00:00]       course slide search: 'Arizona State University CSE 365 CSE365 lecture slides'
[2026-06-26T12:04:30+00:00]       course search: 0 candidates, 0 decks
[2026-06-26T12:04:30+00:00]   [146/529] arizona-cse365: done
[2026-06-26T12:04:30+00:00]   [147/529] arizona-cse412 (cse412): fetching CCR course page
[2026-06-26T12:04:31+00:00]       CCR: CSE 412 'CSE412' (16 reviews, 0 profs named)
[2026-06-26T12:07:31+00:00]       catalog: no official match
[2026-06-26T12:07:31+00:00]       course slide search: 'Arizona State University CSE 412 CSE412 lecture slides'
[2026-06-26T12:09:48+00:00]       course search: 0 candidates, 0 decks
[2026-06-26T12:09:48+00:00]   [147/529] arizona-cse412: done
[2026-06-26T12:09:48+00:00]   [148/529] arizona-cse430 (cse430): fetching CCR course page
[2026-06-26T12:09:49+00:00]       CCR: CSE 430 'CSE430' (6 reviews, 0 profs named)
[2026-06-26T12:11:55+00:00]       catalog: no official match
[2026-06-26T12:11:55+00:00]       course slide search: 'Arizona State University CSE 430 CSE430 lecture slides'
[2026-06-26T12:14:12+00:00]       course search: 0 candidates, 0 decks
[2026-06-26T12:14:12+00:00]   [148/529] arizona-cse430: done
[2026-06-26T12:14:12+00:00]   [149/529] arizona-cse450 (cse450): fetching CCR course page
[2026-06-26T12:14:13+00:00]       CCR: CSE 450 'CSE450' (3 reviews, 0 profs named)
[2026-06-26T12:16:31+00:00]       catalog: no official match
[2026-06-26T12:16:31+00:00]       course slide search: 'Arizona State University CSE 450 CSE450 lecture slides'
[2026-06-26T12:17:40+00:00]       course search: 0 candidates, 0 decks
[2026-06-26T12:17:40+00:00]   [149/529] arizona-cse450: done
[2026-06-26T12:17:40+00:00]   [150/529] arizona-cse469 (cse469): fetching CCR course page
[2026-06-26T12:17:40+00:00]       CCR: CSE 469 'CSE469' (3 reviews, 0 profs named)
[2026-06-26T12:20:40+00:00]       catalog: no official match
[2026-06-26T12:20:40+00:00]       course slide search: 'Arizona State University CSE 469 CSE469 lecture slides'
[2026-06-26T12:22:57+00:00]       course search: 0 candidates, 0 decks
[2026-06-26T12:22:57+00:00]   [150/529] arizona-cse469: done
[2026-06-26T12:22:57+00:00]   [151/529] arizona-cse476 (cse476): fetching CCR course page
[2026-06-26T12:23:00+00:00]       CCR: CSE 476 'CSE476' (13 reviews, 0 profs named)
[2026-06-26T12:25:05+00:00]       catalog: no official match
[2026-06-26T12:25:05+00:00]       course slide search: 'Arizona State University CSE 476 CSE476 lecture slides'
[2026-06-26T12:26:14+00:00]       course search: 0 candidates, 0 decks
[2026-06-26T12:26:14+00:00]   [151/529] arizona-cse476: done
[2026-06-26T12:26:14+00:00]   [152/529] arizona-cse512 (cse512): fetching CCR course page
[2026-06-26T12:26:14+00:00]       CCR: CSE 512 'CSE512' (22 reviews, 0 profs named)
[2026-06-26T12:29:14+00:00]       catalog: no official match
[2026-06-26T12:29:14+00:00]       course slide search: 'Arizona State University CSE 512 CSE512 lecture slides'
[2026-06-26T12:30:23+00:00]       course search: 0 candidates, 0 decks
[2026-06-26T12:30:23+00:00]   [152/529] arizona-cse512: done
[2026-06-26T12:30:23+00:00]   [153/529] arizona-cse539 (cse539): fetching CCR course page
[2026-06-26T12:30:24+00:00]       CCR: CSE 539 'CSE539' (5 reviews, 0 profs named)
[2026-06-26T12:33:50+00:00]       catalog: no official match
[2026-06-26T12:33:50+00:00]       course slide search: 'Arizona State University CSE 539 CSE539 lecture slides'
[2026-06-26T12:36:08+00:00]       course search: 0 candidates, 0 decks
[2026-06-26T12:36:08+00:00]   [153/529] arizona-cse539: done
[2026-06-26T12:36:08+00:00]   [154/529] arizona-cse546 (cse546): fetching CCR course page
[2026-06-26T12:36:09+00:00]       CCR: CSE 546 'CSE546' (16 reviews, 0 profs named)
[2026-06-26T12:39:09+00:00]       catalog: no official match
[2026-06-26T12:39:09+00:00]       course slide search: 'Arizona State University CSE 546 CSE546 lecture slides'
[2026-06-26T12:41:28+00:00]       course search: 0 candidates, 0 decks
[2026-06-26T12:41:28+00:00]   [154/529] arizona-cse546: done
[2026-06-26T12:41:28+00:00]   [155/529] arizona-cse563 (cse563): fetching CCR course page
[2026-06-26T12:41:28+00:00]       CCR: CSE 563 'CSE563' (18 reviews, 0 profs named)
[2026-06-26T12:44:03+00:00]       catalog: no official match
[2026-06-26T12:44:03+00:00]       course slide search: 'Arizona State University CSE 563 CSE563 lecture slides'
[2026-06-26T12:46:21+00:00]       course search: 0 candidates, 0 decks
[2026-06-26T12:46:21+00:00]   [155/529] arizona-cse563: done
[2026-06-26T12:46:21+00:00]   [156/529] arizona-cse575 (cse575): fetching CCR course page
[2026-06-26T12:46:21+00:00]       CCR: CSE 575 'CSE575' (11 reviews, 0 profs named)
[2026-06-26T12:48:55+00:00]       catalog: no official match
[2026-06-26T12:48:55+00:00]       course slide search: 'Arizona State University CSE 575 CSE575 lecture slides'
[2026-06-26T12:50:04+00:00]       course search: 0 candidates, 0 decks
[2026-06-26T12:50:04+00:00]   [156/529] arizona-cse575: done
[2026-06-26T12:50:04+00:00]   [157/529] arizona-cse578 (cse578): fetching CCR course page
[2026-06-26T12:50:05+00:00]       CCR: CSE 578 'CSE578' (11 reviews, 0 profs named)
[2026-06-26T12:53:05+00:00]       catalog: no official match
[2026-06-26T12:53:05+00:00]       course slide search: 'Arizona State University CSE 578 CSE578 lecture slides'
[2026-06-26T12:55:23+00:00]       course search: 0 candidates, 0 decks
[2026-06-26T12:55:23+00:00]   [157/529] arizona-cse578: done
[2026-06-26T12:55:23+00:00]   [158/529] arizona-eee334 (eee334): fetching CCR course page
[2026-06-26T12:55:23+00:00]       CCR: EEE 334 'EEE334' (130 reviews, 0 profs named)
[2026-06-26T12:55:25+00:00]       catalog: matched https://ecee.engineering.asu.edu/wp-content/uploads/sites/40/2024/03/ASU-EEE-334-Syllabus_Sample.pdf
[2026-06-26T12:55:25+00:00]       course slide search: 'Arizona State University EEE 334 EEE334 lecture slides'
[2026-06-26T12:57:03+00:00]       course search: 0 candidates, 0 decks
[2026-06-26T12:57:03+00:00]   [158/529] arizona-eee334: done
[2026-06-26T12:57:03+00:00]   [159/529] arizona-eee591 (eee591): fetching CCR course page
[2026-06-26T12:57:03+00:00]       CCR: EEE 591 'EEE591' (9 reviews, 0 profs named)
[2026-06-26T12:57:42+00:00]       catalog: no official match
[2026-06-26T12:57:42+00:00]       course slide search: 'Arizona State University EEE 591 EEE591 lecture slides'
[2026-06-26T12:58:00+00:00]       course search: 0 candidates, 0 decks
[2026-06-26T12:58:00+00:00]   [159/529] arizona-eee591: done
[2026-06-26T12:58:00+00:00]   [160/529] arizona-con271 (con271): fetching CCR course page
[2026-06-26T12:58:00+00:00]       CCR: CON 271 'CON271' (7 reviews, 0 profs named)
[2026-06-26T12:58:38+00:00]       catalog: no official match
[2026-06-26T12:58:38+00:00]       course slide search: 'Arizona State University CON 271 CON271 lecture slides'
[2026-06-26T12:58:56+00:00]       course search: 0 candidates, 0 decks
[2026-06-26T12:58:56+00:00]   [160/529] arizona-con271: done
[2026-06-26T12:58:56+00:00]   [161/529] arizona-con244 (con244): fetching CCR course page
[2026-06-26T12:58:57+00:00]       CCR: CON 244 'CON244' (5 reviews, 0 profs named)
[2026-06-26T12:59:35+00:00]       catalog: no official match
[2026-06-26T12:59:35+00:00]       course slide search: 'Arizona State University CON 244 CON244 lecture slides'
[2026-06-26T13:01:12+00:00]       course search: 0 candidates, 0 decks
[2026-06-26T13:01:12+00:00]   [161/529] arizona-con244: done
[2026-06-26T13:01:12+00:00]   [162/529] arizona-con251 (con251): fetching CCR course page
[2026-06-26T13:01:13+00:00]       CCR: CON 251 'CON251' (3 reviews, 0 profs named)
[2026-06-26T13:01:52+00:00]       catalog: no official match
[2026-06-26T13:01:52+00:00]       course slide search: 'Arizona State University CON 251 CON251 lecture slides'
[2026-06-26T13:03:30+00:00]       course search: 0 candidates, 0 decks
[2026-06-26T13:03:30+00:00]   [162/529] arizona-con251: done
[2026-06-26T13:03:30+00:00]   [163/529] arizona-con310 (con310): fetching CCR course page
[2026-06-26T13:03:30+00:00]       CCR: CON 310 'CON310' (4 reviews, 0 profs named)
[2026-06-26T13:03:36+00:00]       catalog: no official match
[2026-06-26T13:03:36+00:00]       course slide search: 'Arizona State University CON 310 CON310 lecture slides'
[2026-06-26T13:05:15+00:00]       course search: 0 candidates, 0 decks
[2026-06-26T13:05:15+00:00]   [163/529] arizona-con310: done
[2026-06-26T13:05:15+00:00]   [164/529] arizona-con221 (con221): fetching CCR course page
[2026-06-26T13:05:16+00:00]       CCR: CON 221 'CON221' (26 reviews, 0 profs named)
[2026-06-26T13:07:44+00:00]       catalog: no official match
[2026-06-26T13:07:44+00:00]       course slide search: 'Arizona State University CON 221 CON221 lecture slides'
[2026-06-26T13:08:53+00:00]       course search: 0 candidates, 0 decks
[2026-06-26T13:08:53+00:00]   [164/529] arizona-con221: done
[2026-06-26T13:08:53+00:00]   [165/529] arizona-crj305 (crj305): fetching CCR course page
[2026-06-26T13:08:53+00:00]       CCR: CRJ 305 'CRJ305' (3 reviews, 0 profs named)
[2026-06-26T13:11:52+00:00]       catalog: no official match
[2026-06-26T13:11:52+00:00]       course slide search: 'Arizona State University CRJ 305 CRJ305 lecture slides'
[2026-06-26T13:13:01+00:00]       course search: 0 candidates, 0 decks
[2026-06-26T13:13:01+00:00]   [165/529] arizona-crj305: done
[2026-06-26T13:13:01+00:00]   [166/529] arizona-crj260 (crj260): fetching CCR course page
[2026-06-26T13:13:02+00:00]       CCR: CRJ 260 'CRJ260' (3 reviews, 0 profs named)
[2026-06-26T13:16:02+00:00]       catalog: no official match
[2026-06-26T13:16:02+00:00]       course slide search: 'Arizona State University CRJ 260 CRJ260 lecture slides'
[2026-06-26T13:17:11+00:00]       course search: 0 candidates, 0 decks
[2026-06-26T13:17:11+00:00]   [166/529] arizona-crj260: done
[2026-06-26T13:17:11+00:00]   [167/529] arizona-crj443 (crj443): fetching CCR course page
[2026-06-26T13:17:12+00:00]       CCR: CRJ 443 'CRJ443' (6 reviews, 0 profs named)
[2026-06-26T13:20:12+00:00]       catalog: no official match
[2026-06-26T13:20:12+00:00]       course slide search: 'Arizona State University CRJ 443 CRJ443 lecture slides'
[2026-06-26T13:21:21+00:00]       course search: 0 candidates, 0 decks
[2026-06-26T13:21:21+00:00]   [167/529] arizona-crj443: done
[2026-06-26T13:21:21+00:00]   [168/529] arizona-crj308 (crj308): fetching CCR course page
[2026-06-26T13:21:21+00:00]       CCR: CRJ 308 'CRJ308' (3 reviews, 0 profs named)
[2026-06-26T13:23:13+00:00]       catalog: no official match
[2026-06-26T13:23:13+00:00]       course slide search: 'Arizona State University CRJ 308 CRJ308 lecture slides'
[2026-06-26T13:24:22+00:00]       course search: 0 candidates, 0 decks
[2026-06-26T13:24:22+00:00]   [168/529] arizona-crj308: done
[2026-06-26T13:24:22+00:00]   [169/529] arizona-crj5xx (crj5xx): fetching CCR course page
[2026-06-26T13:24:22+00:00]       CCR: CRJ 5xx 'CRJ5XX' (5 reviews, 0 profs named)
[2026-06-26T13:26:56+00:00]       catalog: no official match
[2026-06-26T13:26:56+00:00]       course slide search: 'Arizona State University CRJ 5xx CRJ5XX lecture slides'
[2026-06-26T13:29:14+00:00]       course search: 0 candidates, 0 decks
[2026-06-26T13:29:14+00:00]   [169/529] arizona-crj5xx: done
[2026-06-26T13:29:14+00:00]   [170/529] arizona-crj511 (crj511): fetching CCR course page
[2026-06-26T13:29:15+00:00]       CCR: CRJ 511 'CRJ511' (4 reviews, 0 profs named)
[2026-06-26T13:32:15+00:00]       catalog: no official match
[2026-06-26T13:32:15+00:00]       course slide search: 'Arizona State University CRJ 511 CRJ511 lecture slides'
[2026-06-26T13:34:31+00:00]       course search: 0 candidates, 0 decks
[2026-06-26T13:34:31+00:00]   [170/529] arizona-crj511: done
[2026-06-26T13:34:31+00:00]   [171/529] arizona-crj100 (crj100): fetching CCR course page
[2026-06-26T13:34:32+00:00]       CCR: CRJ 100 'CRJ100' (11 reviews, 0 profs named)
[2026-06-26T13:36:50+00:00]       catalog: no official match
[2026-06-26T13:36:50+00:00]       course slide search: 'Arizona State University CRJ 100 CRJ100 lecture slides'
[2026-06-26T13:37:59+00:00]       course search: 0 candidates, 0 decks
[2026-06-26T13:37:59+00:00]   [171/529] arizona-crj100: done
[2026-06-26T13:37:59+00:00]   [172/529] arizona-crj240 (crj240): fetching CCR course page
[2026-06-26T13:38:00+00:00]       CCR: CRJ 240 'CRJ240' (9 reviews, 0 profs named)
[2026-06-26T13:39:50+00:00]       catalog: no official match
[2026-06-26T13:39:50+00:00]       course slide search: 'Arizona State University CRJ 240 CRJ240 lecture slides'
[2026-06-26T13:42:07+00:00]       course search: 0 candidates, 0 decks
[2026-06-26T13:42:07+00:00]   [172/529] arizona-crj240: done
[2026-06-26T13:42:07+00:00]   [173/529] arizona-crj303 (crj303): fetching CCR course page
[2026-06-26T13:42:08+00:00]       CCR: CRJ 303 'CRJ303' (23 reviews, 0 profs named)
[2026-06-26T13:45:35+00:00]       catalog: no official match
[2026-06-26T13:45:35+00:00]       course slide search: 'Arizona State University CRJ 303 CRJ303 lecture slides'
[2026-06-26T13:47:51+00:00]       course search: 0 candidates, 0 decks
[2026-06-26T13:47:51+00:00]   [173/529] arizona-crj303: done
[2026-06-26T13:47:51+00:00]   [174/529] arizona-crj309 (crj309): fetching CCR course page
[2026-06-26T13:47:53+00:00]       CCR: CRJ 309 'CJR309' (7 reviews, 0 profs named)
[2026-06-26T13:49:17+00:00]       catalog: no official match
[2026-06-26T13:49:17+00:00]       course slide search: 'Arizona State University CRJ 309 CJR309 lecture slides'
[2026-06-26T13:51:34+00:00]       course search: 0 candidates, 0 decks
[2026-06-26T13:51:34+00:00]   [174/529] arizona-crj309: done
[2026-06-26T13:51:34+00:00]   [175/529] arizona-fsh325 (fsh325): fetching CCR course page
[2026-06-26T13:51:34+00:00]       CCR: FSH 325 'FSH325' (13 reviews, 0 profs named)
[2026-06-26T13:52:58+00:00]       catalog: no official match
[2026-06-26T13:52:58+00:00]       course slide search: 'Arizona State University FSH 325 FSH325 lecture slides'
[2026-06-26T13:55:14+00:00]       course search: 0 candidates, 0 decks
[2026-06-26T13:55:14+00:00]   [175/529] arizona-fsh325: done
[2026-06-26T13:55:14+00:00]   [176/529] arizona-fsh125 (fsh125): fetching CCR course page
[2026-06-26T13:55:15+00:00]       CCR: FSH 125 'FSH125' (24 reviews, 0 profs named)
[2026-06-26T13:57:21+00:00]       catalog: no official match
[2026-06-26T13:57:21+00:00]       course slide search: 'Arizona State University FSH 125 FSH125 lecture slides'
[2026-06-26T13:59:39+00:00]       course search: 0 candidates, 0 decks
[2026-06-26T13:59:39+00:00]   [176/529] arizona-fsh125: done
[2026-06-26T13:59:39+00:00]   [177/529] arizona-gra294 (gra294): fetching CCR course page
[2026-06-26T13:59:39+00:00]       CCR: GRA 294 'GRA294' (13 reviews, 0 profs named)
[2026-06-26T14:01:03+00:00]       catalog: no official match
[2026-06-26T14:01:03+00:00]       course slide search: 'Arizona State University GRA 294 GRA294 lecture slides'
